###############################################################################
#
# IAR ELF Linker V8.40.2.214/W32 for ARM                  12/Jul/2025  01:46:30
# Copyright 2007-2019 IAR Systems AB.
#
#    Output file  =
#        C:\Users\huyvu\OneDrive -
#        hcmut.edu.vn\Desktop\Do2\Firmware\DLGER_F407_July.5.2025\Thesis_Prj\EWARM\DLGER_F407\Exe\DLGER_F407.out
#    Map file     =
#        C:\Users\huyvu\OneDrive -
#        hcmut.edu.vn\Desktop\Do2\Firmware\DLGER_F407_July.5.2025\Thesis_Prj\EWARM\DLGER_F407\List\DLGER_F407.map
#    Command line =
#        -f C:\Users\huyvu\AppData\Local\Temp\EWE445.tmp
#        ("C:\Users\huyvu\OneDrive -
#        hcmut.edu.vn\Desktop\Do2\Firmware\DLGER_F407_July.5.2025\Thesis_Prj\EWARM\DLGER_F407\Obj\ads1115.o"
#        "C:\Users\huyvu\OneDrive -
#        hcmut.edu.vn\Desktop\Do2\Firmware\DLGER_F407_July.5.2025\Thesis_Prj\EWARM\DLGER_F407\Obj\button.o"
#        "C:\Users\huyvu\OneDrive -
#        hcmut.edu.vn\Desktop\Do2\Firmware\DLGER_F407_July.5.2025\Thesis_Prj\EWARM\DLGER_F407\Obj\ccsbcs.o"
#        "C:\Users\huyvu\OneDrive -
#        hcmut.edu.vn\Desktop\Do2\Firmware\DLGER_F407_July.5.2025\Thesis_Prj\EWARM\DLGER_F407\Obj\diskio.o"
#        "C:\Users\huyvu\OneDrive -
#        hcmut.edu.vn\Desktop\Do2\Firmware\DLGER_F407_July.5.2025\Thesis_Prj\EWARM\DLGER_F407\Obj\fatfs.o"
#        "C:\Users\huyvu\OneDrive -
#        hcmut.edu.vn\Desktop\Do2\Firmware\DLGER_F407_July.5.2025\Thesis_Prj\EWARM\DLGER_F407\Obj\fatfs_sd.o"
#        "C:\Users\huyvu\OneDrive -
#        hcmut.edu.vn\Desktop\Do2\Firmware\DLGER_F407_July.5.2025\Thesis_Prj\EWARM\DLGER_F407\Obj\ff.o"
#        "C:\Users\huyvu\OneDrive -
#        hcmut.edu.vn\Desktop\Do2\Firmware\DLGER_F407_July.5.2025\Thesis_Prj\EWARM\DLGER_F407\Obj\ff_gen_drv.o"
#        "C:\Users\huyvu\OneDrive -
#        hcmut.edu.vn\Desktop\Do2\Firmware\DLGER_F407_July.5.2025\Thesis_Prj\EWARM\DLGER_F407\Obj\ILI9341_GFX.o"
#        "C:\Users\huyvu\OneDrive -
#        hcmut.edu.vn\Desktop\Do2\Firmware\DLGER_F407_July.5.2025\Thesis_Prj\EWARM\DLGER_F407\Obj\ILI9341_STM32_Driver.o"
#        "C:\Users\huyvu\OneDrive -
#        hcmut.edu.vn\Desktop\Do2\Firmware\DLGER_F407_July.5.2025\Thesis_Prj\EWARM\DLGER_F407\Obj\main.o"
#        "C:\Users\huyvu\OneDrive -
#        hcmut.edu.vn\Desktop\Do2\Firmware\DLGER_F407_July.5.2025\Thesis_Prj\EWARM\DLGER_F407\Obj\mcp23008.o"
#        "C:\Users\huyvu\OneDrive -
#        hcmut.edu.vn\Desktop\Do2\Firmware\DLGER_F407_July.5.2025\Thesis_Prj\EWARM\DLGER_F407\Obj\microsd.o"
#        "C:\Users\huyvu\OneDrive -
#        hcmut.edu.vn\Desktop\Do2\Firmware\DLGER_F407_July.5.2025\Thesis_Prj\EWARM\DLGER_F407\Obj\process.o"
#        "C:\Users\huyvu\OneDrive -
#        hcmut.edu.vn\Desktop\Do2\Firmware\DLGER_F407_July.5.2025\Thesis_Prj\EWARM\DLGER_F407\Obj\rtc.o"
#        "C:\Users\huyvu\OneDrive -
#        hcmut.edu.vn\Desktop\Do2\Firmware\DLGER_F407_July.5.2025\Thesis_Prj\EWARM\DLGER_F407\Obj\sht31.o"
#        "C:\Users\huyvu\OneDrive -
#        hcmut.edu.vn\Desktop\Do2\Firmware\DLGER_F407_July.5.2025\Thesis_Prj\EWARM\DLGER_F407\Obj\startup_stm32f407xx.o"
#        "C:\Users\huyvu\OneDrive -
#        hcmut.edu.vn\Desktop\Do2\Firmware\DLGER_F407_July.5.2025\Thesis_Prj\EWARM\DLGER_F407\Obj\stm32f4xx_hal.o"
#        "C:\Users\huyvu\OneDrive -
#        hcmut.edu.vn\Desktop\Do2\Firmware\DLGER_F407_July.5.2025\Thesis_Prj\EWARM\DLGER_F407\Obj\stm32f4xx_hal_cortex.o"
#        "C:\Users\huyvu\OneDrive -
#        hcmut.edu.vn\Desktop\Do2\Firmware\DLGER_F407_July.5.2025\Thesis_Prj\EWARM\DLGER_F407\Obj\stm32f4xx_hal_dma.o"
#        "C:\Users\huyvu\OneDrive -
#        hcmut.edu.vn\Desktop\Do2\Firmware\DLGER_F407_July.5.2025\Thesis_Prj\EWARM\DLGER_F407\Obj\stm32f4xx_hal_dma_ex.o"
#        "C:\Users\huyvu\OneDrive -
#        hcmut.edu.vn\Desktop\Do2\Firmware\DLGER_F407_July.5.2025\Thesis_Prj\EWARM\DLGER_F407\Obj\stm32f4xx_hal_exti.o"
#        "C:\Users\huyvu\OneDrive -
#        hcmut.edu.vn\Desktop\Do2\Firmware\DLGER_F407_July.5.2025\Thesis_Prj\EWARM\DLGER_F407\Obj\stm32f4xx_hal_flash.o"
#        "C:\Users\huyvu\OneDrive -
#        hcmut.edu.vn\Desktop\Do2\Firmware\DLGER_F407_July.5.2025\Thesis_Prj\EWARM\DLGER_F407\Obj\stm32f4xx_hal_flash_ex.o"
#        "C:\Users\huyvu\OneDrive -
#        hcmut.edu.vn\Desktop\Do2\Firmware\DLGER_F407_July.5.2025\Thesis_Prj\EWARM\DLGER_F407\Obj\stm32f4xx_hal_flash_ramfunc.o"
#        "C:\Users\huyvu\OneDrive -
#        hcmut.edu.vn\Desktop\Do2\Firmware\DLGER_F407_July.5.2025\Thesis_Prj\EWARM\DLGER_F407\Obj\stm32f4xx_hal_gpio.o"
#        "C:\Users\huyvu\OneDrive -
#        hcmut.edu.vn\Desktop\Do2\Firmware\DLGER_F407_July.5.2025\Thesis_Prj\EWARM\DLGER_F407\Obj\stm32f4xx_hal_i2c.o"
#        "C:\Users\huyvu\OneDrive -
#        hcmut.edu.vn\Desktop\Do2\Firmware\DLGER_F407_July.5.2025\Thesis_Prj\EWARM\DLGER_F407\Obj\stm32f4xx_hal_i2c_ex.o"
#        "C:\Users\huyvu\OneDrive -
#        hcmut.edu.vn\Desktop\Do2\Firmware\DLGER_F407_July.5.2025\Thesis_Prj\EWARM\DLGER_F407\Obj\stm32f4xx_hal_msp.o"
#        "C:\Users\huyvu\OneDrive -
#        hcmut.edu.vn\Desktop\Do2\Firmware\DLGER_F407_July.5.2025\Thesis_Prj\EWARM\DLGER_F407\Obj\stm32f4xx_hal_pwr.o"
#        "C:\Users\huyvu\OneDrive -
#        hcmut.edu.vn\Desktop\Do2\Firmware\DLGER_F407_July.5.2025\Thesis_Prj\EWARM\DLGER_F407\Obj\stm32f4xx_hal_pwr_ex.o"
#        "C:\Users\huyvu\OneDrive -
#        hcmut.edu.vn\Desktop\Do2\Firmware\DLGER_F407_July.5.2025\Thesis_Prj\EWARM\DLGER_F407\Obj\stm32f4xx_hal_rcc.o"
#        "C:\Users\huyvu\OneDrive -
#        hcmut.edu.vn\Desktop\Do2\Firmware\DLGER_F407_July.5.2025\Thesis_Prj\EWARM\DLGER_F407\Obj\stm32f4xx_hal_rcc_ex.o"
#        "C:\Users\huyvu\OneDrive -
#        hcmut.edu.vn\Desktop\Do2\Firmware\DLGER_F407_July.5.2025\Thesis_Prj\EWARM\DLGER_F407\Obj\stm32f4xx_hal_spi.o"
#        "C:\Users\huyvu\OneDrive -
#        hcmut.edu.vn\Desktop\Do2\Firmware\DLGER_F407_July.5.2025\Thesis_Prj\EWARM\DLGER_F407\Obj\stm32f4xx_hal_tim.o"
#        "C:\Users\huyvu\OneDrive -
#        hcmut.edu.vn\Desktop\Do2\Firmware\DLGER_F407_July.5.2025\Thesis_Prj\EWARM\DLGER_F407\Obj\stm32f4xx_hal_tim_ex.o"
#        "C:\Users\huyvu\OneDrive -
#        hcmut.edu.vn\Desktop\Do2\Firmware\DLGER_F407_July.5.2025\Thesis_Prj\EWARM\DLGER_F407\Obj\stm32f4xx_hal_timebase_tim.o"
#        "C:\Users\huyvu\OneDrive -
#        hcmut.edu.vn\Desktop\Do2\Firmware\DLGER_F407_July.5.2025\Thesis_Prj\EWARM\DLGER_F407\Obj\stm32f4xx_hal_uart.o"
#        "C:\Users\huyvu\OneDrive -
#        hcmut.edu.vn\Desktop\Do2\Firmware\DLGER_F407_July.5.2025\Thesis_Prj\EWARM\DLGER_F407\Obj\stm32f4xx_it.o"
#        "C:\Users\huyvu\OneDrive -
#        hcmut.edu.vn\Desktop\Do2\Firmware\DLGER_F407_July.5.2025\Thesis_Prj\EWARM\DLGER_F407\Obj\syscall.o"
#        "C:\Users\huyvu\OneDrive -
#        hcmut.edu.vn\Desktop\Do2\Firmware\DLGER_F407_July.5.2025\Thesis_Prj\EWARM\DLGER_F407\Obj\system_stm32f4xx.o"
#        "C:\Users\huyvu\OneDrive -
#        hcmut.edu.vn\Desktop\Do2\Firmware\DLGER_F407_July.5.2025\Thesis_Prj\EWARM\DLGER_F407\Obj\uart_ctrl.o"
#        "C:\Users\huyvu\OneDrive -
#        hcmut.edu.vn\Desktop\Do2\Firmware\DLGER_F407_July.5.2025\Thesis_Prj\EWARM\DLGER_F407\Obj\UI_process.o"
#        "C:\Users\huyvu\OneDrive -
#        hcmut.edu.vn\Desktop\Do2\Firmware\DLGER_F407_July.5.2025\Thesis_Prj\EWARM\DLGER_F407\Obj\user_diskio.o"
#        --no_out_extension -o "C:\Users\huyvu\OneDrive -
#        hcmut.edu.vn\Desktop\Do2\Firmware\DLGER_F407_July.5.2025\Thesis_Prj\EWARM\DLGER_F407\Exe\DLGER_F407.out"
#        --redirect _Printf=_PrintfFullNoMb --redirect _Scanf=_ScanfFullNoMb
#        --map "C:\Users\huyvu\OneDrive -
#        hcmut.edu.vn\Desktop\Do2\Firmware\DLGER_F407_July.5.2025\Thesis_Prj\EWARM\DLGER_F407\List\DLGER_F407.map"
#        --config "C:\Users\huyvu\OneDrive -
#        hcmut.edu.vn\Desktop\Do2\Firmware\DLGER_F407_July.5.2025\Thesis_Prj\EWARM/stm32f407xx_flash.icf"
#        --semihosting --entry __iar_program_start --vfe --text_out locale)
#
###############################################################################

*******************************************************************************
*** RUNTIME MODEL ATTRIBUTES
***

CppFlavor       = *
__SystemLibrary = DLib
__dlib_version  = 6


*******************************************************************************
*** HEAP SELECTION
***

The basic heap was selected because no calls to memory allocation
functions were found in the application outside of system library
functions, and there are calls to deallocation functions in the
application.


*******************************************************************************
*** PLACEMENT SUMMARY
***

"A0":  place at address 0x800'0000 { ro section .intvec };
"P1":  place in [from 0x800'0000 to 0x80f'ffff] { ro };
define block CSTACK with size = 1K, alignment = 8 { };
define block HEAP with size = 512, alignment = 8 { };
"P2":  place in [from 0x2000'0000 to 0x2001'ffff] {
          rw, block CSTACK, block HEAP };
initialize by copy { rw };

  Section            Kind         Address    Size  Object
  -------            ----         -------    ----  ------
"A0":                                       0x188
  .intvec            ro code   0x800'0000   0x188  startup_stm32f407xx.o [1]
                             - 0x800'0188   0x188

"P1":                                      0x85e5
  .text              ro code   0x800'0188   0xfc6  xprintffull_nomb.o [2]
  .text              ro code   0x800'114e    0x3a  zero_init3.o [4]
  .text              ro code   0x800'1188    0x16  strchr.o [4]
  .text              ro code   0x800'119e    0x1e  xsscin.o [2]
  .text              ro code   0x800'11bc    0x40  xfail_s.o [2]
  .text              ro code   0x800'11fc    0x14  strlen_small.o [4]
  .text              ro code   0x800'1210    0x58  memchr.o [4]
  .text              ro code   0x800'1268    0x18  ABImemcpy_small.o [4]
  .text              ro code   0x800'1280    0x70  frexp.o [3]
  .text              ro code   0x800'12f0    0x2e  DblCmpLe.o [3]
  .text              ro code   0x800'131e    0x1a  xsnprout.o [2]
  .text              ro code   0x800'1338    0x2e  DblCmpGe.o [3]
  .text              ro code   0x800'1366     0xa  xsprout.o [2]
  .text              ro code   0x800'1370   0x13a  ldexp.o [3]
  .rodata            const     0x800'14aa     0x2  xlocale_c.o [2]
  .text              ro code   0x800'14ac    0x3a  DblToS32.o [3]
  .rodata            const     0x800'14e6     0x2  xlocale_c.o [2]
  .text              ro code   0x800'14e8    0x22  S32ToDbl.o [3]
  .rodata            const     0x800'150a     0x1  xlocale_c.o [2]
  .text              ro code   0x800'150c    0xe2  DblSub.o [3]
  .text              ro code   0x800'15f0   0x246  DblDiv.o [3]
  .text              ro code   0x800'1838    0x28  DblToU32.o [3]
  .text              ro code   0x800'1860    0x1a  U32ToDbl.o [3]
  .text              ro code   0x800'187c   0x1a2  DblMul.o [3]
  .text              ro code   0x800'1a20    0x4c  xlocale_c.o [2]
  .text              ro code   0x800'1a6c   0x106  I64DivMod_small.o [4]
  .text              ro code   0x800'1b72     0x6  abort.o [2]
  .text              ro code   0x800'1b78   0x17a  DblAdd.o [3]
  .text              ro code   0x800'1cf4     0x2  I64DivZer.o [4]
  .text              ro code   0x800'1cf8    0x14  exit.o [5]
  .text              ro code   0x800'1d0c   0xdbc  xscanffull_nomb.o [2]
  .text              ro code   0x800'2ac8    0x14  isspace.o [2]
  .text              ro code   0x800'2adc    0x14  isalpha.o [2]
  .text              ro code   0x800'2af0   0x4f0  strto64.o [3]
  .text              ro code   0x800'2fe0    0x68  DblToFlt.o [3]
  .text              ro code   0x800'3048   0x1b2  iar_Stoullx.o [2]
  .text              ro code   0x800'31fc    0xa6  iar_Stollx.o [2]
  .text              ro code   0x800'32a2   0x122  iar_Stopfx.o [2]
  .text              ro code   0x800'33c4   0x1b8  iar_Stoflt.o [2]
  .text              ro code   0x800'357c   0x208  iar_Stoxflt.o [2]
  .text              ro code   0x800'3784    0x14  tolower.o [2]
  .text              ro code   0x800'3798   0xce6  stm32f4xx_hal_i2c.o [1]
  .text              ro code   0x800'4480   0x264  stm32f4xx_hal_msp.o [1]
  .text              ro code   0x800'46e4   0x1e4  stm32f4xx_hal_rcc.o [1]
  .text              ro code   0x800'48c8     0xc  stm32f4xx_hal.o [1]
  .text              ro code   0x800'48d4   0x226  stm32f4xx_hal_gpio.o [1]
  .text              ro code   0x800'4afa    0x14  memset.o [4]
  .text              ro code   0x800'4b10    0x98  stm32f4xx_hal_cortex.o [1]
  .text              ro code   0x800'4ba8    0xa0  stm32f4xx_hal_timebase_tim.o [1]
  .text              ro code   0x800'4c48    0x66  ABImemset.o [4]
  .text              ro code   0x800'4cb0   0x2f6  stm32f4xx_hal_tim.o [1]
  .text              ro code   0x800'4fa6     0x2  stm32f4xx_hal_tim.o [1]
  .text              ro code   0x800'4fa8     0x2  stm32f4xx_hal_tim.o [1]
  .text              ro code   0x800'4fac   0x9bc  process.o [1]
  .text              ro code   0x800'5968     0x2  stm32f4xx_hal_tim_ex.o [1]
  .text              ro code   0x800'596a     0x2  stm32f4xx_hal_tim.o [1]
  .text              ro code   0x800'596c     0x2  stm32f4xx_hal_tim_ex.o [1]
  .text              ro code   0x800'596e     0x2  stm32f4xx_hal_tim.o [1]
  .text              ro code   0x800'5970    0x34  stm32f4xx_hal.o [1]
  .text              ro code   0x800'59a4     0x6  ABImemclr4.o [4]
  .text              ro code   0x800'59ac   0x52c  stm32f4xx_hal_spi.o [1]
  .text              ro code   0x800'5ed8   0x6dc  stm32f4xx_hal_uart.o [1]
  .text              ro code   0x800'65b4    0x18  fatfs.o [1]
  .text              ro code   0x800'65cc    0x28  stm32f4xx_hal.o [1]
  .text              ro code   0x800'65f4   0x260  ads1115.o [1]
  .text              ro code   0x800'6854    0xac  mcp23008.o [1]
  .text              ro code   0x800'6900   0x158  rtc.o [1]
  .text              ro code   0x800'6a58    0x44  snprintf.o [2]
  .text              ro code   0x800'6a9c    0x48  FltToDbl.o [3]
  .text              ro code   0x800'6ae4    0x40  sprintf.o [2]
  .text              ro code   0x800'6b24   0x31c  stm32f4xx_hal_rcc.o [1]
  .text              ro code   0x800'6e40    0x10  stm32f4xx_hal.o [1]
  .text              ro code   0x800'6e50    0x32  ABImemset48.o [4]
  .text              ro code   0x800'6e84    0xc2  stm32f4xx_hal_dma.o [1]
  .text              ro code   0x800'6f46     0x2  stm32f4xx_hal_uart.o [1]
  .text              ro code   0x800'6f48     0x2  stm32f4xx_hal_uart.o [1]
  .text              ro code   0x800'6f4a     0x2  stm32f4xx_hal_uart.o [1]
  .text              ro code   0x800'6f4c   0x380  uart_ctrl.o [1]
  .text              ro code   0x800'72cc    0x40  ff_gen_drv.o [1]
  .text              ro code   0x800'730c    0x28  strncmp.o [2]
  .text              ro code   0x800'7334    0x28  sscanf.o [2]
  .text              ro code   0x800'735c   0x570  fatfs_sd.o [1]
  .text              ro code   0x800'78cc   0x532  ILI9341_STM32_Driver.o [1]
  .rodata            const     0x800'7e00   0x240  ILI9341_GFX.o [1]
  .text              ro code   0x800'8040   0x158  UI_process.o [1]
  .text              ro code   0x800'8198    0xcc  ILI9341_GFX.o [1]
  .rodata            const     0x800'8264    0xa8  process.o [1]
  .text              ro code   0x800'830c    0x78  lz77_init_single.o [4]
  .rodata            const     0x800'8384    0x50  iar_Stoullx.o [2]
  .text              ro code   0x800'83d4    0x50  stm32f4xx_it.o [1]
  .rodata            const     0x800'8424    0x24  xscanffull_nomb.o [2]
  .rodata            const     0x800'8448    0x48  strto64.o [3]
  .rodata            const     0x800'8490    0x28  xscanffull_nomb.o [2]
  .text              ro code   0x800'84b8    0x28  data_init.o [4]
  .text              ro code   0x800'84e0    0x22  fpinit_M.o [3]
  .iar.init_table    const     0x800'8504    0x20  - Linker created -
  .text              ro code   0x800'8524    0x20  system_stm32f4xx.o [1]
  .text              ro code   0x800'8544    0x1e  cmain.o [4]
  .text              ro code   0x800'8562     0x4  low_level_init.o [2]
  .text              ro code   0x800'8566    0x14  main.o [1]
  .text              ro code   0x800'857a     0x4  exit.o [2]
  .text              ro code   0x800'8580     0xa  cexit.o [4]
  .text              ro code   0x800'858a    0x14  user_diskio.o [1]
  .text              ro code   0x800'85a0    0x10  startup_stm32f407xx.o [1]
  .text              ro code   0x800'85b0     0xc  cstartup_M.o [4]
  .rodata            const     0x800'85bc     0x8  system_stm32f4xx.o [1]
  .rodata            const     0x800'85c4     0x8  xprintffull_nomb.o [2]
  .text              ro code   0x800'85cc     0x4  startup_stm32f407xx.o [1]
  .text              ro code   0x800'85d0     0x4  startup_stm32f407xx.o [1]
  .text              ro code   0x800'85d4     0x4  startup_stm32f407xx.o [1]
  .text              ro code   0x800'85d8     0x4  startup_stm32f407xx.o [1]
  .text              ro code   0x800'85dc     0x4  startup_stm32f407xx.o [1]
  .text              ro code   0x800'85e0     0x4  startup_stm32f407xx.o [1]
  .text              ro code   0x800'85e4     0x4  startup_stm32f407xx.o [1]
  .text              ro code   0x800'85e8     0x4  startup_stm32f407xx.o [1]
  .text              ro code   0x800'85ec     0x4  startup_stm32f407xx.o [1]
  .text              ro code   0x800'85f0     0x4  startup_stm32f407xx.o [1]
  .text              ro code   0x800'85f4     0x4  startup_stm32f407xx.o [1]
  .text              ro code   0x800'85f8     0x4  startup_stm32f407xx.o [1]
  .text              ro code   0x800'85fc     0x4  startup_stm32f407xx.o [1]
  .text              ro code   0x800'8600     0x4  startup_stm32f407xx.o [1]
  .text              ro code   0x800'8604     0x4  startup_stm32f407xx.o [1]
  .text              ro code   0x800'8608     0x4  startup_stm32f407xx.o [1]
  .text              ro code   0x800'860c     0x4  startup_stm32f407xx.o [1]
  .text              ro code   0x800'8610     0x4  startup_stm32f407xx.o [1]
  .text              ro code   0x800'8614     0x4  startup_stm32f407xx.o [1]
  .text              ro code   0x800'8618     0x4  startup_stm32f407xx.o [1]
  .text              ro code   0x800'861c     0x4  startup_stm32f407xx.o [1]
  .text              ro code   0x800'8620     0x4  startup_stm32f407xx.o [1]
  .text              ro code   0x800'8624     0x4  startup_stm32f407xx.o [1]
  .text              ro code   0x800'8628     0x4  startup_stm32f407xx.o [1]
  .text              ro code   0x800'862c     0x4  startup_stm32f407xx.o [1]
  .text              ro code   0x800'8630     0x4  startup_stm32f407xx.o [1]
  .text              ro code   0x800'8634     0x4  startup_stm32f407xx.o [1]
  .text              ro code   0x800'8638     0x4  startup_stm32f407xx.o [1]
  .text              ro code   0x800'863c     0x4  startup_stm32f407xx.o [1]
  .text              ro code   0x800'8640     0x4  startup_stm32f407xx.o [1]
  .text              ro code   0x800'8644     0x4  startup_stm32f407xx.o [1]
  .text              ro code   0x800'8648     0x4  startup_stm32f407xx.o [1]
  .text              ro code   0x800'864c     0x4  startup_stm32f407xx.o [1]
  .text              ro code   0x800'8650     0x4  startup_stm32f407xx.o [1]
  .text              ro code   0x800'8654     0x4  startup_stm32f407xx.o [1]
  .text              ro code   0x800'8658     0x4  startup_stm32f407xx.o [1]
  .text              ro code   0x800'865c     0x4  startup_stm32f407xx.o [1]
  .text              ro code   0x800'8660     0x4  startup_stm32f407xx.o [1]
  .text              ro code   0x800'8664     0x4  startup_stm32f407xx.o [1]
  .text              ro code   0x800'8668     0x4  startup_stm32f407xx.o [1]
  .text              ro code   0x800'866c     0x4  startup_stm32f407xx.o [1]
  .text              ro code   0x800'8670     0x4  startup_stm32f407xx.o [1]
  .text              ro code   0x800'8674     0x4  startup_stm32f407xx.o [1]
  .text              ro code   0x800'8678     0x4  startup_stm32f407xx.o [1]
  .text              ro code   0x800'867c     0x4  startup_stm32f407xx.o [1]
  .text              ro code   0x800'8680     0x4  startup_stm32f407xx.o [1]
  .text              ro code   0x800'8684     0x4  startup_stm32f407xx.o [1]
  .text              ro code   0x800'8688     0x4  startup_stm32f407xx.o [1]
  .text              ro code   0x800'868c     0x4  startup_stm32f407xx.o [1]
  .text              ro code   0x800'8690     0x4  startup_stm32f407xx.o [1]
  .text              ro code   0x800'8694     0x4  startup_stm32f407xx.o [1]
  .text              ro code   0x800'8698     0x4  startup_stm32f407xx.o [1]
  .text              ro code   0x800'869c     0x4  startup_stm32f407xx.o [1]
  .text              ro code   0x800'86a0     0x4  startup_stm32f407xx.o [1]
  .text              ro code   0x800'86a4     0x4  startup_stm32f407xx.o [1]
  .text              ro code   0x800'86a8     0x4  startup_stm32f407xx.o [1]
  .text              ro code   0x800'86ac     0x4  startup_stm32f407xx.o [1]
  .text              ro code   0x800'86b0     0x4  startup_stm32f407xx.o [1]
  .text              ro code   0x800'86b4     0x4  startup_stm32f407xx.o [1]
  .text              ro code   0x800'86b8     0x4  startup_stm32f407xx.o [1]
  .text              ro code   0x800'86bc     0x4  startup_stm32f407xx.o [1]
  .text              ro code   0x800'86c0     0x4  startup_stm32f407xx.o [1]
  .text              ro code   0x800'86c4     0x4  startup_stm32f407xx.o [1]
  .text              ro code   0x800'86c8     0x4  startup_stm32f407xx.o [1]
  .text              ro code   0x800'86cc     0x4  startup_stm32f407xx.o [1]
  .text              ro code   0x800'86d0     0x4  startup_stm32f407xx.o [1]
  .text              ro code   0x800'86d4     0x4  startup_stm32f407xx.o [1]
  .text              ro code   0x800'86d8     0x4  startup_stm32f407xx.o [1]
  .text              ro code   0x800'86dc     0x4  startup_stm32f407xx.o [1]
  .text              ro code   0x800'86e0     0x4  startup_stm32f407xx.o [1]
  .text              ro code   0x800'86e4     0x4  startup_stm32f407xx.o [1]
  .text              ro code   0x800'86e8     0x4  startup_stm32f407xx.o [1]
  .text              ro code   0x800'86ec     0x4  startup_stm32f407xx.o [1]
  .text              ro code   0x800'86f0     0x4  startup_stm32f407xx.o [1]
  .text              ro code   0x800'86f4     0x4  startup_stm32f407xx.o [1]
  .rodata            const     0x800'86f8     0x0  zero_init3.o [4]
  .rodata            const     0x800'86f8     0x0  lz77_init_single.o [4]
  Initializer bytes  const     0x800'86f8    0x75  <for P2-1>
                             - 0x800'876d  0x85e5

"P2", part 1 of 3:                          0x3da
  P2-1                        0x2000'0000   0x3da  <Init block>
    .data            inited   0x2000'0000    0x64  ads1115.o [1]
    .data            inited   0x2000'0064   0x18d  process.o [1]
    .data            inited   0x2000'01f4    0x88  process.o [1]
    .data            inited   0x2000'027c     0xc  stm32f4xx_hal.o [1]
    .data            inited   0x2000'0288     0x4  system_stm32f4xx.o [1]
    .data            inited   0x2000'028c    0x68  uart_ctrl.o [1]
    .data            inited   0x2000'02f4    0x48  UI_process.o [1]
    .data            inited   0x2000'033c    0x14  user_diskio.o [1]
    .data            inited   0x2000'0350    0x38  xlocale_c.o [2]
    .data            inited   0x2000'0388    0x48  xlocale_c.o [2]
    .data            inited   0x2000'03d0     0x6  fatfs_sd.o [1]
    .data            inited   0x2000'03d6     0x4  ILI9341_STM32_Driver.o [1]
                            - 0x2000'03da   0x3da

"P2", part 2 of 3:                          0x2dc
  .bss               zero     0x2000'03dc   0x1f4  ILI9341_STM32_Driver.o [1]
  .bss               zero     0x2000'05d0    0x80  process.o [1]
  .bss               zero     0x2000'0650    0x48  stm32f4xx_hal_timebase_tim.o [1]
  .bss               zero     0x2000'0698     0xc  ff_gen_drv.o [1]
  .bss               zero     0x2000'06a4     0x8  fatfs.o [1]
  .bss               zero     0x2000'06ac     0x4  rtc.o [1]
  .bss               zero     0x2000'06b0     0x4  xfail_s.o [2]
  .bss               zero     0x2000'06b4     0x2  fatfs_sd.o [1]
                            - 0x2000'06b6   0x2da

"P2", part 3 of 3:                          0x400
  CSTACK                      0x2000'06b8   0x400  <Block>
    CSTACK           uninit   0x2000'06b8   0x400  <Block tail>
                            - 0x2000'0ab8   0x400

Unused ranges:

         From           To      Size
         ----           --      ----
   0x800'876d   0x80f'ffff  0xf'7893
  0x2000'03da  0x2000'03db       0x2
  0x2000'0ab8  0x2001'ffff  0x1'f548


*******************************************************************************
*** INIT TABLE
***

          Address      Size
          -------      ----
Zero (__iar_zero_init3)
    1 destination range, total size 0x2da:
          0x2000'03dc  0x2da

Copy/lz77 (__iar_lz77_init_single3)
    1 source range, total size 0x75 (11% of destination):
           0x800'86f8   0x75
    1 destination range, total size 0x3da:
          0x2000'0000  0x3da



*******************************************************************************
*** MODULE SUMMARY
***

    Module                        ro code  ro data  rw data
    ------                        -------  -------  -------
command line/config:
    -------------------------------------------------------
    Total:

C:\Users\huyvu\OneDrive - hcmut.edu.vn\Desktop\Do2\Firmware\DLGER_F407_July.5.2025\Thesis_Prj\EWARM\DLGER_F407\Obj: [1]
    ILI9341_GFX.o                     204      576
    ILI9341_STM32_Driver.o          1'330        1      504
    UI_process.o                      344        9       72
    ads1115.o                         608       11      100
    fatfs.o                            24                 8
    fatfs_sd.o                      1'392        1        8
    ff_gen_drv.o                       64                12
    main.o                             20
    mcp23008.o                        172
    process.o                       2'492      232      661
    rtc.o                             344                 4
    startup_stm32f407xx.o             708
    stm32f4xx_hal.o                   120        1       12
    stm32f4xx_hal_cortex.o            152
    stm32f4xx_hal_dma.o               194
    stm32f4xx_hal_gpio.o              550
    stm32f4xx_hal_i2c.o             3'302
    stm32f4xx_hal_msp.o               612
    stm32f4xx_hal_rcc.o             1'280
    stm32f4xx_hal_spi.o             1'324
    stm32f4xx_hal_tim.o               766
    stm32f4xx_hal_tim_ex.o              4
    stm32f4xx_hal_timebase_tim.o      160                72
    stm32f4xx_hal_uart.o            1'762
    stm32f4xx_it.o                     80
    system_stm32f4xx.o                 32        9        4
    uart_ctrl.o                       896       12      104
    user_diskio.o                      20        2       20
    -------------------------------------------------------
    Total:                         18'956      854    1'581

dl7M_tlf.a: [2]
    abort.o                             6
    exit.o                              4
    iar_Stoflt.o                      440
    iar_Stollx.o                      166
    iar_Stopfx.o                      290
    iar_Stoullx.o                     434       80
    iar_Stoxflt.o                     520
    isalpha.o                          20
    isspace.o                          20
    low_level_init.o                    4
    snprintf.o                         68
    sprintf.o                          64
    sscanf.o                           40
    strncmp.o                          40
    tolower.o                          20
    xfail_s.o                          64                 4
    xlocale_c.o                        76       20      128
    xprintffull_nomb.o              4'038        8
    xscanffull_nomb.o               3'516       76
    xsnprout.o                         26
    xsprout.o                          10
    xsscin.o                           30
    -------------------------------------------------------
    Total:                          9'896      184      132

m7M_tls.a: [3]
    DblAdd.o                          378
    DblCmpGe.o                         46
    DblCmpLe.o                         46
    DblDiv.o                          582
    DblMul.o                          418
    DblSub.o                          226
    DblToFlt.o                        104
    DblToS32.o                         58
    DblToU32.o                         40
    FltToDbl.o                         72
    S32ToDbl.o                         34
    U32ToDbl.o                         26
    fpinit_M.o                         34
    frexp.o                           112
    ldexp.o                           314
    strto64.o                       1'264       72
    -------------------------------------------------------
    Total:                          3'754       72

rt7M_tl.a: [4]
    ABImemclr4.o                        6
    ABImemcpy_small.o                  24
    ABImemset.o                       102
    ABImemset48.o                      50
    I64DivMod_small.o                 262
    I64DivZer.o                         2
    cexit.o                            10
    cmain.o                            30
    cstartup_M.o                       12
    data_init.o                        40
    lz77_init_single.o                120
    memchr.o                           88
    memset.o                           20
    strchr.o                           22
    strlen_small.o                     20
    zero_init3.o                       58
    -------------------------------------------------------
    Total:                            866

shb_l.a: [5]
    exit.o                             20
    -------------------------------------------------------
    Total:                             20

    Gaps                               31        4        3
    Linker created                              32    1'024
-----------------------------------------------------------
    Grand Total:                   33'523    1'146    2'740


*******************************************************************************
*** ENTRY LIST
***

Entry                       Address   Size  Type      Object
-----                       -------   ----  ----      ------
.iar.init_table$$Base    0x800'8504          --   Gb  - Linker created -
.iar.init_table$$Limit   0x800'8524          --   Gb  - Linker created -
?main                    0x800'8545         Code  Gb  cmain.o [4]
ADS1115_I2C_Handler     0x2000'0010   0x54  Data  Gb  ads1115.o [1]
ADS1115_Init_C0          0x800'65f5   0x56  Code  Gb  ads1115.o [1]
ADS1115_Init_C1          0x800'664b   0x56  Code  Gb  ads1115.o [1]
ADS1115_config          0x2000'0000    0x2  Data  Gb  ads1115.o [1]
ADS1115_dataRate        0x2000'0006    0x2  Data  Gb  ads1115.o [1]
ADS1115_devAddress0     0x2000'0004    0x1  Data  Gb  ads1115.o [1]
ADS1115_devAddress1     0x2000'0005    0x1  Data  Gb  ads1115.o [1]
ADS1115_pga             0x2000'0008    0x2  Data  Gb  ads1115.o [1]
ADS1115_rawValue        0x2000'0002    0x2  Data  Gb  ads1115.o [1]
ADS1115_readSingleEnded_C0
                         0x800'66c7   0x46  Code  Gb  ads1115.o [1]
ADS1115_readSingleEnded_C1
                         0x800'670d   0x46  Code  Gb  ads1115.o [1]
ADS1115_voltCoef        0x2000'000c    0x4  Data  Gb  ads1115.o [1]
AHBPrescTable            0x800'8534   0x10  Data  Gb  system_stm32f4xx.o [1]
APBPrescTable            0x800'85bc    0x8  Data  Gb  system_stm32f4xx.o [1]
BCD_to_Dec               0x800'6901   0x10  Code  Lc  rtc.o [1]
BusFault_Handler         0x800'83db    0x2  Code  Gb  stm32f4xx_it.o [1]
CSTACK$$Base            0x2000'06b8          --   Gb  - Linker created -
CSTACK$$Limit           0x2000'0ab8          --   Gb  - Linker created -
CardType                0x2000'03d1    0x1  Data  Lc  fatfs_sd.o [1]
DESELECT                 0x800'7363    0x4  Code  Lc  fatfs_sd.o [1]
Data_RX                 0x2000'05d0   0x80  Data  Gb  process.o [1]
DebugMon_Handler         0x800'83e1    0x2  Code  Gb  stm32f4xx_it.o [1]
Dec_to_BCD               0x800'6911   0x14  Code  Lc  rtc.o [1]
Dtentox                  0x800'2bc5  0x234  Code  Lc  strto64.o [3]
EXTI15_10_IRQHandler     0x800'55d9   0xec  Code  Gb  process.o [1]
EXTI9_5_IRQHandler       0x800'83e7   0x14  Code  Gb  stm32f4xx_it.o [1]
Error_Handler            0x800'582d    0x4  Code  Gb  process.o [1]
FATFS_LinkDriver         0x800'7305    0x4  Code  Gb  ff_gen_drv.o [1]
FATFS_LinkDriverEx       0x800'72cd   0x38  Code  Gb  ff_gen_drv.o [1]
HAL_DMA_Abort            0x800'6e85   0x78  Code  Gb  stm32f4xx_hal_dma.o [1]
HAL_DMA_Abort_IT         0x800'6efd   0x24  Code  Gb  stm32f4xx_hal_dma.o [1]
HAL_Delay                0x800'65cd   0x28  Code  Wk  stm32f4xx_hal.o [1]
HAL_GPIO_EXTI_IRQHandler
                         0x800'4ab9   0x10  Code  Gb  stm32f4xx_hal_gpio.o [1]
HAL_GPIO_Init            0x800'48d5  0x1c0  Code  Gb  stm32f4xx_hal_gpio.o [1]
HAL_GPIO_ReadPin         0x800'4a95    0xc  Code  Gb  stm32f4xx_hal_gpio.o [1]
HAL_GPIO_TogglePin       0x800'4aa9   0x10  Code  Gb  stm32f4xx_hal_gpio.o [1]
HAL_GPIO_WritePin        0x800'4aa1    0x8  Code  Gb  stm32f4xx_hal_gpio.o [1]
HAL_GetTick              0x800'48c9    0xc  Code  Wk  stm32f4xx_hal.o [1]
HAL_I2C_Init             0x800'3799  0x12c  Code  Gb  stm32f4xx_hal_i2c.o [1]
HAL_I2C_IsDeviceReady    0x800'3fa5  0x112  Code  Gb  stm32f4xx_hal_i2c.o [1]
HAL_I2C_Master_Receive   0x800'39f7  0x1b2  Code  Gb  stm32f4xx_hal_i2c.o [1]
HAL_I2C_Master_Transmit
                         0x800'38d1  0x126  Code  Gb  stm32f4xx_hal_i2c.o [1]
HAL_I2C_Mem_Read         0x800'3d99  0x120  Code  Gb  stm32f4xx_hal_i2c.o [1]
HAL_I2C_Mem_Write        0x800'3c65   0xd0  Code  Gb  stm32f4xx_hal_i2c.o [1]
HAL_I2C_MspInit          0x800'44b5   0x5e  Code  Gb  stm32f4xx_hal_msp.o [1]
HAL_IncTick              0x800'6e41   0x10  Code  Wk  stm32f4xx_hal.o [1]
HAL_Init                 0x800'5971   0x30  Code  Gb  stm32f4xx_hal.o [1]
HAL_InitTick             0x800'4ba9   0x8a  Code  Gb  stm32f4xx_hal_timebase_tim.o [1]
HAL_MspInit              0x800'4481   0x34  Code  Gb  stm32f4xx_hal_msp.o [1]
HAL_NVIC_EnableIRQ       0x800'4b7f   0x16  Code  Gb  stm32f4xx_hal_cortex.o [1]
HAL_NVIC_SetPriority     0x800'4b45   0x3a  Code  Gb  stm32f4xx_hal_cortex.o [1]
HAL_NVIC_SetPriorityGrouping
                         0x800'4b2b   0x1a  Code  Gb  stm32f4xx_hal_cortex.o [1]
HAL_RCC_ClockConfig      0x800'46e5  0x100  Code  Gb  stm32f4xx_hal_rcc.o [1]
HAL_RCC_GetClockConfig   0x800'4815   0x36  Code  Gb  stm32f4xx_hal_rcc.o [1]
HAL_RCC_GetPCLK1Freq     0x800'47f1   0x10  Code  Gb  stm32f4xx_hal_rcc.o [1]
HAL_RCC_GetPCLK2Freq     0x800'4801    0xe  Code  Gb  stm32f4xx_hal_rcc.o [1]
HAL_RCC_OscConfig        0x800'6b25  0x31c  Code  Wk  stm32f4xx_hal_rcc.o [1]
HAL_SPI_Init             0x800'59ad   0xb4  Code  Gb  stm32f4xx_hal_spi.o [1]
HAL_SPI_MspInit          0x800'4543   0x5c  Code  Gb  stm32f4xx_hal_msp.o [1]
HAL_SPI_Transmit         0x800'5a61  0x130  Code  Gb  stm32f4xx_hal_spi.o [1]
HAL_SPI_TransmitReceive
                         0x800'5ba5  0x1a4  Code  Gb  stm32f4xx_hal_spi.o [1]
HAL_TIMEx_BreakCallback
                         0x800'5969    0x2  Code  Wk  stm32f4xx_hal_tim_ex.o [1]
HAL_TIMEx_CommutCallback
                         0x800'596d    0x2  Code  Wk  stm32f4xx_hal_tim_ex.o [1]
HAL_TIM_Base_Init        0x800'4cb1   0x1a  Code  Gb  stm32f4xx_hal_tim.o [1]
HAL_TIM_Base_Start_IT    0x800'4ccb   0x7c  Code  Gb  stm32f4xx_hal_tim.o [1]
HAL_TIM_IRQHandler       0x800'4d91  0x142  Code  Gb  stm32f4xx_hal_tim.o [1]
HAL_TIM_PeriodElapsedCallback
                         0x800'57b5    0xe  Code  Gb  process.o [1]
HAL_UART_IRQHandler      0x800'604b  0x26a  Code  Gb  stm32f4xx_hal_uart.o [1]
HAL_UART_Init            0x800'5ed9   0x1e  Code  Gb  stm32f4xx_hal_uart.o [1]
HAL_UART_MspInit         0x800'45ab   0xe2  Code  Gb  stm32f4xx_hal_msp.o [1]
HAL_UART_Receive_IT      0x800'5fff   0x30  Code  Gb  stm32f4xx_hal_uart.o [1]
HAL_UART_RxCpltCallback
                         0x800'711f   0x4c  Code  Gb  uart_ctrl.o [1]
HAL_UART_Transmit        0x800'5f4f   0xb0  Code  Gb  stm32f4xx_hal_uart.o [1]
HardFault_Handler        0x800'83d7    0x2  Code  Gb  stm32f4xx_it.o [1]
I2C_IsAcknowledgeFailed
                         0x800'4453   0x2c  Code  Lc  stm32f4xx_hal_i2c.o [1]
I2C_RequestMemoryRead    0x800'41ab   0xae  Code  Lc  stm32f4xx_hal_i2c.o [1]
I2C_RequestMemoryWrite   0x800'410d   0x84  Code  Lc  stm32f4xx_hal_i2c.o [1]
I2C_WaitOnBTFFlagUntilTimeout
                         0x800'43c1   0x3a  Code  Lc  stm32f4xx_hal_i2c.o [1]
I2C_WaitOnFlagUntilTimeout
                         0x800'4299   0x50  Code  Lc  stm32f4xx_hal_i2c.o [1]
I2C_WaitOnMasterAddressFlagUntilTimeout
                         0x800'42e9   0x74  Code  Lc  stm32f4xx_hal_i2c.o [1]
I2C_WaitOnRXNEFlagUntilTimeout
                         0x800'43fb   0x44  Code  Lc  stm32f4xx_hal_i2c.o [1]
I2C_WaitOnTXEFlagUntilTimeout
                         0x800'436b   0x3a  Code  Lc  stm32f4xx_hal_i2c.o [1]
ILI9341_Draw_Char        0x800'8199   0x90  Code  Gb  ILI9341_GFX.o [1]
ILI9341_Draw_Colour_Burst
                         0x800'7c17   0x74  Code  Gb  ILI9341_STM32_Driver.o [1]
ILI9341_Draw_Colour_Burst::burst_buffer
                        0x2000'03dc  0x1f4  Data  Lc  ILI9341_STM32_Driver.o [1]
ILI9341_Draw_Pixel       0x800'7cab   0xd8  Code  Gb  ILI9341_STM32_Driver.o [1]
ILI9341_Draw_Rectangle   0x800'7d97   0x50  Code  Gb  ILI9341_STM32_Driver.o [1]
ILI9341_Draw_Text        0x800'8229   0x38  Code  Gb  ILI9341_GFX.o [1]
ILI9341_Fill_Screen      0x800'7c8b   0x20  Code  Gb  ILI9341_STM32_Driver.o [1]
ILI9341_Init             0x800'7a09  0x20a  Code  Gb  ILI9341_STM32_Driver.o [1]
ILI9341_Reset            0x800'797f   0x2c  Code  Gb  ILI9341_STM32_Driver.o [1]
ILI9341_SPI_Send         0x800'78cd    0xc  Code  Gb  ILI9341_STM32_Driver.o [1]
ILI9341_Set_Address      0x800'7931   0x4e  Code  Gb  ILI9341_STM32_Driver.o [1]
ILI9341_Set_Rotation     0x800'79c1   0x48  Code  Gb  ILI9341_STM32_Driver.o [1]
ILI9341_Write_Command    0x800'78e3   0x1a  Code  Gb  ILI9341_STM32_Driver.o [1]
ILI9341_Write_Data       0x800'78fd   0x18  Code  Gb  ILI9341_STM32_Driver.o [1]
Index                   0x2000'028e    0x1  Data  Gb  uart_ctrl.o [1]
LCD_HEIGHT              0x2000'03d6    0x2  Data  Gb  ILI9341_STM32_Driver.o [1]
LCD_WIDTH               0x2000'03d8    0x2  Data  Gb  ILI9341_STM32_Driver.o [1]
MCP23008_Init            0x800'689f    0xa  Code  Gb  mcp23008.o [1]
MCP23008_PinMode         0x800'68ad   0x2a  Code  Gb  mcp23008.o [1]
MCP23008_PullUp          0x800'68d7   0x2a  Code  Gb  mcp23008.o [1]
MCP23008_ReadGPIO        0x800'68a9    0x4  Code  Gb  mcp23008.o [1]
MCP23008_ReadRegister    0x800'6871   0x2e  Code  Lc  mcp23008.o [1]
MCP23008_WriteRegister   0x800'6855   0x1c  Code  Lc  mcp23008.o [1]
MX_FATFS_Init            0x800'65b5   0x10  Code  Gb  fatfs.o [1]
MemManage_Handler        0x800'83d9    0x2  Code  Gb  stm32f4xx_it.o [1]
NMI_Handler              0x800'83d5    0x2  Code  Gb  stm32f4xx_it.o [1]
PendSV_Handler           0x800'83e3    0x2  Code  Gb  stm32f4xx_it.o [1]
PowerFlag               0x2000'03d2    0x1  Data  Lc  fatfs_sd.o [1]
Process_Init             0x800'4fad  0x348  Code  Gb  process.o [1]
Process_Run              0x800'5321  0x27e  Code  Gb  process.o [1]
RTC_GetTime              0x800'69e3   0x6a  Code  Gb  rtc.o [1]
RTC_Init                 0x800'6969    0x6  Code  Gb  rtc.o [1]
RTC_Read                 0x800'693d   0x1c  Code  Lc  rtc.o [1]
RTC_SetTime              0x800'6975   0x6e  Code  Gb  rtc.o [1]
RTC_Write                0x800'6925   0x18  Code  Lc  rtc.o [1]
Region$$Table$$Base      0x800'8504          --   Gb  - Linker created -
Region$$Table$$Limit     0x800'8524          --   Gb  - Linker created -
SD_PowerOn               0x800'73f9   0x60  Code  Lc  fatfs_sd.o [1]
SD_ReadyWait             0x800'73dd   0x1c  Code  Lc  fatfs_sd.o [1]
SD_RxDataBlock           0x800'7459   0x42  Code  Lc  fatfs_sd.o [1]
SD_SendCmd               0x800'74f1   0x60  Code  Lc  fatfs_sd.o [1]
SD_TxDataBlock           0x800'749b   0x56  Code  Lc  fatfs_sd.o [1]
SD_disk_initialize       0x800'7551  0x114  Code  Gb  fatfs_sd.o [1]
SD_disk_ioctl            0x800'778f  0x12e  Code  Gb  fatfs_sd.o [1]
SD_disk_read             0x800'7677   0x70  Code  Gb  fatfs_sd.o [1]
SD_disk_status           0x800'766b    0xc  Code  Gb  fatfs_sd.o [1]
SD_disk_write            0x800'76ef   0x9a  Code  Gb  fatfs_sd.o [1]
SELECT                   0x800'735d    0x6  Code  Lc  fatfs_sd.o [1]
SPI_EndRxTxTransaction   0x800'5e73   0x50  Code  Lc  stm32f4xx_hal_spi.o [1]
SPI_RxByte               0x800'73ad   0x22  Code  Lc  fatfs_sd.o [1]
SPI_TxBuffer             0x800'738d   0x20  Code  Lc  fatfs_sd.o [1]
SPI_TxByte               0x800'737b   0x12  Code  Lc  fatfs_sd.o [1]
SPI_WaitFlagStateUntilTimeout
                         0x800'5db3   0xb4  Code  Lc  stm32f4xx_hal_spi.o [1]
SVC_Handler              0x800'83df    0x2  Code  Gb  stm32f4xx_it.o [1]
Stat                    0x2000'03d0    0x1  Data  Lc  fatfs_sd.o [1]
SysTick_Handler          0x800'83e5    0x2  Code  Gb  stm32f4xx_it.o [1]
SystemClock_Config       0x800'570d   0x9c  Code  Gb  process.o [1]
SystemCoreClock         0x2000'0288    0x4  Data  Gb  system_stm32f4xx.o [1]
SystemInit               0x800'8525    0xc  Code  Gb  system_stm32f4xx.o [1]
TIM4_IRQHandler          0x800'83fb    0x6  Code  Gb  stm32f4xx_it.o [1]
TIM_Base_SetConfig       0x800'4ee1   0x96  Code  Gb  stm32f4xx_hal_tim.o [1]
Timer1                  0x2000'03d4    0x2  Data  Gb  fatfs_sd.o [1]
Timer2                  0x2000'06b4    0x2  Data  Gb  fatfs_sd.o [1]
UART_DMAAbortOnError     0x800'640d    0xc  Code  Lc  stm32f4xx_hal_uart.o [1]
UART_EndRxTransfer       0x800'63c3   0x2a  Code  Lc  stm32f4xx_hal_uart.o [1]
UART_Receive_IT          0x800'6419   0xaa  Code  Lc  stm32f4xx_hal_uart.o [1]
UART_SetConfig           0x800'64ed   0xae  Code  Lc  stm32f4xx_hal_uart.o [1]
UART_Start_Receive_IT    0x800'6371   0x3a  Code  Gb  stm32f4xx_hal_uart.o [1]
UART_WaitOnFlagUntilTimeout
                         0x800'62dd   0x5e  Code  Lc  stm32f4xx_hal_uart.o [1]
UI_Process_Init          0x800'8041   0x16  Code  Gb  UI_process.o [1]
UI_Process_Run           0x800'8059   0xa8  Code  Gb  UI_process.o [1]
USART1_IRQHandler        0x800'8401    0x6  Code  Gb  stm32f4xx_it.o [1]
USART2_IRQHandler        0x800'8407    0x6  Code  Gb  stm32f4xx_it.o [1]
USART3_IRQHandler        0x800'840d    0x6  Code  Gb  stm32f4xx_it.o [1]
USERPath                0x2000'06a8    0x4  Data  Gb  fatfs.o [1]
USER_Driver             0x2000'033c   0x14  Data  Gb  user_diskio.o [1]
USER_initialize          0x800'858b    0x4  Code  Gb  user_diskio.o [1]
USER_ioctl               0x800'859b    0x4  Code  Gb  user_diskio.o [1]
USER_read                0x800'8593    0x4  Code  Gb  user_diskio.o [1]
USER_status              0x800'858f    0x4  Code  Gb  user_diskio.o [1]
USER_write               0x800'8597    0x4  Code  Gb  user_diskio.o [1]
UsageFault_Handler       0x800'83dd    0x2  Code  Gb  stm32f4xx_it.o [1]
_Get                     0x800'1d0d   0x12  Code  Lc  xscanffull_nomb.o [2]
_GetN                    0x800'1d1f   0x22  Code  Lc  xscanffull_nomb.o [2]
_GetstrFullNoMb          0x800'28bd  0x1a2  Code  Lc  xscanffull_nomb.o [2]
_LitobFullNoMb           0x800'0f49  0x10a  Code  Lc  xprintffull_nomb.o [2]
_LocaleC_isalpha         0x800'1a27    0xc  Code  Gb  xlocale_c.o [2]
_LocaleC_islower         0x800'1a21    0x4  Code  Gb  xlocale_c.o [2]
_LocaleC_isspace         0x800'1a3d   0x14  Code  Gb  xlocale_c.o [2]
_LocaleC_isupper         0x800'1a25    0x2  Code  Gb  xlocale_c.o [2]
_LocaleC_tolower         0x800'1a51    0xc  Code  Gb  xlocale_c.o [2]
_Locale_lconv           0x2000'0350   0x38  Data  Lc  xlocale_c.o [2]
_PrintfFullNoMb          0x800'0189  0xd9c  Code  Gb  xprintffull_nomb.o [2]
_PutcharFullNoMb         0x800'10b9   0x20  Code  Lc  xprintffull_nomb.o [2]
_PutcharsFullNoMb        0x800'10d9   0x2e  Code  Lc  xprintffull_nomb.o [2]
_SNProut                 0x800'131f   0x1a  Code  Gb  xsnprout.o [2]
_SProut                  0x800'1367    0xa  Code  Gb  xsprout.o [2]
_SScin                   0x800'119f   0x1e  Code  Gb  xsscin.o [2]
_ScanfFullNoMb           0x800'1d5d  0xb02  Code  Gb  xscanffull_nomb.o [2]
_UngetN                  0x800'1d41   0x1a  Code  Lc  xscanffull_nomb.o [2]
__NVIC_SetPriority       0x800'4b11   0x1a  Code  Lc  stm32f4xx_hal_cortex.o [1]
__aeabi_cdcmple          0x800'12f1         Code  Gb  DblCmpLe.o [3]
__aeabi_cdrcmple         0x800'1339         Code  Gb  DblCmpGe.o [3]
__aeabi_d2f              0x800'2fe1         Code  Gb  DblToFlt.o [3]
__aeabi_d2iz             0x800'14ad         Code  Gb  DblToS32.o [3]
__aeabi_d2uiz            0x800'1839         Code  Gb  DblToU32.o [3]
__aeabi_dadd             0x800'1b79         Code  Gb  DblAdd.o [3]
__aeabi_ddiv             0x800'15f1         Code  Gb  DblDiv.o [3]
__aeabi_dmul             0x800'187d         Code  Gb  DblMul.o [3]
__aeabi_dsub             0x800'150d         Code  Gb  DblSub.o [3]
__aeabi_f2d              0x800'6a9d         Code  Gb  FltToDbl.o [3]
__aeabi_i2d              0x800'14e9         Code  Gb  S32ToDbl.o [3]
__aeabi_ldiv0            0x800'1cf5         Code  Gb  I64DivZer.o [4]
__aeabi_memclr4          0x800'59a5         Code  Gb  ABImemclr4.o [4]
__aeabi_memset           0x800'4c49         Code  Gb  ABImemset.o [4]
__aeabi_ui2d             0x800'1861         Code  Gb  U32ToDbl.o [3]
__cmain                  0x800'8545         Code  Gb  cmain.o [4]
__exit                   0x800'1cf9   0x14  Code  Gb  exit.o [5]
__iar_Fail_s             0x800'11bd   0x1c  Code  Gb  xfail_s.o [2]
__iar_Memchr             0x800'1211         Code  Gb  memchr.o [4]
__iar_Memset             0x800'4c49         Code  Gb  ABImemset.o [4]
__iar_Memset4_word       0x800'6e51         Code  Gb  ABImemset48.o [4]
__iar_Memset8_word       0x800'6e51         Code  Gb  ABImemset48.o [4]
__iar_Memset_word        0x800'4c51         Code  Gb  ABImemset.o [4]
__iar_Sto64              0x800'2e09  0x194  Code  Gb  strto64.o [3]
__iar_Stoflt             0x800'33c5  0x1b8  Code  Gb  iar_Stoflt.o [2]
__iar_Stollx             0x800'31fd   0xa0  Code  Gb  iar_Stollx.o [2]
__iar_Stopfx             0x800'32a3  0x122  Code  Gb  iar_Stopfx.o [2]
__iar_Stoullx            0x800'3049  0x1a4  Code  Gb  iar_Stoullx.o [2]
__iar_Stoxflt            0x800'357d  0x1d2  Code  Gb  iar_Stoxflt.o [2]
__iar_Stoxflt::digits    0x800'3754   0x18  Data  Lc  iar_Stoxflt.o [2]
__iar_Stoxflt::vals      0x800'376c   0x18  Data  Lc  iar_Stoxflt.o [2]
__iar_Strchr             0x800'1189         Code  Gb  strchr.o [4]
__iar_dadd               0x800'151d         Code  Gb  DblSub.o [3]
__iar_data_init3         0x800'84b9   0x28  Code  Gb  data_init.o [4]
__iar_dsub               0x800'1b89         Code  Gb  DblAdd.o [3]
__iar_dsubStart          0x800'1b9b         Code  Gb  DblAdd.o [3]
__iar_frexp              0x800'128d         Code  Gb  frexp.o [3]
__iar_frexpl             0x800'128d         Code  Gb  frexp.o [3]
__iar_globLocale        0x2000'0388   0x48  Data  Lc  xlocale_c.o [2]
__iar_global_Locale      0x800'1a5d    0x4  Code  Gb  xlocale_c.o [2]
__iar_init_vfp           0x800'84e1         Code  Gb  fpinit_M.o [3]
__iar_ldexp64            0x800'1371         Code  Gb  ldexp.o [3]
__iar_lz77_init_single3
                         0x800'830d   0x78  Code  Gb  lz77_init_single.o [4]
__iar_program_start      0x800'85b1         Code  Gb  cstartup_M.o [4]
__iar_scalbln64          0x800'1371         Code  Gb  ldexp.o [3]
__iar_scalbn64           0x800'1371         Code  Gb  ldexp.o [3]
__iar_small_Memcpy       0x800'126d         Code  Gb  ABImemcpy_small.o [4]
__iar_small_memcpy       0x800'1269         Code  Gb  ABImemcpy_small.o [4]
__iar_small_memcpy4      0x800'1269         Code  Gb  ABImemcpy_small.o [4]
__iar_small_memcpy8      0x800'1269         Code  Gb  ABImemcpy_small.o [4]
__iar_small_strlen       0x800'11fd         Code  Gb  strlen_small.o [4]
__iar_small_uldivmod     0x800'1a6d         Code  Gb  I64DivMod_small.o [4]
__iar_softfp___iar_frexp64
                         0x800'1281         Code  Gb  frexp.o [3]
__iar_softfp_frexp       0x800'1281         Code  Gb  frexp.o [3]
__iar_softfp_frexpl      0x800'1281         Code  Gb  frexp.o [3]
__iar_zero_init3         0x800'114f   0x3a  Code  Gb  zero_init3.o [4]
__low_level_init         0x800'8563    0x4  Code  Gb  low_level_init.o [2]
__vector_table           0x800'0000         Data  Gb  startup_stm32f407xx.o [1]
_call_main               0x800'8551         Code  Gb  cmain.o [4]
_exit                    0x800'8581         Code  Gb  cexit.o [4]
_main                    0x800'855f         Code  Gb  cmain.o [4]
abort                    0x800'1b73    0x6  Code  Gb  abort.o [2]
ads1115_read             0x800'67d7   0x6e  Code  Gb  ads1115.o [1]
bAnalogEnable           0x2000'01f6    0x1  Data  Gb  process.o [1]
bDataInProcess          0x2000'028d    0x1  Data  Lc  uart_ctrl.o [1]
bDigitalEnable          0x2000'01f8    0x1  Data  Gb  process.o [1]
bGPSEnable              0x2000'01f7    0x1  Data  Gb  process.o [1]
bLiveData               0x2000'01f5    0x1  Data  Gb  process.o [1]
bRTCEnable              0x2000'01fa    0x1  Data  Gb  process.o [1]
bStatusADC              0x2000'028c    0x1  Data  Gb  uart_ctrl.o [1]
bTempHumEnable          0x2000'01f9    0x1  Data  Gb  process.o [1]
buffer_lcd              0x2000'02fc   0x40  Data  Gb  UI_process.o [1]
date                    0x2000'0200    0x1  Data  Gb  process.o [1]
day                     0x2000'0270    0x1  Data  Gb  process.o [1]
delayCounter            0x2000'026c    0x4  Data  Gb  process.o [1]
digits                   0x800'83ac   0x28  Data  Lc  iar_Stoullx.o [2]
disk                    0x2000'0698    0xc  Data  Gb  ff_gen_drv.o [1]
dmul                     0x800'2af1   0xd2  Code  Lc  strto64.o [3]
exit                     0x800'857b    0x4  Code  Gb  exit.o [2]
font                     0x800'7e00  0x240  Data  Lc  ILI9341_GFX.o [1]
fps                     0x2000'02f4    0x4  Data  Gb  UI_process.o [1]
gByte                   0x2000'01f0    0x1  Data  Gb  process.o [1]
gCheckInit              0x2000'0064    0x1  Data  Gb  process.o [1]
gCheckPin               0x2000'01fc    0x1  Data  Gb  process.o [1]
gMessRespone            0x2000'0290   0x64  Data  Gb  uart_ctrl.o [1]
gSelectChADC            0x2000'01f4    0x1  Data  Gb  process.o [1]
g_voltage               0x2000'024c   0x20  Data  Gb  process.o [1]
gpio_values             0x2000'01fb    0x1  Data  Gb  process.o [1]
hi2c1                   0x2000'00c0   0x54  Data  Gb  process.o [1]
hi2c2                   0x2000'0114   0x54  Data  Gb  process.o [1]
hours                   0x2000'01fd    0x1  Data  Gb  process.o [1]
hspi1                   0x2000'0068   0x58  Data  Gb  process.o [1]
htim4                   0x2000'0650   0x48  Data  Gb  stm32f4xx_hal_timebase_tim.o [1]
huart1                  0x2000'0168   0x44  Data  Gb  process.o [1]
huart2                  0x2000'0208   0x44  Data  Gb  process.o [1]
huart3                  0x2000'01ac   0x44  Data  Gb  process.o [1]
identify_command         0x800'7011  0x108  Code  Gb  uart_ctrl.o [1]
isalpha                  0x800'2add   0x14  Code  Gb  isalpha.o [2]
isspace                  0x800'2ac9   0x14  Code  Gb  isspace.o [2]
ldexp                    0x800'1371         Code  Gb  ldexp.o [3]
ldexpl                   0x800'1371         Code  Gb  ldexp.o [3]
localeconv               0x800'1a61    0x4  Code  Gb  xlocale_c.o [2]
main                     0x800'8567   0x14  Code  Gb  main.o [1]
mcp                     0x2000'0274    0x8  Data  Gb  process.o [1]
memchr                   0x800'1211         Code  Gb  memchr.o [4]
memset                   0x800'4afb   0x14  Code  Gb  memset.o [4]
minutes                 0x2000'01fe    0x1  Data  Gb  process.o [1]
month                   0x2000'0201    0x1  Data  Gb  process.o [1]
ndigs                    0x800'8384   0x28  Data  Lc  iar_Stoullx.o [2]
pows                     0x800'8448   0x48  Data  Lc  strto64.o [3]
ranmatch                 0x800'2879   0x42  Code  Lc  xscanffull_nomb.o [2]
retUSER                 0x2000'06a4    0x1  Data  Gb  fatfs.o [1]
rtc_i2c                 0x2000'06ac    0x4  Data  Lc  rtc.o [1]
scalbln                  0x800'1371         Code  Gb  ldexp.o [3]
scalblnl                 0x800'1371         Code  Gb  ldexp.o [3]
scalbn                   0x800'1371         Code  Gb  ldexp.o [3]
scalbnl                  0x800'1371         Code  Gb  ldexp.o [3]
scale                    0x800'1053   0x46  Code  Lc  xprintffull_nomb.o [2]
sec_hand                0x2000'06b0    0x4  Data  Lc  xfail_s.o [2]
seconds                 0x2000'01ff    0x1  Data  Gb  process.o [1]
snprintf                 0x800'6a59   0x44  Code  Gb  snprintf.o [2]
sprintf                  0x800'6ae5   0x40  Code  Gb  sprintf.o [2]
sscanf                   0x800'7335   0x28  Code  Gb  sscanf.o [2]
stateUSB                0x2000'0204    0x1  Data  Gb  process.o [1]
strchr                   0x800'1189         Code  Gb  strchr.o [4]
strncmp                  0x800'730d   0x28  Code  Gb  strncmp.o [2]
strtoll                  0x800'329d    0x2  Code  Gb  iar_Stollx.o [2]
strtoull                 0x800'31f5    0x2  Code  Gb  iar_Stoullx.o [2]
systemState             0x2000'0203    0x1  Data  Gb  process.o [1]
temperature             0x2000'02f8    0x4  Data  Gb  UI_process.o [1]
tolower                  0x800'3785   0x14  Code  Gb  tolower.o [2]
uart_handle_mess         0x800'6f4d   0xb6  Code  Gb  uart_ctrl.o [1]
uwTick                  0x2000'0280    0x4  Data  Gb  stm32f4xx_hal.o [1]
uwTickFreq              0x2000'027c    0x1  Data  Gb  stm32f4xx_hal.o [1]
uwTickPrio              0x2000'0284    0x4  Data  Gb  stm32f4xx_hal.o [1]
year                    0x2000'0202    0x1  Data  Gb  process.o [1]


[1] = C:\Users\huyvu\OneDrive - hcmut.edu.vn\Desktop\Do2\Firmware\DLGER_F407_July.5.2025\Thesis_Prj\EWARM\DLGER_F407\Obj
[2] = dl7M_tlf.a
[3] = m7M_tls.a
[4] = rt7M_tl.a
[5] = shb_l.a

  33'523 bytes of readonly  code memory
   1'146 bytes of readonly  data memory
   2'740 bytes of readwrite data memory

Errors: none
Warnings: none
