###############################################################################
#
# IAR ELF Linker V8.40.2.214/W32 for ARM                  07/Oct/2025  07:49:42
# Copyright 2007-2019 IAR Systems AB.
#
#    Output file  =
#        C:\Users\huyvu\OneDrive -
#        hcmut.edu.vn\Desktop\Do2\Firmware\DLGER_F407_July.5.2025\Thesis_Prj\EWARM\DLGER_F407\Exe\DLGER_F407.out
#    Map file     =
#        C:\Users\huyvu\OneDrive -
#        hcmut.edu.vn\Desktop\Do2\Firmware\DLGER_F407_July.5.2025\Thesis_Prj\EWARM\DLGER_F407\List\DLGER_F407.map
#    Command line =
#        -f C:\Users\huyvu\AppData\Local\Temp\EWA074.tmp
#        ("C:\Users\huyvu\OneDrive -
#        hcmut.edu.vn\Desktop\Do2\Firmware\DLGER_F407_July.5.2025\Thesis_Prj\EWARM\DLGER_F407\Obj\24lc256.o"
#        "C:\Users\huyvu\OneDrive -
#        hcmut.edu.vn\Desktop\Do2\Firmware\DLGER_F407_July.5.2025\Thesis_Prj\EWARM\DLGER_F407\Obj\ads1115.o"
#        "C:\Users\huyvu\OneDrive -
#        hcmut.edu.vn\Desktop\Do2\Firmware\DLGER_F407_July.5.2025\Thesis_Prj\EWARM\DLGER_F407\Obj\button.o"
#        "C:\Users\huyvu\OneDrive -
#        hcmut.edu.vn\Desktop\Do2\Firmware\DLGER_F407_July.5.2025\Thesis_Prj\EWARM\DLGER_F407\Obj\ccsbcs.o"
#        "C:\Users\huyvu\OneDrive -
#        hcmut.edu.vn\Desktop\Do2\Firmware\DLGER_F407_July.5.2025\Thesis_Prj\EWARM\DLGER_F407\Obj\convert.o"
#        "C:\Users\huyvu\OneDrive -
#        hcmut.edu.vn\Desktop\Do2\Firmware\DLGER_F407_July.5.2025\Thesis_Prj\EWARM\DLGER_F407\Obj\diskio.o"
#        "C:\Users\huyvu\OneDrive -
#        hcmut.edu.vn\Desktop\Do2\Firmware\DLGER_F407_July.5.2025\Thesis_Prj\EWARM\DLGER_F407\Obj\fatfs.o"
#        "C:\Users\huyvu\OneDrive -
#        hcmut.edu.vn\Desktop\Do2\Firmware\DLGER_F407_July.5.2025\Thesis_Prj\EWARM\DLGER_F407\Obj\fatfs_sd.o"
#        "C:\Users\huyvu\OneDrive -
#        hcmut.edu.vn\Desktop\Do2\Firmware\DLGER_F407_July.5.2025\Thesis_Prj\EWARM\DLGER_F407\Obj\ff.o"
#        "C:\Users\huyvu\OneDrive -
#        hcmut.edu.vn\Desktop\Do2\Firmware\DLGER_F407_July.5.2025\Thesis_Prj\EWARM\DLGER_F407\Obj\ff_gen_drv.o"
#        "C:\Users\huyvu\OneDrive -
#        hcmut.edu.vn\Desktop\Do2\Firmware\DLGER_F407_July.5.2025\Thesis_Prj\EWARM\DLGER_F407\Obj\ILI9341_GFX.o"
#        "C:\Users\huyvu\OneDrive -
#        hcmut.edu.vn\Desktop\Do2\Firmware\DLGER_F407_July.5.2025\Thesis_Prj\EWARM\DLGER_F407\Obj\ILI9341_STM32_Driver.o"
#        "C:\Users\huyvu\OneDrive -
#        hcmut.edu.vn\Desktop\Do2\Firmware\DLGER_F407_July.5.2025\Thesis_Prj\EWARM\DLGER_F407\Obj\main.o"
#        "C:\Users\huyvu\OneDrive -
#        hcmut.edu.vn\Desktop\Do2\Firmware\DLGER_F407_July.5.2025\Thesis_Prj\EWARM\DLGER_F407\Obj\mcp23008.o"
#        "C:\Users\huyvu\OneDrive -
#        hcmut.edu.vn\Desktop\Do2\Firmware\DLGER_F407_July.5.2025\Thesis_Prj\EWARM\DLGER_F407\Obj\microsd.o"
#        "C:\Users\huyvu\OneDrive -
#        hcmut.edu.vn\Desktop\Do2\Firmware\DLGER_F407_July.5.2025\Thesis_Prj\EWARM\DLGER_F407\Obj\process.o"
#        "C:\Users\huyvu\OneDrive -
#        hcmut.edu.vn\Desktop\Do2\Firmware\DLGER_F407_July.5.2025\Thesis_Prj\EWARM\DLGER_F407\Obj\rtc.o"
#        "C:\Users\huyvu\OneDrive -
#        hcmut.edu.vn\Desktop\Do2\Firmware\DLGER_F407_July.5.2025\Thesis_Prj\EWARM\DLGER_F407\Obj\sht31.o"
#        "C:\Users\huyvu\OneDrive -
#        hcmut.edu.vn\Desktop\Do2\Firmware\DLGER_F407_July.5.2025\Thesis_Prj\EWARM\DLGER_F407\Obj\startup_stm32f407xx.o"
#        "C:\Users\huyvu\OneDrive -
#        hcmut.edu.vn\Desktop\Do2\Firmware\DLGER_F407_July.5.2025\Thesis_Prj\EWARM\DLGER_F407\Obj\stm32f4xx_hal.o"
#        "C:\Users\huyvu\OneDrive -
#        hcmut.edu.vn\Desktop\Do2\Firmware\DLGER_F407_July.5.2025\Thesis_Prj\EWARM\DLGER_F407\Obj\stm32f4xx_hal_cortex.o"
#        "C:\Users\huyvu\OneDrive -
#        hcmut.edu.vn\Desktop\Do2\Firmware\DLGER_F407_July.5.2025\Thesis_Prj\EWARM\DLGER_F407\Obj\stm32f4xx_hal_dma.o"
#        "C:\Users\huyvu\OneDrive -
#        hcmut.edu.vn\Desktop\Do2\Firmware\DLGER_F407_July.5.2025\Thesis_Prj\EWARM\DLGER_F407\Obj\stm32f4xx_hal_dma_ex.o"
#        "C:\Users\huyvu\OneDrive -
#        hcmut.edu.vn\Desktop\Do2\Firmware\DLGER_F407_July.5.2025\Thesis_Prj\EWARM\DLGER_F407\Obj\stm32f4xx_hal_exti.o"
#        "C:\Users\huyvu\OneDrive -
#        hcmut.edu.vn\Desktop\Do2\Firmware\DLGER_F407_July.5.2025\Thesis_Prj\EWARM\DLGER_F407\Obj\stm32f4xx_hal_flash.o"
#        "C:\Users\huyvu\OneDrive -
#        hcmut.edu.vn\Desktop\Do2\Firmware\DLGER_F407_July.5.2025\Thesis_Prj\EWARM\DLGER_F407\Obj\stm32f4xx_hal_flash_ex.o"
#        "C:\Users\huyvu\OneDrive -
#        hcmut.edu.vn\Desktop\Do2\Firmware\DLGER_F407_July.5.2025\Thesis_Prj\EWARM\DLGER_F407\Obj\stm32f4xx_hal_flash_ramfunc.o"
#        "C:\Users\huyvu\OneDrive -
#        hcmut.edu.vn\Desktop\Do2\Firmware\DLGER_F407_July.5.2025\Thesis_Prj\EWARM\DLGER_F407\Obj\stm32f4xx_hal_gpio.o"
#        "C:\Users\huyvu\OneDrive -
#        hcmut.edu.vn\Desktop\Do2\Firmware\DLGER_F407_July.5.2025\Thesis_Prj\EWARM\DLGER_F407\Obj\stm32f4xx_hal_i2c.o"
#        "C:\Users\huyvu\OneDrive -
#        hcmut.edu.vn\Desktop\Do2\Firmware\DLGER_F407_July.5.2025\Thesis_Prj\EWARM\DLGER_F407\Obj\stm32f4xx_hal_i2c_ex.o"
#        "C:\Users\huyvu\OneDrive -
#        hcmut.edu.vn\Desktop\Do2\Firmware\DLGER_F407_July.5.2025\Thesis_Prj\EWARM\DLGER_F407\Obj\stm32f4xx_hal_msp.o"
#        "C:\Users\huyvu\OneDrive -
#        hcmut.edu.vn\Desktop\Do2\Firmware\DLGER_F407_July.5.2025\Thesis_Prj\EWARM\DLGER_F407\Obj\stm32f4xx_hal_pwr.o"
#        "C:\Users\huyvu\OneDrive -
#        hcmut.edu.vn\Desktop\Do2\Firmware\DLGER_F407_July.5.2025\Thesis_Prj\EWARM\DLGER_F407\Obj\stm32f4xx_hal_pwr_ex.o"
#        "C:\Users\huyvu\OneDrive -
#        hcmut.edu.vn\Desktop\Do2\Firmware\DLGER_F407_July.5.2025\Thesis_Prj\EWARM\DLGER_F407\Obj\stm32f4xx_hal_rcc.o"
#        "C:\Users\huyvu\OneDrive -
#        hcmut.edu.vn\Desktop\Do2\Firmware\DLGER_F407_July.5.2025\Thesis_Prj\EWARM\DLGER_F407\Obj\stm32f4xx_hal_rcc_ex.o"
#        "C:\Users\huyvu\OneDrive -
#        hcmut.edu.vn\Desktop\Do2\Firmware\DLGER_F407_July.5.2025\Thesis_Prj\EWARM\DLGER_F407\Obj\stm32f4xx_hal_spi.o"
#        "C:\Users\huyvu\OneDrive -
#        hcmut.edu.vn\Desktop\Do2\Firmware\DLGER_F407_July.5.2025\Thesis_Prj\EWARM\DLGER_F407\Obj\stm32f4xx_hal_tim.o"
#        "C:\Users\huyvu\OneDrive -
#        hcmut.edu.vn\Desktop\Do2\Firmware\DLGER_F407_July.5.2025\Thesis_Prj\EWARM\DLGER_F407\Obj\stm32f4xx_hal_tim_ex.o"
#        "C:\Users\huyvu\OneDrive -
#        hcmut.edu.vn\Desktop\Do2\Firmware\DLGER_F407_July.5.2025\Thesis_Prj\EWARM\DLGER_F407\Obj\stm32f4xx_hal_timebase_tim.o"
#        "C:\Users\huyvu\OneDrive -
#        hcmut.edu.vn\Desktop\Do2\Firmware\DLGER_F407_July.5.2025\Thesis_Prj\EWARM\DLGER_F407\Obj\stm32f4xx_hal_uart.o"
#        "C:\Users\huyvu\OneDrive -
#        hcmut.edu.vn\Desktop\Do2\Firmware\DLGER_F407_July.5.2025\Thesis_Prj\EWARM\DLGER_F407\Obj\stm32f4xx_it.o"
#        "C:\Users\huyvu\OneDrive -
#        hcmut.edu.vn\Desktop\Do2\Firmware\DLGER_F407_July.5.2025\Thesis_Prj\EWARM\DLGER_F407\Obj\syscall.o"
#        "C:\Users\huyvu\OneDrive -
#        hcmut.edu.vn\Desktop\Do2\Firmware\DLGER_F407_July.5.2025\Thesis_Prj\EWARM\DLGER_F407\Obj\system_stm32f4xx.o"
#        "C:\Users\huyvu\OneDrive -
#        hcmut.edu.vn\Desktop\Do2\Firmware\DLGER_F407_July.5.2025\Thesis_Prj\EWARM\DLGER_F407\Obj\uart_ctrl.o"
#        "C:\Users\huyvu\OneDrive -
#        hcmut.edu.vn\Desktop\Do2\Firmware\DLGER_F407_July.5.2025\Thesis_Prj\EWARM\DLGER_F407\Obj\UI_process.o"
#        "C:\Users\huyvu\OneDrive -
#        hcmut.edu.vn\Desktop\Do2\Firmware\DLGER_F407_July.5.2025\Thesis_Prj\EWARM\DLGER_F407\Obj\user_diskio.o"
#        --no_out_extension -o "C:\Users\huyvu\OneDrive -
#        hcmut.edu.vn\Desktop\Do2\Firmware\DLGER_F407_July.5.2025\Thesis_Prj\EWARM\DLGER_F407\Exe\DLGER_F407.out"
#        --redirect _Printf=_PrintfFullNoMb --redirect _Scanf=_ScanfFullNoMb
#        --map "C:\Users\huyvu\OneDrive -
#        hcmut.edu.vn\Desktop\Do2\Firmware\DLGER_F407_July.5.2025\Thesis_Prj\EWARM\DLGER_F407\List\DLGER_F407.map"
#        --config "C:\Users\huyvu\OneDrive -
#        hcmut.edu.vn\Desktop\Do2\Firmware\DLGER_F407_July.5.2025\Thesis_Prj\EWARM/stm32f407xx_flash.icf"
#        --semihosting --entry __iar_program_start --vfe --text_out locale)
#
###############################################################################

*******************************************************************************
*** RUNTIME MODEL ATTRIBUTES
***

CppFlavor       = *
__Heap_Handler  = Basic
__SystemLibrary = DLib
__dlib_version  = 6


*******************************************************************************
*** HEAP SELECTION
***

The basic heap was selected because no calls to memory allocation
functions were found in the application outside of system library
functions, and there are calls to deallocation functions in the
application.


*******************************************************************************
*** PLACEMENT SUMMARY
***

"A0":  place at address 0x800'0000 { ro section .intvec };
"P1":  place in [from 0x800'0000 to 0x80f'ffff] { ro };
define block CSTACK with size = 1K, alignment = 8 { };
define block HEAP with size = 512, alignment = 8 { };
"P2":  place in [from 0x2000'0000 to 0x2001'ffff] {
          rw, block CSTACK, block HEAP };
initialize by copy { rw };

  Section            Kind         Address    Size  Object
  -------            ----         -------    ----  ------
"A0":                                       0x188
  .intvec            ro code   0x800'0000   0x188  startup_stm32f407xx.o [1]
                             - 0x800'0188   0x188

"P1":                                      0xb76e
  .text              ro code   0x800'0188  0x17de  ff.o [1]
  .text              ro code   0x800'1966    0x3a  zero_init3.o [4]
  .text              ro code   0x800'19a0    0x80  diskio.o [1]
  .text              ro code   0x800'1a20    0xbc  ccsbcs.o [1]
  .text              ro code   0x800'1adc    0x1c  fatfs.o [1]
  .text              ro code   0x800'1af8    0x40  ff_gen_drv.o [1]
  .text              ro code   0x800'1b38   0xfc6  xprintffull_nomb.o [2]
  .text              ro code   0x800'2afe    0x1e  xsscin.o [2]
  .text              ro code   0x800'2b1c    0x16  strchr.o [4]
  .text              ro code   0x800'2b32    0x1a  xsnprout.o [2]
  .text              ro code   0x800'2b4c    0x40  xfail_s.o [2]
  .text              ro code   0x800'2b8c    0x14  strlen_small.o [4]
  .text              ro code   0x800'2ba0    0x58  memchr.o [4]
  .text              ro code   0x800'2bf8    0x18  ABImemcpy_small.o [4]
  .text              ro code   0x800'2c10    0x70  frexp.o [3]
  .text              ro code   0x800'2c80    0x2e  DblCmpLe.o [3]
  .text              ro code   0x800'2cae     0xa  xsprout.o [2]
  .text              ro code   0x800'2cb8    0x2e  DblCmpGe.o [3]
  .rodata            const     0x800'2ce6     0x2  xlocale_c.o [2]
  .text              ro code   0x800'2ce8   0x13a  ldexp.o [3]
  .rodata            const     0x800'2e22     0x2  xlocale_c.o [2]
  .text              ro code   0x800'2e24    0x3a  DblToS32.o [3]
  .rodata            const     0x800'2e5e     0x1  xlocale_c.o [2]
  .text              ro code   0x800'2e60    0x22  S32ToDbl.o [3]
  .text              ro code   0x800'2e84    0xe2  DblSub.o [3]
  .text              ro code   0x800'2f68   0x246  DblDiv.o [3]
  .text              ro code   0x800'31b0    0x28  DblToU32.o [3]
  .text              ro code   0x800'31d8    0x1a  U32ToDbl.o [3]
  .text              ro code   0x800'31f4   0x1a2  DblMul.o [3]
  .text              ro code   0x800'3398    0x4c  xlocale_c.o [2]
  .text              ro code   0x800'33e4   0x106  I64DivMod_small.o [4]
  .text              ro code   0x800'34ea     0x6  abort.o [2]
  .text              ro code   0x800'34f0   0x17a  DblAdd.o [3]
  .text              ro code   0x800'366c     0x2  I64DivZer.o [4]
  .text              ro code   0x800'3670    0x14  exit.o [5]
  .text              ro code   0x800'3684    0x7c  iarttio.o [5]
  .text              ro code   0x800'3700    0x3c  XShttio.o [2]
  .text              ro code   0x800'373c   0xdbc  xscanffull_nomb.o [2]
  .text              ro code   0x800'44f8    0x14  isspace.o [2]
  .text              ro code   0x800'450c    0x14  isalpha.o [2]
  .text              ro code   0x800'4520   0x4f0  strto64.o [3]
  .text              ro code   0x800'4a10    0x68  DblToFlt.o [3]
  .text              ro code   0x800'4a78   0x1b2  iar_Stoullx.o [2]
  .text              ro code   0x800'4c2c    0xa6  iar_Stollx.o [2]
  .text              ro code   0x800'4cd2   0x122  iar_Stopfx.o [2]
  .text              ro code   0x800'4df4   0x1b8  iar_Stoflt.o [2]
  .text              ro code   0x800'4fac   0x208  iar_Stoxflt.o [2]
  .text              ro code   0x800'51b4    0x14  tolower.o [2]
  .text              ro code   0x800'51c8   0xd08  process.o [1]
  .text              ro code   0x800'5ed0    0x34  stm32f4xx_hal.o [1]
  .text              ro code   0x800'5f04     0x6  ABImemclr4.o [4]
  .text              ro code   0x800'5f0c   0x226  stm32f4xx_hal_gpio.o [1]
  .text              ro code   0x800'6134    0x98  stm32f4xx_hal_cortex.o [1]
  .text              ro code   0x800'61cc   0xce6  stm32f4xx_hal_i2c.o [1]
  .text              ro code   0x800'6eb4   0x52c  stm32f4xx_hal_spi.o [1]
  .text              ro code   0x800'73e0   0x6dc  stm32f4xx_hal_uart.o [1]
  .text              ro code   0x800'7abc    0x28  stm32f4xx_hal.o [1]
  .text              ro code   0x800'7ae4   0x260  ads1115.o [1]
  .text              ro code   0x800'7d44    0xac  mcp23008.o [1]
  .text              ro code   0x800'7df0    0xbe  rtc.o [1]
  .text              ro code   0x800'7eb0    0x68  24lc256.o [1]
  .text              ro code   0x800'7f18    0x40  sprintf.o [2]
  .text              ro code   0x800'7f58    0x28  printf.o [2]
  .text              ro code   0x800'7f80    0xd8  sht31.o [1]
  .text              ro code   0x800'8058    0x44  snprintf.o [2]
  .text              ro code   0x800'809c    0x48  FltToDbl.o [3]
  .text              ro code   0x800'80e4    0xb4  convert.o [1]
  .text              ro code   0x800'8198   0x31c  stm32f4xx_hal_rcc.o [1]
  .text              ro code   0x800'84b4   0x1e4  stm32f4xx_hal_rcc.o [1]
  .text              ro code   0x800'8698    0x10  stm32f4xx_hal.o [1]
  .text              ro code   0x800'86a8    0xa0  stm32f4xx_hal_timebase_tim.o [1]
  .text              ro code   0x800'8748   0x264  stm32f4xx_hal_msp.o [1]
  .text              ro code   0x800'89ac    0x32  ABImemset48.o [4]
  .text              ro code   0x800'89e0     0xc  stm32f4xx_hal.o [1]
  .text              ro code   0x800'89ec    0xc2  stm32f4xx_hal_dma.o [1]
  .text              ro code   0x800'8aae     0x2  stm32f4xx_hal_uart.o [1]
  .text              ro code   0x800'8ab0     0x2  stm32f4xx_hal_uart.o [1]
  .text              ro code   0x800'8ab2     0x2  stm32f4xx_hal_uart.o [1]
  .text              ro code   0x800'8ab4   0x558  uart_ctrl.o [1]
  .text              ro code   0x800'900c   0x2f6  stm32f4xx_hal_tim.o [1]
  .text              ro code   0x800'9302    0x14  memset.o [4]
  .text              ro code   0x800'9316    0x28  strncmp.o [2]
  .text              ro code   0x800'9340    0x28  sscanf.o [2]
  .text              ro code   0x800'9368     0x2  stm32f4xx_hal_tim.o [1]
  .text              ro code   0x800'936a     0x2  stm32f4xx_hal_tim.o [1]
  .text              ro code   0x800'936c     0x2  stm32f4xx_hal_tim_ex.o [1]
  .text              ro code   0x800'936e     0x2  stm32f4xx_hal_tim.o [1]
  .text              ro code   0x800'9370     0x2  stm32f4xx_hal_tim_ex.o [1]
  .text              ro code   0x800'9372     0x2  stm32f4xx_hal_tim.o [1]
  .text              ro code   0x800'9374    0x66  ABImemset.o [4]
  .text              ro code   0x800'93dc   0x570  fatfs_sd.o [1]
  .text              ro code   0x800'994c   0x532  ILI9341_STM32_Driver.o [1]
  .text              ro code   0x800'9e80   0x454  UI_process.o [1]
  .text              ro code   0x800'a2d4    0xcc  ILI9341_GFX.o [1]
  .rodata            const     0x800'a3a0   0x2b0  ccsbcs.o [1]
  .rodata            const     0x800'a650   0x240  ILI9341_GFX.o [1]
  .text              ro code   0x800'a890   0x138  heap0.o [2]
  .text              ro code   0x800'a9c8    0x2c  xgetmemchunk.o [2]
  .rodata            const     0x800'a9f4   0x12c  process.o [1]
  .rodata            const     0x800'ab20   0x100  ccsbcs.o [1]
  .text              ro code   0x800'ac20    0xd8  xfspos.o [2]
  .text              ro code   0x800'acf8    0xac  fflush.o [2]
  .text              ro code   0x800'ada4     0xc  xfgpos.o [2]
  .text              ro code   0x800'adb0    0x4a  lseek.o [5]
  .text              ro code   0x800'adfa    0x10  write.o [5]
  .text              ro code   0x800'ae0c    0xcc  XShHandles.o [2]
  .text              ro code   0x800'aed8    0x1e  dwrite.o [5]
  .text              ro code   0x800'aef6    0x20  iarwstd.o [5]
  .text              ro code   0x800'af16    0x22  iarwrite.o [5]
  .rodata            const     0x800'af38    0xb4  process.o [1]
  .text              ro code   0x800'afec    0xb4  xfwprep.o [2]
  .text              ro code   0x800'b0a0    0x24  fseek.o [2]
  .text              ro code   0x800'b0c4    0x9c  xfofind.o [2]
  .text              ro code   0x800'b160     0x4  heaptramp0.o [2]
  .rodata            const     0x800'b164    0x80  ff.o [1]
  .text              ro code   0x800'b1e4    0x7e  fclose.o [2]
  .text              ro code   0x800'b262    0x18  close.o [5]
  .text              ro code   0x800'b27a    0x14  remove.o [5]
  .text              ro code   0x800'b28e    0x78  lz77_init_single.o [4]
  .text              ro code   0x800'b306    0x54  fputc.o [2]
  .rodata            const     0x800'b35c    0x50  iar_Stoullx.o [2]
  .text              ro code   0x800'b3ac    0x50  stm32f4xx_it.o [1]
  .rodata            const     0x800'b3fc    0x44  uart_ctrl.o [1]
  .rodata            const     0x800'b440    0x48  strto64.o [3]
  .text              ro code   0x800'b488    0x3c  xcloseall.o [2]
  .rodata            const     0x800'b4c4    0x2c  UI_process.o [1]
  .rodata            const     0x800'b4f0    0x28  xscanffull_nomb.o [2]
  .text              ro code   0x800'b518    0x28  data_init.o [4]
  .rodata            const     0x800'b540    0x24  uart_ctrl.o [1]
  .rodata            const     0x800'b564    0x24  xscanffull_nomb.o [2]
  .text              ro code   0x800'b588    0x22  fpinit_M.o [3]
  .iar.init_table    const     0x800'b5ac    0x20  - Linker created -
  .text              ro code   0x800'b5cc    0x20  system_stm32f4xx.o [1]
  .text              ro code   0x800'b5ec    0x1e  cmain.o [4]
  .text              ro code   0x800'b60a     0x4  low_level_init.o [2]
  .text              ro code   0x800'b60e    0x14  main.o [1]
  .text              ro code   0x800'b622     0x4  exit.o [2]
  .text              ro code   0x800'b628     0xe  cexit.o [4]
  .text              ro code   0x800'b636    0x16  xprout.o [2]
  .text              ro code   0x800'b64c     0xc  putchar.o [2]
  .text              ro code   0x800'b658    0x14  user_diskio.o [1]
  .text              ro code   0x800'b66c    0x10  startup_stm32f407xx.o [1]
  .text              ro code   0x800'b67c     0xc  cstartup_M.o [4]
  .rodata            const     0x800'b688     0x8  system_stm32f4xx.o [1]
  .rodata            const     0x800'b690     0x8  xprintffull_nomb.o [2]
  .text              ro code   0x800'b698     0x4  startup_stm32f407xx.o [1]
  .text              ro code   0x800'b69c     0x4  startup_stm32f407xx.o [1]
  .text              ro code   0x800'b6a0     0x4  startup_stm32f407xx.o [1]
  .text              ro code   0x800'b6a4     0x4  startup_stm32f407xx.o [1]
  .text              ro code   0x800'b6a8     0x4  startup_stm32f407xx.o [1]
  .text              ro code   0x800'b6ac     0x4  startup_stm32f407xx.o [1]
  .text              ro code   0x800'b6b0     0x4  startup_stm32f407xx.o [1]
  .text              ro code   0x800'b6b4     0x4  startup_stm32f407xx.o [1]
  .text              ro code   0x800'b6b8     0x4  startup_stm32f407xx.o [1]
  .text              ro code   0x800'b6bc     0x4  startup_stm32f407xx.o [1]
  .text              ro code   0x800'b6c0     0x4  startup_stm32f407xx.o [1]
  .text              ro code   0x800'b6c4     0x4  startup_stm32f407xx.o [1]
  .text              ro code   0x800'b6c8     0x4  startup_stm32f407xx.o [1]
  .text              ro code   0x800'b6cc     0x4  startup_stm32f407xx.o [1]
  .text              ro code   0x800'b6d0     0x4  startup_stm32f407xx.o [1]
  .text              ro code   0x800'b6d4     0x4  startup_stm32f407xx.o [1]
  .text              ro code   0x800'b6d8     0x4  startup_stm32f407xx.o [1]
  .text              ro code   0x800'b6dc     0x4  startup_stm32f407xx.o [1]
  .text              ro code   0x800'b6e0     0x4  startup_stm32f407xx.o [1]
  .text              ro code   0x800'b6e4     0x4  startup_stm32f407xx.o [1]
  .text              ro code   0x800'b6e8     0x4  startup_stm32f407xx.o [1]
  .text              ro code   0x800'b6ec     0x4  startup_stm32f407xx.o [1]
  .text              ro code   0x800'b6f0     0x4  startup_stm32f407xx.o [1]
  .text              ro code   0x800'b6f4     0x4  startup_stm32f407xx.o [1]
  .text              ro code   0x800'b6f8     0x4  startup_stm32f407xx.o [1]
  .text              ro code   0x800'b6fc     0x4  startup_stm32f407xx.o [1]
  .text              ro code   0x800'b700     0x4  startup_stm32f407xx.o [1]
  .text              ro code   0x800'b704     0x4  startup_stm32f407xx.o [1]
  .text              ro code   0x800'b708     0x4  startup_stm32f407xx.o [1]
  .text              ro code   0x800'b70c     0x4  startup_stm32f407xx.o [1]
  .text              ro code   0x800'b710     0x4  startup_stm32f407xx.o [1]
  .text              ro code   0x800'b714     0x4  startup_stm32f407xx.o [1]
  .text              ro code   0x800'b718     0x4  startup_stm32f407xx.o [1]
  .text              ro code   0x800'b71c     0x4  startup_stm32f407xx.o [1]
  .text              ro code   0x800'b720     0x4  startup_stm32f407xx.o [1]
  .text              ro code   0x800'b724     0x4  startup_stm32f407xx.o [1]
  .text              ro code   0x800'b728     0x4  startup_stm32f407xx.o [1]
  .text              ro code   0x800'b72c     0x4  startup_stm32f407xx.o [1]
  .text              ro code   0x800'b730     0x4  startup_stm32f407xx.o [1]
  .text              ro code   0x800'b734     0x4  startup_stm32f407xx.o [1]
  .text              ro code   0x800'b738     0x4  startup_stm32f407xx.o [1]
  .text              ro code   0x800'b73c     0x4  startup_stm32f407xx.o [1]
  .text              ro code   0x800'b740     0x4  startup_stm32f407xx.o [1]
  .text              ro code   0x800'b744     0x4  startup_stm32f407xx.o [1]
  .text              ro code   0x800'b748     0x4  startup_stm32f407xx.o [1]
  .text              ro code   0x800'b74c     0x4  startup_stm32f407xx.o [1]
  .text              ro code   0x800'b750     0x4  startup_stm32f407xx.o [1]
  .text              ro code   0x800'b754     0x4  startup_stm32f407xx.o [1]
  .text              ro code   0x800'b758     0x4  startup_stm32f407xx.o [1]
  .text              ro code   0x800'b75c     0x4  startup_stm32f407xx.o [1]
  .text              ro code   0x800'b760     0x4  startup_stm32f407xx.o [1]
  .text              ro code   0x800'b764     0x4  startup_stm32f407xx.o [1]
  .text              ro code   0x800'b768     0x4  startup_stm32f407xx.o [1]
  .text              ro code   0x800'b76c     0x4  startup_stm32f407xx.o [1]
  .text              ro code   0x800'b770     0x4  startup_stm32f407xx.o [1]
  .text              ro code   0x800'b774     0x4  startup_stm32f407xx.o [1]
  .text              ro code   0x800'b778     0x4  startup_stm32f407xx.o [1]
  .text              ro code   0x800'b77c     0x4  startup_stm32f407xx.o [1]
  .text              ro code   0x800'b780     0x4  startup_stm32f407xx.o [1]
  .text              ro code   0x800'b784     0x4  startup_stm32f407xx.o [1]
  .text              ro code   0x800'b788     0x4  startup_stm32f407xx.o [1]
  .text              ro code   0x800'b78c     0x4  startup_stm32f407xx.o [1]
  .text              ro code   0x800'b790     0x4  startup_stm32f407xx.o [1]
  .text              ro code   0x800'b794     0x4  startup_stm32f407xx.o [1]
  .text              ro code   0x800'b798     0x4  startup_stm32f407xx.o [1]
  .text              ro code   0x800'b79c     0x4  startup_stm32f407xx.o [1]
  .text              ro code   0x800'b7a0     0x4  startup_stm32f407xx.o [1]
  .text              ro code   0x800'b7a4     0x4  startup_stm32f407xx.o [1]
  .text              ro code   0x800'b7a8     0x4  startup_stm32f407xx.o [1]
  .text              ro code   0x800'b7ac     0x4  startup_stm32f407xx.o [1]
  .text              ro code   0x800'b7b0     0x4  startup_stm32f407xx.o [1]
  .text              ro code   0x800'b7b4     0x4  startup_stm32f407xx.o [1]
  .text              ro code   0x800'b7b8     0x4  startup_stm32f407xx.o [1]
  .text              ro code   0x800'b7bc     0x4  startup_stm32f407xx.o [1]
  .text              ro code   0x800'b7c0     0x4  startup_stm32f407xx.o [1]
  .text              ro code   0x800'b7c4     0x0  cstart_closeall.o [4]
  .rodata            const     0x800'b7c4     0x0  zero_init3.o [4]
  .rodata            const     0x800'b7c4     0x0  lz77_init_single.o [4]
  Initializer bytes  const     0x800'b7c4   0x132  <for P2-1>
                             - 0x800'b8f6  0xb76e

"P2", part 1 of 3:                         0x2686
  P2-1                        0x2000'0000  0x2686  <Init block>
    .data            inited   0x2000'0000    0x64  ads1115.o [1]
    .data            inited   0x2000'0064  0x21b4  process.o [1]
    .data            inited   0x2000'2218    0x4c  process.o [1]
    .data            inited   0x2000'2264   0x180  process.o [1]
    .data            inited   0x2000'23e4     0xc  stm32f4xx_hal.o [1]
    .data            inited   0x2000'23f0     0x4  system_stm32f4xx.o [1]
    .data            inited   0x2000'23f4    0x6c  uart_ctrl.o [1]
    .data            inited   0x2000'2460    0x88  UI_process.o [1]
    .data            inited   0x2000'24e8    0x14  user_diskio.o [1]
    .data            inited   0x2000'24fc    0x38  xlocale_c.o [2]
    .data            inited   0x2000'2534    0x48  xlocale_c.o [2]
    .data            inited   0x2000'257c    0x48  xfiles.o [2]
    .data            inited   0x2000'25c4    0x48  xfiles.o [2]
    .data            inited   0x2000'260c    0x48  xfiles.o [2]
    .data            inited   0x2000'2654    0x20  xfiles.o [2]
    .data            inited   0x2000'2674     0x8  XShttio.o [2]
    .data            inited   0x2000'267c     0x6  fatfs_sd.o [1]
    .data            inited   0x2000'2682     0x4  ILI9341_STM32_Driver.o [1]
                            - 0x2000'2686  0x2686

"P2", part 2 of 3:                          0x6ec
  .bss               zero     0x2000'2688   0x208  ff.o [1]
  .bss               zero     0x2000'2890   0x1f4  ILI9341_STM32_Driver.o [1]
  .bss               zero     0x2000'2a84    0x80  process.o [1]
  .bss               zero     0x2000'2b04    0x80  XShHandles.o [2]
  .bss               zero     0x2000'2b84    0x78  process.o [1]
  .bss               zero     0x2000'2bfc    0x50  xfiles.o [2]
  .bss               zero     0x2000'2c4c    0x50  xfiles.o [2]
  .bss               zero     0x2000'2c9c    0x48  stm32f4xx_hal_timebase_tim.o [1]
  .bss               zero     0x2000'2ce4    0x44  process.o [1]
  .bss               zero     0x2000'2d28    0x20  ff.o [1]
  .bss               zero     0x2000'2d48     0xc  ff_gen_drv.o [1]
  .bss               zero     0x2000'2d54     0x8  fatfs.o [1]
  .bss               zero     0x2000'2d5c     0x8  heap0.o [2]
  .bss               zero     0x2000'2d64     0x4  rtc.o [1]
  .bss               zero     0x2000'2d68     0x4  xfail_s.o [2]
  .bss               zero     0x2000'2d6c     0x4  xgetmemchunk.o [2]
  .bss               zero     0x2000'2d70     0x2  fatfs_sd.o [1]
  .bss               zero     0x2000'2d72     0x1  XShttio.o [2]
                            - 0x2000'2d73   0x6eb

"P2", part 3 of 3:                          0x600
  CSTACK                      0x2000'2d78   0x400  <Block>
    CSTACK           uninit   0x2000'2d78   0x400  <Block tail>
  HEAP                        0x2000'3178   0x200  <Block>
    HEAP             uninit   0x2000'3178   0x200  <Block tail>
                            - 0x2000'3378   0x600

Unused ranges:

         From           To      Size
         ----           --      ----
   0x800'b8f6   0x80f'ffff  0xf'470a
  0x2000'2686  0x2000'2687       0x2
  0x2000'2d74  0x2000'2d77       0x4
  0x2000'3378  0x2001'ffff  0x1'cc88


*******************************************************************************
*** INIT TABLE
***

          Address      Size
          -------      ----
Zero (__iar_zero_init3)
    1 destination range, total size 0x6eb:
          0x2000'2688   0x6eb

Copy/lz77 (__iar_lz77_init_single3)
    1 source range, total size 0x132 (3% of destination):
           0x800'b7c4   0x132
    1 destination range, total size 0x2686:
          0x2000'0000  0x2686



*******************************************************************************
*** MODULE SUMMARY
***

    Module                        ro code  ro data  rw data
    ------                        -------  -------  -------
command line/config:
    -------------------------------------------------------
    Total:

C:\Users\huyvu\OneDrive - hcmut.edu.vn\Desktop\Do2\Firmware\DLGER_F407_July.5.2025\Thesis_Prj\EWARM\DLGER_F407\Obj: [1]
    24lc256.o                         104
    ILI9341_GFX.o                     204      576
    ILI9341_STM32_Driver.o          1'330        1      504
    UI_process.o                    1'108       49      136
    ads1115.o                         608        3      100
    ccsbcs.o                          188      944
    convert.o                         180
    diskio.o                          128
    fatfs.o                            28                 8
    fatfs_sd.o                      1'392                 8
    ff.o                            6'110      128      552
    ff_gen_drv.o                       64                12
    main.o                             20
    mcp23008.o                        172
    process.o                       3'336      762    9'404
    rtc.o                             190                 4
    sht31.o                           216
    startup_stm32f407xx.o             708
    stm32f4xx_hal.o                   120                12
    stm32f4xx_hal_cortex.o            152
    stm32f4xx_hal_dma.o               194
    stm32f4xx_hal_gpio.o              550
    stm32f4xx_hal_i2c.o             3'302
    stm32f4xx_hal_msp.o               612
    stm32f4xx_hal_rcc.o             1'280
    stm32f4xx_hal_spi.o             1'324
    stm32f4xx_hal_tim.o               766
    stm32f4xx_hal_tim_ex.o              4
    stm32f4xx_hal_timebase_tim.o      160                72
    stm32f4xx_hal_uart.o            1'762
    stm32f4xx_it.o                     80
    system_stm32f4xx.o                 32        8        4
    uart_ctrl.o                     1'368      107      108
    user_diskio.o                      20                20
    -------------------------------------------------------
    Total:                         27'812    2'578   10'944

dl7M_tlf.a: [2]
    XShHandles.o                      204               128
    XShttio.o                          60                 9
    abort.o                             6
    exit.o                              4
    fclose.o                          126
    fflush.o                          172
    fputc.o                            84
    fseek.o                            36
    heap0.o                           312                 8
    heaptramp0.o                        4
    iar_Stoflt.o                      440
    iar_Stollx.o                      166
    iar_Stopfx.o                      290
    iar_Stoullx.o                     434       80
    iar_Stoxflt.o                     520
    isalpha.o                          20
    isspace.o                          20
    low_level_init.o                    4
    printf.o                           40
    putchar.o                          12
    snprintf.o                         68
    sprintf.o                          64
    sscanf.o                           40
    strncmp.o                          40
    tolower.o                          20
    xcloseall.o                        60
    xfail_s.o                          64                 4
    xfgpos.o                           12
    xfiles.o                                     8      408
    xfofind.o                         156
    xfspos.o                          216
    xfwprep.o                         180
    xgetmemchunk.o                     44                 4
    xlocale_c.o                        76        9      128
    xprintffull_nomb.o              4'038        8
    xprout.o                           22
    xscanffull_nomb.o               3'516       76
    xsnprout.o                         26
    xsprout.o                          10
    xsscin.o                           30
    -------------------------------------------------------
    Total:                         11'636      181      689

m7M_tls.a: [3]
    DblAdd.o                          378
    DblCmpGe.o                         46
    DblCmpLe.o                         46
    DblDiv.o                          582
    DblMul.o                          418
    DblSub.o                          226
    DblToFlt.o                        104
    DblToS32.o                         58
    DblToU32.o                         40
    FltToDbl.o                         72
    S32ToDbl.o                         34
    U32ToDbl.o                         26
    fpinit_M.o                         34
    frexp.o                           112
    ldexp.o                           314
    strto64.o                       1'264       72
    -------------------------------------------------------
    Total:                          3'754       72

rt7M_tl.a: [4]
    ABImemclr4.o                        6
    ABImemcpy_small.o                  24
    ABImemset.o                       102
    ABImemset48.o                      50
    I64DivMod_small.o                 262
    I64DivZer.o                         2
    cexit.o                            14
    cmain.o                            30
    cstart_closeall.o
    cstartup_M.o                       12
    data_init.o                        40
    lz77_init_single.o                120
    memchr.o                           88
    memset.o                           20
    strchr.o                           22
    strlen_small.o                     20
    zero_init3.o                       58
    -------------------------------------------------------
    Total:                            870

shb_l.a: [5]
    close.o                            24
    dwrite.o                           30
    exit.o                             20
    iarttio.o                         124
    iarwrite.o                         34
    iarwstd.o                          32
    lseek.o                            74
    remove.o                           20
    write.o                            16
    -------------------------------------------------------
    Total:                            374

    Gaps                               37        4
    Linker created                              32    1'536
-----------------------------------------------------------
    Grand Total:                   44'483    2'867   13'169


*******************************************************************************
*** ENTRY LIST
***

Entry                       Address    Size  Type      Object
-----                       -------    ----  ----      ------
.iar.init_table$$Base    0x800'b5ac           --   Gb  - Linker created -
.iar.init_table$$Limit   0x800'b5cc           --   Gb  - Linker created -
?main                    0x800'b5ed          Code  Gb  cmain.o [4]
ADS1115_I2C_Handler     0x2000'0010    0x54  Data  Gb  ads1115.o [1]
ADS1115_Init_C0          0x800'7ae5    0x56  Code  Gb  ads1115.o [1]
ADS1115_Init_C1          0x800'7b3b    0x56  Code  Gb  ads1115.o [1]
ADS1115_config          0x2000'0000     0x2  Data  Gb  ads1115.o [1]
ADS1115_dataRate        0x2000'0006     0x2  Data  Gb  ads1115.o [1]
ADS1115_devAddress0     0x2000'0004     0x1  Data  Gb  ads1115.o [1]
ADS1115_devAddress1     0x2000'0005     0x1  Data  Gb  ads1115.o [1]
ADS1115_pga             0x2000'0008     0x2  Data  Gb  ads1115.o [1]
ADS1115_rawValue        0x2000'0002     0x2  Data  Gb  ads1115.o [1]
ADS1115_readSingleEnded_C0
                         0x800'7bb7    0x46  Code  Gb  ads1115.o [1]
ADS1115_readSingleEnded_C1
                         0x800'7bfd    0x46  Code  Gb  ads1115.o [1]
ADS1115_voltCoef        0x2000'000c     0x4  Data  Gb  ads1115.o [1]
AHBPrescTable            0x800'b5dc    0x10  Data  Gb  system_stm32f4xx.o [1]
APBPrescTable            0x800'b688     0x8  Data  Gb  system_stm32f4xx.o [1]
AddressCH               0x2000'2276     0x2  Data  Gb  process.o [1]
Aldata                  0x2000'2d5c     0x8  Data  Lc  heap0.o [2]
BCD_to_Dec               0x800'7df1    0x10  Code  Lc  rtc.o [1]
BusFault_Handler         0x800'b3b3     0x2  Code  Gb  stm32f4xx_it.o [1]
CSTACK$$Base            0x2000'2d78           --   Gb  - Linker created -
CSTACK$$Limit           0x2000'3178           --   Gb  - Linker created -
CardType                0x2000'267d     0x1  Data  Lc  fatfs_sd.o [1]
ChanelSelect            0x2000'23f7     0x1  Data  Gb  uart_ctrl.o [1]
Convert_To_Engineering_Value
                         0x800'80e5    0xb4  Code  Gb  convert.o [1]
DESELECT                 0x800'93e3     0x4  Code  Lc  fatfs_sd.o [1]
Data_RX                 0x2000'2a84    0x80  Data  Gb  process.o [1]
DebugMon_Handler         0x800'b3b9     0x2  Code  Gb  stm32f4xx_it.o [1]
Dtentox                  0x800'45f5   0x234  Code  Lc  strto64.o [3]
EXTI15_10_IRQHandler     0x800'5b29    0xec  Code  Gb  process.o [1]
EXTI9_5_IRQHandler       0x800'b3bf    0x14  Code  Gb  stm32f4xx_it.o [1]
Error_Handler            0x800'5d75     0x4  Code  Gb  process.o [1]
ExCvt                    0x800'b164    0x80  Data  Lc  ff.o [1]
FATFS_LinkDriver         0x800'1b31     0x4  Code  Gb  ff_gen_drv.o [1]
FATFS_LinkDriverEx       0x800'1af9    0x38  Code  Gb  ff_gen_drv.o [1]
FatFs                   0x2000'268c     0x4  Data  Lc  ff.o [1]
Files                   0x2000'2d28    0x20  Data  Lc  ff.o [1]
Fsid                    0x2000'2688     0x2  Data  Lc  ff.o [1]
HAL_DMA_Abort            0x800'89ed    0x78  Code  Gb  stm32f4xx_hal_dma.o [1]
HAL_DMA_Abort_IT         0x800'8a65    0x24  Code  Gb  stm32f4xx_hal_dma.o [1]
HAL_Delay                0x800'7abd    0x28  Code  Wk  stm32f4xx_hal.o [1]
HAL_GPIO_EXTI_IRQHandler
                         0x800'60f1    0x10  Code  Gb  stm32f4xx_hal_gpio.o [1]
HAL_GPIO_Init            0x800'5f0d   0x1c0  Code  Gb  stm32f4xx_hal_gpio.o [1]
HAL_GPIO_ReadPin         0x800'60cd     0xc  Code  Gb  stm32f4xx_hal_gpio.o [1]
HAL_GPIO_TogglePin       0x800'60e1    0x10  Code  Gb  stm32f4xx_hal_gpio.o [1]
HAL_GPIO_WritePin        0x800'60d9     0x8  Code  Gb  stm32f4xx_hal_gpio.o [1]
HAL_GetTick              0x800'89e1     0xc  Code  Wk  stm32f4xx_hal.o [1]
HAL_I2C_Init             0x800'61cd   0x12c  Code  Gb  stm32f4xx_hal_i2c.o [1]
HAL_I2C_IsDeviceReady    0x800'69d9   0x112  Code  Gb  stm32f4xx_hal_i2c.o [1]
HAL_I2C_Master_Receive   0x800'642b   0x1b2  Code  Gb  stm32f4xx_hal_i2c.o [1]
HAL_I2C_Master_Transmit
                         0x800'6305   0x126  Code  Gb  stm32f4xx_hal_i2c.o [1]
HAL_I2C_Mem_Read         0x800'67cd   0x120  Code  Gb  stm32f4xx_hal_i2c.o [1]
HAL_I2C_Mem_Write        0x800'6699    0xd0  Code  Gb  stm32f4xx_hal_i2c.o [1]
HAL_I2C_MspInit          0x800'877d    0x5e  Code  Gb  stm32f4xx_hal_msp.o [1]
HAL_IncTick              0x800'8699    0x10  Code  Wk  stm32f4xx_hal.o [1]
HAL_Init                 0x800'5ed1    0x30  Code  Gb  stm32f4xx_hal.o [1]
HAL_InitTick             0x800'86a9    0x8a  Code  Gb  stm32f4xx_hal_timebase_tim.o [1]
HAL_MspInit              0x800'8749    0x34  Code  Gb  stm32f4xx_hal_msp.o [1]
HAL_NVIC_EnableIRQ       0x800'61a3    0x16  Code  Gb  stm32f4xx_hal_cortex.o [1]
HAL_NVIC_SetPriority     0x800'6169    0x3a  Code  Gb  stm32f4xx_hal_cortex.o [1]
HAL_NVIC_SetPriorityGrouping
                         0x800'614f    0x1a  Code  Gb  stm32f4xx_hal_cortex.o [1]
HAL_RCC_ClockConfig      0x800'84b5   0x100  Code  Gb  stm32f4xx_hal_rcc.o [1]
HAL_RCC_GetClockConfig   0x800'85e5    0x36  Code  Gb  stm32f4xx_hal_rcc.o [1]
HAL_RCC_GetPCLK1Freq     0x800'85c1    0x10  Code  Gb  stm32f4xx_hal_rcc.o [1]
HAL_RCC_GetPCLK2Freq     0x800'85d1     0xe  Code  Gb  stm32f4xx_hal_rcc.o [1]
HAL_RCC_OscConfig        0x800'8199   0x31c  Code  Wk  stm32f4xx_hal_rcc.o [1]
HAL_SPI_Init             0x800'6eb5    0xb4  Code  Gb  stm32f4xx_hal_spi.o [1]
HAL_SPI_MspInit          0x800'880b    0x5c  Code  Gb  stm32f4xx_hal_msp.o [1]
HAL_SPI_Transmit         0x800'6f69   0x130  Code  Gb  stm32f4xx_hal_spi.o [1]
HAL_SPI_TransmitReceive
                         0x800'70ad   0x1a4  Code  Gb  stm32f4xx_hal_spi.o [1]
HAL_TIMEx_BreakCallback
                         0x800'936d     0x2  Code  Wk  stm32f4xx_hal_tim_ex.o [1]
HAL_TIMEx_CommutCallback
                         0x800'9371     0x2  Code  Wk  stm32f4xx_hal_tim_ex.o [1]
HAL_TIM_Base_Init        0x800'900d    0x1a  Code  Gb  stm32f4xx_hal_tim.o [1]
HAL_TIM_Base_Start_IT    0x800'9027    0x7c  Code  Gb  stm32f4xx_hal_tim.o [1]
HAL_TIM_IRQHandler       0x800'90ed   0x142  Code  Gb  stm32f4xx_hal_tim.o [1]
HAL_TIM_PeriodElapsedCallback
                         0x800'5cef     0xe  Code  Gb  process.o [1]
HAL_UART_IRQHandler      0x800'7553   0x26a  Code  Gb  stm32f4xx_hal_uart.o [1]
HAL_UART_Init            0x800'73e1    0x1e  Code  Gb  stm32f4xx_hal_uart.o [1]
HAL_UART_MspInit         0x800'8873    0xe2  Code  Gb  stm32f4xx_hal_msp.o [1]
HAL_UART_Receive_IT      0x800'7507    0x30  Code  Gb  stm32f4xx_hal_uart.o [1]
HAL_UART_RxCpltCallback
                         0x800'8dc5    0x4c  Code  Gb  uart_ctrl.o [1]
HAL_UART_Transmit        0x800'7457    0xb0  Code  Gb  stm32f4xx_hal_uart.o [1]
HEAP$$Base              0x2000'3178           --   Gb  - Linker created -
HEAP$$Limit             0x2000'3378           --   Gb  - Linker created -
HardFault_Handler        0x800'b3af     0x2  Code  Gb  stm32f4xx_it.o [1]
I2C_IsAcknowledgeFailed
                         0x800'6e87    0x2c  Code  Lc  stm32f4xx_hal_i2c.o [1]
I2C_RequestMemoryRead    0x800'6bdf    0xae  Code  Lc  stm32f4xx_hal_i2c.o [1]
I2C_RequestMemoryWrite   0x800'6b41    0x84  Code  Lc  stm32f4xx_hal_i2c.o [1]
I2C_WaitOnBTFFlagUntilTimeout
                         0x800'6df5    0x3a  Code  Lc  stm32f4xx_hal_i2c.o [1]
I2C_WaitOnFlagUntilTimeout
                         0x800'6ccd    0x50  Code  Lc  stm32f4xx_hal_i2c.o [1]
I2C_WaitOnMasterAddressFlagUntilTimeout
                         0x800'6d1d    0x74  Code  Lc  stm32f4xx_hal_i2c.o [1]
I2C_WaitOnRXNEFlagUntilTimeout
                         0x800'6e2f    0x44  Code  Lc  stm32f4xx_hal_i2c.o [1]
I2C_WaitOnTXEFlagUntilTimeout
                         0x800'6d9f    0x3a  Code  Lc  stm32f4xx_hal_i2c.o [1]
ILI9341_Draw_Char        0x800'a2d5    0x90  Code  Gb  ILI9341_GFX.o [1]
ILI9341_Draw_Colour_Burst
                         0x800'9c97    0x74  Code  Gb  ILI9341_STM32_Driver.o [1]
ILI9341_Draw_Colour_Burst::burst_buffer
                        0x2000'2890   0x1f4  Data  Lc  ILI9341_STM32_Driver.o [1]
ILI9341_Draw_Pixel       0x800'9d2b    0xd8  Code  Gb  ILI9341_STM32_Driver.o [1]
ILI9341_Draw_Rectangle   0x800'9e17    0x50  Code  Gb  ILI9341_STM32_Driver.o [1]
ILI9341_Draw_Text        0x800'a365    0x38  Code  Gb  ILI9341_GFX.o [1]
ILI9341_Fill_Screen      0x800'9d0b    0x20  Code  Gb  ILI9341_STM32_Driver.o [1]
ILI9341_Init             0x800'9a89   0x20a  Code  Gb  ILI9341_STM32_Driver.o [1]
ILI9341_Reset            0x800'99ff    0x2c  Code  Gb  ILI9341_STM32_Driver.o [1]
ILI9341_SPI_Send         0x800'994d     0xc  Code  Gb  ILI9341_STM32_Driver.o [1]
ILI9341_Set_Address      0x800'99b1    0x4e  Code  Gb  ILI9341_STM32_Driver.o [1]
ILI9341_Set_Rotation     0x800'9a41    0x48  Code  Gb  ILI9341_STM32_Driver.o [1]
ILI9341_Write_Command    0x800'9963    0x1a  Code  Gb  ILI9341_STM32_Driver.o [1]
ILI9341_Write_Data       0x800'997d    0x18  Code  Gb  ILI9341_STM32_Driver.o [1]
Index                   0x2000'23f6     0x1  Data  Gb  uart_ctrl.o [1]
LCD_HEIGHT              0x2000'2682     0x2  Data  Gb  ILI9341_STM32_Driver.o [1]
LCD_WIDTH               0x2000'2684     0x2  Data  Gb  ILI9341_STM32_Driver.o [1]
LfnBuf                  0x2000'2690   0x200  Data  Lc  ff.o [1]
LfnOfs                   0x800'0d04    0x10  Data  Lc  ff.o [1]
MCP23008_Init            0x800'7d8f     0xa  Code  Gb  mcp23008.o [1]
MCP23008_PinMode         0x800'7d9d    0x2a  Code  Gb  mcp23008.o [1]
MCP23008_PullUp          0x800'7dc7    0x2a  Code  Gb  mcp23008.o [1]
MCP23008_ReadGPIO        0x800'7d99     0x4  Code  Gb  mcp23008.o [1]
MCP23008_ReadRegister    0x800'7d61    0x2e  Code  Lc  mcp23008.o [1]
MCP23008_WriteRegister   0x800'7d45    0x1c  Code  Lc  mcp23008.o [1]
MX_FATFS_Init            0x800'1add    0x10  Code  Gb  fatfs.o [1]
MemManage_Handler        0x800'b3b1     0x2  Code  Gb  stm32f4xx_it.o [1]
NMI_Handler              0x800'b3ad     0x2  Code  Gb  stm32f4xx_it.o [1]
PendSV_Handler           0x800'b3bb     0x2  Code  Gb  stm32f4xx_it.o [1]
PowerFlag               0x2000'267e     0x1  Data  Lc  fatfs_sd.o [1]
Process_Init             0x800'51c9   0x40c  Code  Gb  process.o [1]
Process_Run              0x800'5605   0x4a8  Code  Gb  process.o [1]
RTC_GetTime              0x800'7e39    0x6a  Code  Gb  rtc.o [1]
RTC_Init                 0x800'7e2d     0x6  Code  Gb  rtc.o [1]
RTC_Read                 0x800'7e01    0x1c  Code  Lc  rtc.o [1]
Region$$Table$$Base      0x800'b5ac           --   Gb  - Linker created -
Region$$Table$$Limit     0x800'b5cc           --   Gb  - Linker created -
SD_PowerOn               0x800'9479    0x60  Code  Lc  fatfs_sd.o [1]
SD_ReadyWait             0x800'945d    0x1c  Code  Lc  fatfs_sd.o [1]
SD_RxDataBlock           0x800'94d9    0x42  Code  Lc  fatfs_sd.o [1]
SD_SendCmd               0x800'9571    0x60  Code  Lc  fatfs_sd.o [1]
SD_TxDataBlock           0x800'951b    0x56  Code  Lc  fatfs_sd.o [1]
SD_disk_initialize       0x800'95d1   0x114  Code  Gb  fatfs_sd.o [1]
SD_disk_ioctl            0x800'980f   0x12e  Code  Gb  fatfs_sd.o [1]
SD_disk_read             0x800'96f7    0x70  Code  Gb  fatfs_sd.o [1]
SD_disk_status           0x800'96eb     0xc  Code  Gb  fatfs_sd.o [1]
SD_disk_write            0x800'976f    0x9a  Code  Gb  fatfs_sd.o [1]
SELECT                   0x800'93dd     0x6  Code  Lc  fatfs_sd.o [1]
SHT31_GetTempAndHumidity
                         0x800'7fb5    0x8a  Code  Gb  sht31.o [1]
SHT31_ReadData           0x800'7f9f    0x14  Code  Gb  sht31.o [1]
SHT31_SendCommand1       0x800'7f81    0x1e  Code  Gb  sht31.o [1]
SPI_EndRxTxTransaction   0x800'737b    0x50  Code  Lc  stm32f4xx_hal_spi.o [1]
SPI_RxByte               0x800'942d    0x22  Code  Lc  fatfs_sd.o [1]
SPI_TxBuffer             0x800'940d    0x20  Code  Lc  fatfs_sd.o [1]
SPI_TxByte               0x800'93fb    0x12  Code  Lc  fatfs_sd.o [1]
SPI_WaitFlagStateUntilTimeout
                         0x800'72bb    0xb4  Code  Lc  stm32f4xx_hal_spi.o [1]
SVC_Handler              0x800'b3b7     0x2  Code  Gb  stm32f4xx_it.o [1]
Stat                    0x2000'267c     0x1  Data  Lc  fatfs_sd.o [1]
SysTick_Handler          0x800'b3bd     0x2  Code  Gb  stm32f4xx_it.o [1]
SystemClock_Config       0x800'5c53    0x9c  Code  Gb  process.o [1]
SystemCoreClock         0x2000'23f0     0x4  Data  Gb  system_stm32f4xx.o [1]
SystemInit               0x800'b5cd     0xc  Code  Gb  system_stm32f4xx.o [1]
TIM4_IRQHandler          0x800'b3d3     0x6  Code  Gb  stm32f4xx_it.o [1]
TIM_Base_SetConfig       0x800'923d    0x96  Code  Gb  stm32f4xx_hal_tim.o [1]
Tbl                      0x800'ab20   0x100  Data  Lc  ccsbcs.o [1]
Timer1                  0x2000'2680     0x2  Data  Gb  fatfs_sd.o [1]
Timer2                  0x2000'2d70     0x2  Data  Gb  fatfs_sd.o [1]
UART_DMAAbortOnError     0x800'7915     0xc  Code  Lc  stm32f4xx_hal_uart.o [1]
UART_EndRxTransfer       0x800'78cb    0x2a  Code  Lc  stm32f4xx_hal_uart.o [1]
UART_Receive_IT          0x800'7921    0xaa  Code  Lc  stm32f4xx_hal_uart.o [1]
UART_SetConfig           0x800'79f5    0xae  Code  Lc  stm32f4xx_hal_uart.o [1]
UART_Start_Receive_IT    0x800'7879    0x3a  Code  Gb  stm32f4xx_hal_uart.o [1]
UART_WaitOnFlagUntilTimeout
                         0x800'77e5    0x5e  Code  Lc  stm32f4xx_hal_uart.o [1]
UI_Process_Init          0x800'9e81    0x16  Code  Gb  UI_process.o [1]
UI_Process_Run           0x800'9e99   0x220  Code  Gb  UI_process.o [1]
USART1_IRQHandler        0x800'b3d9     0x6  Code  Gb  stm32f4xx_it.o [1]
USART2_IRQHandler        0x800'b3df     0x6  Code  Gb  stm32f4xx_it.o [1]
USART3_IRQHandler        0x800'b3e5     0x6  Code  Gb  stm32f4xx_it.o [1]
USERPath                0x2000'2d58     0x4  Data  Gb  fatfs.o [1]
USER_Driver             0x2000'24e8    0x14  Data  Gb  user_diskio.o [1]
USER_initialize          0x800'b659     0x4  Code  Gb  user_diskio.o [1]
USER_ioctl               0x800'b669     0x4  Code  Gb  user_diskio.o [1]
USER_read                0x800'b661     0x4  Code  Gb  user_diskio.o [1]
USER_status              0x800'b65d     0x4  Code  Gb  user_diskio.o [1]
USER_write               0x800'b665     0x4  Code  Gb  user_diskio.o [1]
UsageFault_Handler       0x800'b3b5     0x2  Code  Gb  stm32f4xx_it.o [1]
_Close_all               0x800'b489    0x3c  Code  Gb  xcloseall.o [2]
_Files                  0x2000'2654    0x20  Data  Gb  xfiles.o [2]
_Fofree                  0x800'b0c5    0x96  Code  Gb  xfofind.o [2]
_Fspos                   0x800'ac21    0xd8  Code  Gb  xfspos.o [2]
_Fwprep                  0x800'afed    0xb4  Code  Gb  xfwprep.o [2]
_Get                     0x800'373d    0x12  Code  Lc  xscanffull_nomb.o [2]
_GetN                    0x800'374f    0x22  Code  Lc  xscanffull_nomb.o [2]
_GetstrFullNoMb          0x800'42ed   0x1a2  Code  Lc  xscanffull_nomb.o [2]
_LitobFullNoMb           0x800'28f9   0x10a  Code  Lc  xprintffull_nomb.o [2]
_LocaleC_isalpha         0x800'339f     0xc  Code  Gb  xlocale_c.o [2]
_LocaleC_islower         0x800'3399     0x4  Code  Gb  xlocale_c.o [2]
_LocaleC_isspace         0x800'33b5    0x14  Code  Gb  xlocale_c.o [2]
_LocaleC_isupper         0x800'339d     0x2  Code  Gb  xlocale_c.o [2]
_LocaleC_tolower         0x800'33c9     0xc  Code  Gb  xlocale_c.o [2]
_Locale_lconv           0x2000'24fc    0x38  Data  Lc  xlocale_c.o [2]
_Nnl                     0x800'ada5     0xc  Code  Gb  xfgpos.o [2]
_PrintfFullNoMb          0x800'1b39   0xd9c  Code  Gb  xprintffull_nomb.o [2]
_Prout                   0x800'b637    0x16  Code  Gb  xprout.o [2]
_PutcharFullNoMb         0x800'2a69    0x20  Code  Lc  xprintffull_nomb.o [2]
_PutcharsFullNoMb        0x800'2a89    0x2e  Code  Lc  xprintffull_nomb.o [2]
_SNProut                 0x800'2b33    0x1a  Code  Gb  xsnprout.o [2]
_SProut                  0x800'2caf     0xa  Code  Gb  xsprout.o [2]
_SScin                   0x800'2aff    0x1e  Code  Gb  xsscin.o [2]
_ScanfFullNoMb           0x800'378d   0xb02  Code  Gb  xscanffull_nomb.o [2]
_UngetN                  0x800'3771    0x1a  Code  Lc  xscanffull_nomb.o [2]
__NVIC_SetPriority       0x800'6135    0x1a  Code  Lc  stm32f4xx_hal_cortex.o [1]
__aeabi_cdcmple          0x800'2c81          Code  Gb  DblCmpLe.o [3]
__aeabi_cdrcmple         0x800'2cb9          Code  Gb  DblCmpGe.o [3]
__aeabi_d2f              0x800'4a11          Code  Gb  DblToFlt.o [3]
__aeabi_d2iz             0x800'2e25          Code  Gb  DblToS32.o [3]
__aeabi_d2uiz            0x800'31b1          Code  Gb  DblToU32.o [3]
__aeabi_dadd             0x800'34f1          Code  Gb  DblAdd.o [3]
__aeabi_ddiv             0x800'2f69          Code  Gb  DblDiv.o [3]
__aeabi_dmul             0x800'31f5          Code  Gb  DblMul.o [3]
__aeabi_dsub             0x800'2e85          Code  Gb  DblSub.o [3]
__aeabi_f2d              0x800'809d          Code  Gb  FltToDbl.o [3]
__aeabi_i2d              0x800'2e61          Code  Gb  S32ToDbl.o [3]
__aeabi_ldiv0            0x800'366d          Code  Gb  I64DivZer.o [4]
__aeabi_memclr4          0x800'5f05          Code  Gb  ABImemclr4.o [4]
__aeabi_memset           0x800'9375          Code  Gb  ABImemset.o [4]
__aeabi_ui2d             0x800'31d9          Code  Gb  U32ToDbl.o [3]
__basic_free             0x800'a93b    0x16  Code  Gb  heap0.o [2]
__basic_free_intern      0x800'a951    0x74  Code  Lc  heap0.o [2]
__basic_malloc           0x800'a891    0x18  Code  Gb  heap0.o [2]
__basic_malloc_intern    0x800'a8a9    0x92  Code  Lc  heap0.o [2]
__cexit_closeall         0x800'b62b          Code  Gb  cexit.o [4]
__close                  0x800'b263    0x18  Code  Gb  close.o [5]
__cmain                  0x800'b5ed          Code  Gb  cmain.o [4]
__cstart_closeall        0x800'b7c4          Data  Gb  cstart_closeall.o [4]
__data_GetMemChunk       0x800'a9c9    0x2c  Code  Gb  xgetmemchunk.o [2]
__data_GetMemChunk::start
                        0x2000'2d6c     0x4  Data  Lc  xgetmemchunk.o [2]
__dwrite                 0x800'aed9    0x1e  Code  Gb  dwrite.o [5]
__exit                   0x800'3671    0x14  Code  Gb  exit.o [5]
__iar_Fail_s             0x800'2b4d    0x1c  Code  Gb  xfail_s.o [2]
__iar_Memchr             0x800'2ba1          Code  Gb  memchr.o [4]
__iar_Memset             0x800'9375          Code  Gb  ABImemset.o [4]
__iar_Memset4_word       0x800'89ad          Code  Gb  ABImemset48.o [4]
__iar_Memset8_word       0x800'89ad          Code  Gb  ABImemset48.o [4]
__iar_Memset_word        0x800'937d          Code  Gb  ABImemset.o [4]
__iar_Stderr            0x2000'260c    0x48  Data  Gb  xfiles.o [2]
__iar_Stdin             0x2000'257c    0x48  Data  Gb  xfiles.o [2]
__iar_Stdout            0x2000'25c4    0x48  Data  Gb  xfiles.o [2]
__iar_Sto64              0x800'4839   0x194  Code  Gb  strto64.o [3]
__iar_Stoflt             0x800'4df5   0x1b8  Code  Gb  iar_Stoflt.o [2]
__iar_Stollx             0x800'4c2d    0xa0  Code  Gb  iar_Stollx.o [2]
__iar_Stopfx             0x800'4cd3   0x122  Code  Gb  iar_Stopfx.o [2]
__iar_Stoullx            0x800'4a79   0x1a4  Code  Gb  iar_Stoullx.o [2]
__iar_Stoxflt            0x800'4fad   0x1d2  Code  Gb  iar_Stoxflt.o [2]
__iar_Stoxflt::digits    0x800'5184    0x18  Data  Lc  iar_Stoxflt.o [2]
__iar_Stoxflt::vals      0x800'519c    0x18  Data  Lc  iar_Stoxflt.o [2]
__iar_Strchr             0x800'2b1d          Code  Gb  strchr.o [4]
__iar_close_ttio         0x800'3685    0x2c  Code  Gb  iarttio.o [5]
__iar_dadd               0x800'2e95          Code  Gb  DblSub.o [3]
__iar_data_init3         0x800'b519    0x28  Code  Gb  data_init.o [4]
__iar_dsub               0x800'3501          Code  Gb  DblAdd.o [3]
__iar_dsubStart          0x800'3513          Code  Gb  DblAdd.o [3]
__iar_frexp              0x800'2c1d          Code  Gb  frexp.o [3]
__iar_frexpl             0x800'2c1d          Code  Gb  frexp.o [3]
__iar_get_ttio           0x800'36b1    0x4c  Code  Gb  iarttio.o [5]
__iar_globLocale        0x2000'2534    0x48  Data  Lc  xlocale_c.o [2]
__iar_global_Locale      0x800'33d5     0x4  Code  Gb  xlocale_c.o [2]
__iar_init_vfp           0x800'b589          Code  Gb  fpinit_M.o [3]
__iar_ldexp64            0x800'2ce9          Code  Gb  ldexp.o [3]
__iar_lookup_ttioh       0x800'372f     0x4  Code  Gb  XShttio.o [2]
__iar_lz77_init_single3
                         0x800'b28f    0x78  Code  Gb  lz77_init_single.o [4]
__iar_program_start      0x800'b67d          Code  Gb  cstartup_M.o [4]
__iar_scalbln64          0x800'2ce9          Code  Gb  ldexp.o [3]
__iar_scalbn64           0x800'2ce9          Code  Gb  ldexp.o [3]
__iar_sh_Discard         0x800'ae0d    0x42  Code  Gb  XShHandles.o [2]
__iar_sh_Move            0x800'ae4f    0x46  Code  Gb  XShHandles.o [2]
__iar_sh_Pos             0x800'ae95    0x3e  Code  Gb  XShHandles.o [2]
__iar_sh_stdout          0x800'aef7    0x20  Code  Gb  iarwstd.o [5]
__iar_sh_write           0x800'af17    0x22  Code  Gb  iarwrite.o [5]
__iar_small_Memcpy       0x800'2bfd          Code  Gb  ABImemcpy_small.o [4]
__iar_small_memcpy       0x800'2bf9          Code  Gb  ABImemcpy_small.o [4]
__iar_small_memcpy4      0x800'2bf9          Code  Gb  ABImemcpy_small.o [4]
__iar_small_memcpy8      0x800'2bf9          Code  Gb  ABImemcpy_small.o [4]
__iar_small_strlen       0x800'2b8d          Code  Gb  strlen_small.o [4]
__iar_small_uldivmod     0x800'33e5          Code  Gb  I64DivMod_small.o [4]
__iar_softfp___iar_frexp64
                         0x800'2c11          Code  Gb  frexp.o [3]
__iar_softfp_frexp       0x800'2c11          Code  Gb  frexp.o [3]
__iar_softfp_frexpl      0x800'2c11          Code  Gb  frexp.o [3]
__iar_ttio_guard_lock    0x800'3701    0x1e  Code  Gb  XShttio.o [2]
__iar_ttio_guard_unlock
                         0x800'371f    0x10  Code  Gb  XShttio.o [2]
__iar_ttio_handles      0x2000'2674     0x8  Data  Lc  XShttio.o [2]
__iar_zero_init3         0x800'1967    0x3a  Code  Gb  zero_init3.o [4]
__low_level_init         0x800'b60b     0x4  Code  Gb  low_level_init.o [2]
__lseek                  0x800'adb1    0x4a  Code  Gb  lseek.o [5]
__vector_table           0x800'0000          Data  Gb  startup_stm32f407xx.o [1]
__write                  0x800'adfb    0x10  Code  Gb  write.o [5]
_call_main               0x800'b5f9          Code  Gb  cmain.o [4]
_exit                    0x800'b629          Code  Gb  cexit.o [4]
_main                    0x800'b607          Code  Gb  cmain.o [4]
abort                    0x800'34eb     0x6  Code  Gb  abort.o [2]
ads1115_read             0x800'7cc7    0x6e  Code  Gb  ads1115.o [1]
bAnalogEnable           0x2000'226a     0x1  Data  Gb  process.o [1]
bDataInProcess          0x2000'23f5     0x1  Data  Lc  uart_ctrl.o [1]
bDigitalEnable          0x2000'226c     0x1  Data  Gb  process.o [1]
bGPSEnable              0x2000'226b     0x1  Data  Gb  process.o [1]
bIsConfig               0x2000'23f8     0x1  Data  Gb  uart_ctrl.o [1]
bIsSelect               0x2000'23f9     0x1  Data  Gb  uart_ctrl.o [1]
bLiveData               0x2000'2269     0x1  Data  Gb  process.o [1]
bRTCEnable              0x2000'226e     0x1  Data  Gb  process.o [1]
bStatusADC              0x2000'23f4     0x1  Data  Gb  uart_ctrl.o [1]
bTempHumEnable          0x2000'226d     0x1  Data  Gb  process.o [1]
buffer_lcd              0x2000'2468    0x80  Data  Gb  UI_process.o [1]
check_fs                 0x800'0fb3    0x6c  Code  Lc  ff.o [1]
chk_chr                  0x800'01d7    0x12  Code  Lc  ff.o [1]
chk_lock                 0x800'01e9    0x58  Code  Lc  ff.o [1]
clear_lock               0x800'02e7    0x1a  Code  Lc  ff.o [1]
clmt_clust               0x800'072b    0x2e  Code  Lc  ff.o [1]
clust2sect               0x800'0409    0x1a  Code  Lc  ff.o [1]
create_chain             0x800'0683    0xa2  Code  Lc  ff.o [1]
date                    0x2000'2b88     0x1  Data  Gb  process.o [1]
day                     0x2000'2bf0     0x1  Data  Gb  process.o [1]
dec_lock                 0x800'02b3    0x34  Code  Lc  ff.o [1]
delayCounter            0x2000'2260     0x4  Data  Gb  process.o [1]
digits                   0x800'b384    0x28  Data  Lc  iar_Stoullx.o [2]
dir_find                 0x800'0941   0x154  Code  Lc  ff.o [1]
dir_next                 0x800'07e7    0xec  Code  Lc  ff.o [1]
dir_register             0x800'0a9d   0x268  Code  Lc  ff.o [1]
dir_sdi                  0x800'0759    0x8e  Code  Lc  ff.o [1]
disk                    0x2000'2d48     0xc  Data  Gb  ff_gen_drv.o [1]
disk_initialize          0x800'19b3    0x26  Code  Gb  diskio.o [1]
disk_ioctl               0x800'1a01    0x1a  Code  Gb  diskio.o [1]
disk_read                0x800'19d9     0xc  Code  Gb  diskio.o [1]
disk_status              0x800'19a1    0x12  Code  Gb  diskio.o [1]
disk_write               0x800'19e5     0xc  Code  Gb  diskio.o [1]
dmul                     0x800'4521    0xd2  Code  Lc  strto64.o [3]
ebuf                    0x2000'2bfc    0x50  Data  Lc  xfiles.o [2]
exit                     0x800'b623     0x4  Code  Gb  exit.o [2]
f_close                  0x800'1791    0x28  Code  Gb  ff.o [1]
f_getfree                0x800'17df    0xd2  Code  Gb  ff.o [1]
f_mount                  0x800'12db    0x58  Code  Gb  ff.o [1]
f_open                   0x800'1333   0x20a  Code  Gb  ff.o [1]
f_puts                   0x800'193f    0x1e  Code  Gb  ff.o [1]
f_sync                   0x800'1705    0x7c  Code  Gb  ff.o [1]
f_write                  0x800'155f   0x17e  Code  Gb  ff.o [1]
fclose                   0x800'b1e5    0x7e  Code  Gb  fclose.o [2]
ff_convert               0x800'1a21    0x3e  Code  Gb  ccsbcs.o [1]
ff_wtoupper              0x800'1a61    0x74  Code  Gb  ccsbcs.o [1]
ff_wtoupper::cvt1        0x800'a3a0   0x1f4  Data  Lc  ccsbcs.o [1]
ff_wtoupper::cvt2        0x800'a594    0xbc  Data  Lc  ccsbcs.o [1]
fflush                   0x800'ad6d    0x34  Code  Gb  fflush.o [2]
fflushOne                0x800'acf9    0x74  Code  Lc  fflush.o [2]
fil                     0x2000'11a8  0x1030  Data  Gb  process.o [1]
find_volume              0x800'101f   0x286  Code  Lc  ff.o [1]
follow_path              0x800'0d1d   0x238  Code  Lc  ff.o [1]
font                     0x800'a650   0x240  Data  Lc  ILI9341_GFX.o [1]
fps                     0x2000'2460     0x4  Data  Gb  UI_process.o [1]
fputc                    0x800'b307    0x54  Code  Gb  fputc.o [2]
fre_clust               0x2000'22cc     0x4  Data  Gb  process.o [1]
free                     0x800'b161     0x4  Code  Gb  heaptramp0.o [2]
freeSpace               0x2000'22d4     0x4  Data  Gb  process.o [1]
fres                    0x2000'2b84     0x1  Data  Gb  process.o [1]
fs                      0x2000'0170  0x1038  Data  Gb  process.o [1]
fseek                    0x800'b0a1    0x24  Code  Gb  fseek.o [2]
gAddressGet             0x2000'0068     0x2  Data  Gb  process.o [1]
gBuffer                 0x2000'2264     0x2  Data  Gb  process.o [1]
gBuffer1                0x2000'2266     0x2  Data  Gb  process.o [1]
gByte                   0x2000'016c     0x1  Data  Gb  process.o [1]
gCheckInit              0x2000'0066     0x1  Data  Gb  process.o [1]
gCheckPin               0x2000'2270     0x1  Data  Gb  process.o [1]
gCounter                0x2000'2464     0x4  Data  Gb  UI_process.o [1]
gCounterFS              0x2000'2272     0x2  Data  Gb  process.o [1]
gCounterLogSD           0x2000'2274     0x2  Data  Gb  process.o [1]
gCounterSendEsp32       0x2000'2271     0x1  Data  Gb  process.o [1]
gDigital                0x2000'22b8    0x10  Data  Gb  process.o [1]
gFreeSpace              0x2000'22e0     0x4  Data  Gb  process.o [1]
gGetData                0x2000'0064     0x2  Data  Gb  process.o [1]
gHighThresHold          0x2000'2288    0x10  Data  Gb  process.o [1]
gHighThresHoldApply     0x2000'2b9c    0x10  Data  Gb  process.o [1]
gHumidity               0x2000'22dc     0x4  Data  Gb  process.o [1]
gLowThresHold           0x2000'2278    0x10  Data  Gb  process.o [1]
gLowThresHoldApply      0x2000'2b8c    0x10  Data  Gb  process.o [1]
gMessRespone            0x2000'23fc    0x64  Data  Gb  uart_ctrl.o [1]
gSelectChADC            0x2000'2268     0x1  Data  Gb  process.o [1]
gTemperature            0x2000'22d8     0x4  Data  Gb  process.o [1]
g_voltage               0x2000'2298    0x20  Data  Gb  process.o [1]
get_fat                  0x800'0423    0xb0  Code  Lc  ff.o [1]
get_fattime              0x800'1af5     0x4  Code  Gb  fatfs.o [1]
get_ldnumber             0x800'0f71    0x42  Code  Lc  ff.o [1]
gpio_values             0x2000'226f     0x1  Data  Gb  process.o [1]
hi2c1                   0x2000'00c4    0x54  Data  Gb  process.o [1]
hi2c2                   0x2000'0118    0x54  Data  Gb  process.o [1]
hours                   0x2000'2b85     0x1  Data  Gb  process.o [1]
hspi1                   0x2000'006c    0x58  Data  Gb  process.o [1]
htim4                   0x2000'2c9c    0x48  Data  Gb  stm32f4xx_hal_timebase_tim.o [1]
huart1                  0x2000'2bac    0x44  Data  Gb  process.o [1]
huart2                  0x2000'221c    0x44  Data  Gb  process.o [1]
huart3                  0x2000'2ce4    0x44  Data  Gb  process.o [1]
identify_command         0x800'8c85   0x138  Code  Gb  uart_ctrl.o [1]
inc_lock                 0x800'0241    0x72  Code  Lc  ff.o [1]
isalpha                  0x800'450d    0x14  Code  Gb  isalpha.o [2]
isspace                  0x800'44f9    0x14  Code  Gb  isspace.o [2]
ld_clust                 0x800'08d9    0x26  Code  Lc  ff.o [1]
ld_dword                 0x800'018f    0x10  Code  Lc  ff.o [1]
ld_word                  0x800'0189     0x6  Code  Lc  ff.o [1]
ldexp                    0x800'2ce9          Code  Gb  ldexp.o [3]
ldexpl                   0x800'2ce9          Code  Gb  ldexp.o [3]
localeconv               0x800'33d9     0x4  Code  Gb  xlocale_c.o [2]
log_filename            0x2000'21d8    0x40  Data  Gb  process.o [1]
main                     0x800'b60f    0x14  Code  Gb  main.o [1]
mcp                     0x2000'2bf4     0x8  Data  Gb  process.o [1]
mem_cpy                  0x800'01bd    0x10  Code  Lc  ff.o [1]
mem_set                  0x800'01cd     0xa  Code  Lc  ff.o [1]
memchr                   0x800'2ba1          Code  Gb  memchr.o [4]
memset                   0x800'9303    0x14  Code  Gb  memset.o [4]
minutes                 0x2000'2b86     0x1  Data  Gb  process.o [1]
month                   0x2000'2b89     0x1  Data  Gb  process.o [1]
move_window              0x800'0347    0x34  Code  Lc  ff.o [1]
ndigs                    0x800'b35c    0x28  Data  Lc  iar_Stoullx.o [2]
obuf                    0x2000'2c4c    0x50  Data  Lc  xfiles.o [2]
pfs                     0x2000'22c8     0x4  Data  Gb  process.o [1]
pows                     0x800'b440    0x48  Data  Lc  strto64.o [3]
printf                   0x800'7f59    0x28  Code  Gb  printf.o [2]
prj_eeprom_24lc256_read_bytes
                         0x800'7ee7    0x2e  Code  Gb  24lc256.o [1]
prj_eeprom_24lc256_write_bytes
                         0x800'7eb1    0x36  Code  Gb  24lc256.o [1]
put_fat                  0x800'04e3   0x10c  Code  Lc  ff.o [1]
putc_bfd                 0x800'18c3    0x46  Code  Lc  ff.o [1]
putc_flush               0x800'1909    0x2c  Code  Lc  ff.o [1]
putc_init                0x800'1935     0xa  Code  Lc  ff.o [1]
putchar                  0x800'b64d     0xc  Code  Gb  putchar.o [2]
ranmatch                 0x800'42a9    0x42  Code  Lc  xscanffull_nomb.o [2]
remove                   0x800'b27b    0x14  Code  Gb  remove.o [5]
remove_chain             0x800'0619    0x6a  Code  Lc  ff.o [1]
retUSER                 0x2000'2d54     0x1  Data  Gb  fatfs.o [1]
rtc_i2c                 0x2000'2d64     0x4  Data  Lc  rtc.o [1]
sFileInfo               0x2000'2b04    0x80  Data  Lc  XShHandles.o [2]
scalbln                  0x800'2ce9          Code  Gb  ldexp.o [3]
scalblnl                 0x800'2ce9          Code  Gb  ldexp.o [3]
scalbn                   0x800'2ce9          Code  Gb  ldexp.o [3]
scalbnl                  0x800'2ce9          Code  Gb  ldexp.o [3]
scale                    0x800'2a03    0x46  Code  Lc  xprintffull_nomb.o [2]
sec_hand                0x2000'2d68     0x4  Data  Lc  xfail_s.o [2]
seconds                 0x2000'2b87     0x1  Data  Gb  process.o [1]
snprintf                 0x800'8059    0x44  Code  Gb  snprintf.o [2]
sprintf                  0x800'7f19    0x40  Code  Gb  sprintf.o [2]
sscanf                   0x800'9341    0x28  Code  Gb  sscanf.o [2]
st_clust                 0x800'08ff    0x26  Code  Lc  ff.o [1]
st_dword                 0x800'01ad    0x10  Code  Lc  ff.o [1]
st_word                  0x800'01a5     0x8  Code  Lc  ff.o [1]
stateUSB                0x2000'2219     0x1  Data  Gb  process.o [1]
strchr                   0x800'2b1d          Code  Gb  strchr.o [4]
strncmp                  0x800'9317    0x28  Code  Gb  strncmp.o [2]
strtoll                  0x800'4ccd     0x2  Code  Gb  iar_Stollx.o [2]
strtoull                 0x800'4c25     0x2  Code  Gb  iar_Stoullx.o [2]
sum_sfn                  0x800'0925    0x1c  Code  Lc  ff.o [1]
sync_fs                  0x800'037b    0x80  Code  Lc  ff.o [1]
sync_window              0x800'0301    0x38  Code  Lc  ff.o [1]
systemState             0x2000'2218     0x1  Data  Gb  process.o [1]
tolower                  0x800'51b5    0x14  Code  Gb  tolower.o [2]
totalSpace              0x2000'22d0     0x4  Data  Gb  process.o [1]
ttio_guard              0x2000'2d72     0x1  Data  Lc  XShttio.o [2]
uart_buf_esp32          0x2000'22e4   0x100  Data  Gb  process.o [1]
uart_handle_mess         0x800'8aed   0x166  Code  Gb  uart_ctrl.o [1]
uart_proc_config         0x800'8ab5    0x38  Code  Gb  uart_ctrl.o [1]
uwTick                  0x2000'23e8     0x4  Data  Gb  stm32f4xx_hal.o [1]
uwTickFreq              0x2000'23e4     0x1  Data  Gb  stm32f4xx_hal.o [1]
uwTickPrio              0x2000'23ec     0x4  Data  Gb  stm32f4xx_hal.o [1]
validate                 0x800'12a5    0x36  Code  Lc  ff.o [1]
year                    0x2000'2b8a     0x1  Data  Gb  process.o [1]


[1] = C:\Users\huyvu\OneDrive - hcmut.edu.vn\Desktop\Do2\Firmware\DLGER_F407_July.5.2025\Thesis_Prj\EWARM\DLGER_F407\Obj
[2] = dl7M_tlf.a
[3] = m7M_tls.a
[4] = rt7M_tl.a
[5] = shb_l.a

  44'483 bytes of readonly  code memory
   2'867 bytes of readonly  data memory
  13'169 bytes of readwrite data memory

Errors: none
Warnings: none
