###############################################################################
#
# IAR ELF Linker V8.40.2.214/W32 for ARM                  21/Jun/2025  16:14:58
# Copyright 2007-2019 IAR Systems AB.
#
#    Output file  =
#        C:\Users\huyvu\OneDrive -
#        hcmut.edu.vn\Desktop\Do2\Firmware\DLGER_F407_Jun.15.2025\Thesis_Prj\EWARM\DLGER_F407\Exe\DLGER_F407.out
#    Map file     =
#        C:\Users\huyvu\OneDrive -
#        hcmut.edu.vn\Desktop\Do2\Firmware\DLGER_F407_Jun.15.2025\Thesis_Prj\EWARM\DLGER_F407\List\DLGER_F407.map
#    Command line =
#        -f C:\Users\huyvu\AppData\Local\Temp\EWEA77.tmp
#        ("C:\Users\huyvu\OneDrive -
#        hcmut.edu.vn\Desktop\Do2\Firmware\DLGER_F407_Jun.15.2025\Thesis_Prj\EWARM\DLGER_F407\Obj\ads1115.o"
#        "C:\Users\huyvu\OneDrive -
#        hcmut.edu.vn\Desktop\Do2\Firmware\DLGER_F407_Jun.15.2025\Thesis_Prj\EWARM\DLGER_F407\Obj\ccsbcs.o"
#        "C:\Users\huyvu\OneDrive -
#        hcmut.edu.vn\Desktop\Do2\Firmware\DLGER_F407_Jun.15.2025\Thesis_Prj\EWARM\DLGER_F407\Obj\diskio.o"
#        "C:\Users\huyvu\OneDrive -
#        hcmut.edu.vn\Desktop\Do2\Firmware\DLGER_F407_Jun.15.2025\Thesis_Prj\EWARM\DLGER_F407\Obj\fatfs.o"
#        "C:\Users\huyvu\OneDrive -
#        hcmut.edu.vn\Desktop\Do2\Firmware\DLGER_F407_Jun.15.2025\Thesis_Prj\EWARM\DLGER_F407\Obj\fatfs_sd.o"
#        "C:\Users\huyvu\OneDrive -
#        hcmut.edu.vn\Desktop\Do2\Firmware\DLGER_F407_Jun.15.2025\Thesis_Prj\EWARM\DLGER_F407\Obj\ff.o"
#        "C:\Users\huyvu\OneDrive -
#        hcmut.edu.vn\Desktop\Do2\Firmware\DLGER_F407_Jun.15.2025\Thesis_Prj\EWARM\DLGER_F407\Obj\ff_gen_drv.o"
#        "C:\Users\huyvu\OneDrive -
#        hcmut.edu.vn\Desktop\Do2\Firmware\DLGER_F407_Jun.15.2025\Thesis_Prj\EWARM\DLGER_F407\Obj\ili9341.o"
#        "C:\Users\huyvu\OneDrive -
#        hcmut.edu.vn\Desktop\Do2\Firmware\DLGER_F407_Jun.15.2025\Thesis_Prj\EWARM\DLGER_F407\Obj\main.o"
#        "C:\Users\huyvu\OneDrive -
#        hcmut.edu.vn\Desktop\Do2\Firmware\DLGER_F407_Jun.15.2025\Thesis_Prj\EWARM\DLGER_F407\Obj\microsd.o"
#        "C:\Users\huyvu\OneDrive -
#        hcmut.edu.vn\Desktop\Do2\Firmware\DLGER_F407_Jun.15.2025\Thesis_Prj\EWARM\DLGER_F407\Obj\process.o"
#        "C:\Users\huyvu\OneDrive -
#        hcmut.edu.vn\Desktop\Do2\Firmware\DLGER_F407_Jun.15.2025\Thesis_Prj\EWARM\DLGER_F407\Obj\sht31.o"
#        "C:\Users\huyvu\OneDrive -
#        hcmut.edu.vn\Desktop\Do2\Firmware\DLGER_F407_Jun.15.2025\Thesis_Prj\EWARM\DLGER_F407\Obj\startup_stm32f407xx.o"
#        "C:\Users\huyvu\OneDrive -
#        hcmut.edu.vn\Desktop\Do2\Firmware\DLGER_F407_Jun.15.2025\Thesis_Prj\EWARM\DLGER_F407\Obj\stm32f4xx_hal.o"
#        "C:\Users\huyvu\OneDrive -
#        hcmut.edu.vn\Desktop\Do2\Firmware\DLGER_F407_Jun.15.2025\Thesis_Prj\EWARM\DLGER_F407\Obj\stm32f4xx_hal_cortex.o"
#        "C:\Users\huyvu\OneDrive -
#        hcmut.edu.vn\Desktop\Do2\Firmware\DLGER_F407_Jun.15.2025\Thesis_Prj\EWARM\DLGER_F407\Obj\stm32f4xx_hal_dma.o"
#        "C:\Users\huyvu\OneDrive -
#        hcmut.edu.vn\Desktop\Do2\Firmware\DLGER_F407_Jun.15.2025\Thesis_Prj\EWARM\DLGER_F407\Obj\stm32f4xx_hal_dma_ex.o"
#        "C:\Users\huyvu\OneDrive -
#        hcmut.edu.vn\Desktop\Do2\Firmware\DLGER_F407_Jun.15.2025\Thesis_Prj\EWARM\DLGER_F407\Obj\stm32f4xx_hal_exti.o"
#        "C:\Users\huyvu\OneDrive -
#        hcmut.edu.vn\Desktop\Do2\Firmware\DLGER_F407_Jun.15.2025\Thesis_Prj\EWARM\DLGER_F407\Obj\stm32f4xx_hal_flash.o"
#        "C:\Users\huyvu\OneDrive -
#        hcmut.edu.vn\Desktop\Do2\Firmware\DLGER_F407_Jun.15.2025\Thesis_Prj\EWARM\DLGER_F407\Obj\stm32f4xx_hal_flash_ex.o"
#        "C:\Users\huyvu\OneDrive -
#        hcmut.edu.vn\Desktop\Do2\Firmware\DLGER_F407_Jun.15.2025\Thesis_Prj\EWARM\DLGER_F407\Obj\stm32f4xx_hal_flash_ramfunc.o"
#        "C:\Users\huyvu\OneDrive -
#        hcmut.edu.vn\Desktop\Do2\Firmware\DLGER_F407_Jun.15.2025\Thesis_Prj\EWARM\DLGER_F407\Obj\stm32f4xx_hal_gpio.o"
#        "C:\Users\huyvu\OneDrive -
#        hcmut.edu.vn\Desktop\Do2\Firmware\DLGER_F407_Jun.15.2025\Thesis_Prj\EWARM\DLGER_F407\Obj\stm32f4xx_hal_i2c.o"
#        "C:\Users\huyvu\OneDrive -
#        hcmut.edu.vn\Desktop\Do2\Firmware\DLGER_F407_Jun.15.2025\Thesis_Prj\EWARM\DLGER_F407\Obj\stm32f4xx_hal_i2c_ex.o"
#        "C:\Users\huyvu\OneDrive -
#        hcmut.edu.vn\Desktop\Do2\Firmware\DLGER_F407_Jun.15.2025\Thesis_Prj\EWARM\DLGER_F407\Obj\stm32f4xx_hal_msp.o"
#        "C:\Users\huyvu\OneDrive -
#        hcmut.edu.vn\Desktop\Do2\Firmware\DLGER_F407_Jun.15.2025\Thesis_Prj\EWARM\DLGER_F407\Obj\stm32f4xx_hal_pwr.o"
#        "C:\Users\huyvu\OneDrive -
#        hcmut.edu.vn\Desktop\Do2\Firmware\DLGER_F407_Jun.15.2025\Thesis_Prj\EWARM\DLGER_F407\Obj\stm32f4xx_hal_pwr_ex.o"
#        "C:\Users\huyvu\OneDrive -
#        hcmut.edu.vn\Desktop\Do2\Firmware\DLGER_F407_Jun.15.2025\Thesis_Prj\EWARM\DLGER_F407\Obj\stm32f4xx_hal_rcc.o"
#        "C:\Users\huyvu\OneDrive -
#        hcmut.edu.vn\Desktop\Do2\Firmware\DLGER_F407_Jun.15.2025\Thesis_Prj\EWARM\DLGER_F407\Obj\stm32f4xx_hal_rcc_ex.o"
#        "C:\Users\huyvu\OneDrive -
#        hcmut.edu.vn\Desktop\Do2\Firmware\DLGER_F407_Jun.15.2025\Thesis_Prj\EWARM\DLGER_F407\Obj\stm32f4xx_hal_spi.o"
#        "C:\Users\huyvu\OneDrive -
#        hcmut.edu.vn\Desktop\Do2\Firmware\DLGER_F407_Jun.15.2025\Thesis_Prj\EWARM\DLGER_F407\Obj\stm32f4xx_hal_tim.o"
#        "C:\Users\huyvu\OneDrive -
#        hcmut.edu.vn\Desktop\Do2\Firmware\DLGER_F407_Jun.15.2025\Thesis_Prj\EWARM\DLGER_F407\Obj\stm32f4xx_hal_tim_ex.o"
#        "C:\Users\huyvu\OneDrive -
#        hcmut.edu.vn\Desktop\Do2\Firmware\DLGER_F407_Jun.15.2025\Thesis_Prj\EWARM\DLGER_F407\Obj\stm32f4xx_hal_timebase_tim.o"
#        "C:\Users\huyvu\OneDrive -
#        hcmut.edu.vn\Desktop\Do2\Firmware\DLGER_F407_Jun.15.2025\Thesis_Prj\EWARM\DLGER_F407\Obj\stm32f4xx_hal_uart.o"
#        "C:\Users\huyvu\OneDrive -
#        hcmut.edu.vn\Desktop\Do2\Firmware\DLGER_F407_Jun.15.2025\Thesis_Prj\EWARM\DLGER_F407\Obj\stm32f4xx_it.o"
#        "C:\Users\huyvu\OneDrive -
#        hcmut.edu.vn\Desktop\Do2\Firmware\DLGER_F407_Jun.15.2025\Thesis_Prj\EWARM\DLGER_F407\Obj\syscall.o"
#        "C:\Users\huyvu\OneDrive -
#        hcmut.edu.vn\Desktop\Do2\Firmware\DLGER_F407_Jun.15.2025\Thesis_Prj\EWARM\DLGER_F407\Obj\system_stm32f4xx.o"
#        "C:\Users\huyvu\OneDrive -
#        hcmut.edu.vn\Desktop\Do2\Firmware\DLGER_F407_Jun.15.2025\Thesis_Prj\EWARM\DLGER_F407\Obj\uart_ctrl.o"
#        "C:\Users\huyvu\OneDrive -
#        hcmut.edu.vn\Desktop\Do2\Firmware\DLGER_F407_Jun.15.2025\Thesis_Prj\EWARM\DLGER_F407\Obj\UI_process.o"
#        "C:\Users\huyvu\OneDrive -
#        hcmut.edu.vn\Desktop\Do2\Firmware\DLGER_F407_Jun.15.2025\Thesis_Prj\EWARM\DLGER_F407\Obj\user_diskio.o"
#        --no_out_extension -o "C:\Users\huyvu\OneDrive -
#        hcmut.edu.vn\Desktop\Do2\Firmware\DLGER_F407_Jun.15.2025\Thesis_Prj\EWARM\DLGER_F407\Exe\DLGER_F407.out"
#        --redirect _Printf=_PrintfFullNoMb --redirect _Scanf=_ScanfFullNoMb
#        --map "C:\Users\huyvu\OneDrive -
#        hcmut.edu.vn\Desktop\Do2\Firmware\DLGER_F407_Jun.15.2025\Thesis_Prj\EWARM\DLGER_F407\List\DLGER_F407.map"
#        --config "C:\Users\huyvu\OneDrive -
#        hcmut.edu.vn\Desktop\Do2\Firmware\DLGER_F407_Jun.15.2025\Thesis_Prj\EWARM/stm32f407xx_flash.icf"
#        --semihosting --entry __iar_program_start --vfe --text_out locale)
#
###############################################################################

*******************************************************************************
*** RUNTIME MODEL ATTRIBUTES
***

CppFlavor       = *
__Heap_Handler  = Basic
__SystemLibrary = DLib
__dlib_version  = 6


*******************************************************************************
*** HEAP SELECTION
***

The basic heap was selected because no calls to memory allocation
functions were found in the application outside of system library
functions, and there are calls to deallocation functions in the
application.


*******************************************************************************
*** PLACEMENT SUMMARY
***

"A0":  place at address 0x800'0000 { ro section .intvec };
"P1":  place in [from 0x800'0000 to 0x80f'ffff] { ro };
define block CSTACK with size = 1K, alignment = 8 { };
define block HEAP with size = 512, alignment = 8 { };
"P2":  place in [from 0x2000'0000 to 0x2001'ffff] {
          rw, block CSTACK, block HEAP };
initialize by copy { rw };

  Section            Kind         Address    Size  Object
  -------            ----         -------    ----  ------
"A0":                                       0x188
  .intvec            ro code   0x800'0000   0x188  startup_stm32f407xx.o [1]
                             - 0x800'0188   0x188

"P1":                                      0x797f
  .text              ro code   0x800'0188  0x1972  ff.o [1]
  .text              ro code   0x800'1afa    0x3a  zero_init3.o [4]
  .text              ro code   0x800'1b34    0x80  diskio.o [1]
  .text              ro code   0x800'1bb4    0xbc  ccsbcs.o [1]
  .text              ro code   0x800'1c70    0x1c  fatfs.o [1]
  .text              ro code   0x800'1c8c    0x40  ff_gen_drv.o [1]
  .text              ro code   0x800'1ccc   0xfc6  xprintffull_nomb.o [2]
  .rodata            const     0x800'2c92     0x2  xlocale_c.o [2]
  .text              ro code   0x800'2c94    0x16  strchr.o [4]
  .rodata            const     0x800'2caa     0x1  xlocale_c.o [2]
  .text              ro code   0x800'2cac    0x40  xfail_s.o [2]
  .text              ro code   0x800'2cec    0x14  strlen_small.o [4]
  .text              ro code   0x800'2d00    0x58  memchr.o [4]
  .text              ro code   0x800'2d58    0x18  ABImemcpy_small.o [4]
  .text              ro code   0x800'2d70    0x70  frexp.o [3]
  .text              ro code   0x800'2de0    0x2e  DblCmpLe.o [3]
  .text              ro code   0x800'2e10    0x2e  DblCmpGe.o [3]
  .text              ro code   0x800'2e40   0x13a  ldexp.o [3]
  .text              ro code   0x800'2f7c    0x3a  DblToS32.o [3]
  .text              ro code   0x800'2fb8    0x22  S32ToDbl.o [3]
  .text              ro code   0x800'2fdc    0xe2  DblSub.o [3]
  .text              ro code   0x800'30c0   0x246  DblDiv.o [3]
  .text              ro code   0x800'3308    0x28  DblToU32.o [3]
  .text              ro code   0x800'3330    0x1a  U32ToDbl.o [3]
  .text              ro code   0x800'334c   0x1a2  DblMul.o [3]
  .text              ro code   0x800'34f0     0x8  xlocale_c.o [2]
  .text              ro code   0x800'34f8   0x106  I64DivMod_small.o [4]
  .text              ro code   0x800'35fe     0x6  abort.o [2]
  .text              ro code   0x800'3604   0x16a  DblAdd.o [3]
  .text              ro code   0x800'3770     0x2  I64DivZer.o [4]
  .text              ro code   0x800'3774    0x14  exit.o [5]
  .text              ro code   0x800'3788    0x7c  iarttio.o [5]
  .text              ro code   0x800'3804    0x3c  XShttio.o [2]
  .text              ro code   0x800'3840   0x992  stm32f4xx_hal_i2c.o [1]
  .text              ro code   0x800'41d4   0x264  stm32f4xx_hal_msp.o [1]
  .text              ro code   0x800'4438   0x1e4  stm32f4xx_hal_rcc.o [1]
  .text              ro code   0x800'461c     0xc  stm32f4xx_hal.o [1]
  .text              ro code   0x800'4628   0x1f4  stm32f4xx_hal_gpio.o [1]
  .text              ro code   0x800'481c    0x14  memset.o [4]
  .text              ro code   0x800'4830    0x98  stm32f4xx_hal_cortex.o [1]
  .text              ro code   0x800'48c8    0xa0  stm32f4xx_hal_timebase_tim.o [1]
  .text              ro code   0x800'4968    0x66  ABImemset.o [4]
  .text              ro code   0x800'49d0   0x2f6  stm32f4xx_hal_tim.o [1]
  .text              ro code   0x800'4cc6     0x2  stm32f4xx_hal_tim.o [1]
  .text              ro code   0x800'4cc8     0x2  stm32f4xx_hal_tim.o [1]
  .text              ro code   0x800'4ccc   0x4f8  process.o [1]
  .text              ro code   0x800'51c4     0x2  stm32f4xx_hal_tim_ex.o [1]
  .text              ro code   0x800'51c6     0x2  stm32f4xx_hal_tim.o [1]
  .text              ro code   0x800'51c8     0x2  stm32f4xx_hal_tim_ex.o [1]
  .text              ro code   0x800'51ca     0x2  stm32f4xx_hal_tim.o [1]
  .text              ro code   0x800'51cc    0x34  stm32f4xx_hal.o [1]
  .text              ro code   0x800'5200   0x52c  stm32f4xx_hal_spi.o [1]
  .text              ro code   0x800'572c   0x670  stm32f4xx_hal_uart.o [1]
  .text              ro code   0x800'5d9c    0x28  stm32f4xx_hal.o [1]
  .text              ro code   0x800'5dc4    0x28  printf.o [2]
  .text              ro code   0x800'5dec    0xac  fflush.o [2]
  .text              ro code   0x800'5e98   0x218  ads1115.o [1]
  .text              ro code   0x800'60b0   0x31c  stm32f4xx_hal_rcc.o [1]
  .text              ro code   0x800'63cc    0x10  stm32f4xx_hal.o [1]
  .text              ro code   0x800'63dc    0xc2  stm32f4xx_hal_dma.o [1]
  .text              ro code   0x800'649e     0x2  stm32f4xx_hal_uart.o [1]
  .text              ro code   0x800'64a0     0x2  stm32f4xx_hal_uart.o [1]
  .text              ro code   0x800'64a2     0x2  stm32f4xx_hal_uart.o [1]
  .text              ro code   0x800'64a4     0x2  stm32f4xx_hal_uart.o [1]
  .text              ro code   0x800'64a6    0x10  write.o [5]
  .text              ro code   0x800'64b6    0x1e  dwrite.o [5]
  .text              ro code   0x800'64d4    0x20  iarwstd.o [5]
  .text              ro code   0x800'64f4    0x22  iarwrite.o [5]
  .text              ro code   0x800'6518    0xcc  XShHandles.o [2]
  .text              ro code   0x800'65e4   0x570  fatfs_sd.o [1]
  .rodata            const     0x800'6b54   0x2b0  ccsbcs.o [1]
  .text              ro code   0x800'6e04   0x1b0  uart_ctrl.o [1]
  .text              ro code   0x800'6fb4    0x28  strncmp.o [2]
  .text              ro code   0x800'6fdc    0x12  strcmp.o [4]
  .text              ro code   0x800'6ff0   0x138  heap0.o [2]
  .text              ro code   0x800'7128    0x2c  xgetmemchunk.o [2]
  .rodata            const     0x800'7154   0x100  ccsbcs.o [1]
  .text              ro code   0x800'7254    0xd8  xfspos.o [2]
  .text              ro code   0x800'732c     0xc  xfgpos.o [2]
  .text              ro code   0x800'7338    0x4a  lseek.o [5]
  .text              ro code   0x800'7382    0xb4  xfwprep.o [2]
  .text              ro code   0x800'7436    0x24  fseek.o [2]
  .text              ro code   0x800'745c    0x9c  xfofind.o [2]
  .text              ro code   0x800'74f8     0x4  heaptramp0.o [2]
  .rodata            const     0x800'74fc    0x80  ff.o [1]
  .text              ro code   0x800'757c    0x7e  fclose.o [2]
  .text              ro code   0x800'75fa    0x18  close.o [5]
  .text              ro code   0x800'7612    0x14  remove.o [5]
  .text              ro code   0x800'7626    0x78  lz77_init_single.o [4]
  .text              ro code   0x800'769e    0x54  fputc.o [2]
  .text              ro code   0x800'76f4    0x3c  stm32f4xx_it.o [1]
  .text              ro code   0x800'7730    0x3c  xcloseall.o [2]
  .text              ro code   0x800'776c    0x28  data_init.o [4]
  .rodata            const     0x800'7794    0x24  process.o [1]
  .text              ro code   0x800'77b8    0x22  fpinit_M.o [3]
  .iar.init_table    const     0x800'77dc    0x20  - Linker created -
  .text              ro code   0x800'77fc    0x20  system_stm32f4xx.o [1]
  .text              ro code   0x800'781c    0x1e  cmain.o [4]
  .text              ro code   0x800'783a     0x4  low_level_init.o [2]
  .text              ro code   0x800'783e    0x14  main.o [1]
  .text              ro code   0x800'7852     0x4  exit.o [2]
  .text              ro code   0x800'7856    0x10  UI_process.o [1]
  .text              ro code   0x800'7868     0xe  cexit.o [4]
  .text              ro code   0x800'7876    0x16  xprout.o [2]
  .text              ro code   0x800'788c     0xc  putchar.o [2]
  .text              ro code   0x800'7898    0x14  user_diskio.o [1]
  .text              ro code   0x800'78ac    0x10  startup_stm32f407xx.o [1]
  .text              ro code   0x800'78bc     0xc  cstartup_M.o [4]
  .rodata            const     0x800'78c8     0x8  system_stm32f4xx.o [1]
  .rodata            const     0x800'78d0     0x8  xprintffull_nomb.o [2]
  .text              ro code   0x800'78d8     0x4  startup_stm32f407xx.o [1]
  .text              ro code   0x800'78dc     0x4  startup_stm32f407xx.o [1]
  .text              ro code   0x800'78e0     0x4  startup_stm32f407xx.o [1]
  .text              ro code   0x800'78e4     0x4  startup_stm32f407xx.o [1]
  .text              ro code   0x800'78e8     0x4  startup_stm32f407xx.o [1]
  .text              ro code   0x800'78ec     0x4  startup_stm32f407xx.o [1]
  .text              ro code   0x800'78f0     0x4  startup_stm32f407xx.o [1]
  .text              ro code   0x800'78f4     0x4  startup_stm32f407xx.o [1]
  .text              ro code   0x800'78f8     0x4  startup_stm32f407xx.o [1]
  .text              ro code   0x800'78fc     0x4  startup_stm32f407xx.o [1]
  .text              ro code   0x800'7900     0x4  startup_stm32f407xx.o [1]
  .text              ro code   0x800'7904     0x4  startup_stm32f407xx.o [1]
  .text              ro code   0x800'7908     0x4  startup_stm32f407xx.o [1]
  .text              ro code   0x800'790c     0x4  startup_stm32f407xx.o [1]
  .text              ro code   0x800'7910     0x4  startup_stm32f407xx.o [1]
  .text              ro code   0x800'7914     0x4  startup_stm32f407xx.o [1]
  .text              ro code   0x800'7918     0x4  startup_stm32f407xx.o [1]
  .text              ro code   0x800'791c     0x4  startup_stm32f407xx.o [1]
  .text              ro code   0x800'7920     0x4  startup_stm32f407xx.o [1]
  .text              ro code   0x800'7924     0x4  startup_stm32f407xx.o [1]
  .text              ro code   0x800'7928     0x4  startup_stm32f407xx.o [1]
  .text              ro code   0x800'792c     0x4  startup_stm32f407xx.o [1]
  .text              ro code   0x800'7930     0x4  startup_stm32f407xx.o [1]
  .text              ro code   0x800'7934     0x4  startup_stm32f407xx.o [1]
  .text              ro code   0x800'7938     0x4  startup_stm32f407xx.o [1]
  .text              ro code   0x800'793c     0x4  startup_stm32f407xx.o [1]
  .text              ro code   0x800'7940     0x4  startup_stm32f407xx.o [1]
  .text              ro code   0x800'7944     0x4  startup_stm32f407xx.o [1]
  .text              ro code   0x800'7948     0x4  startup_stm32f407xx.o [1]
  .text              ro code   0x800'794c     0x4  startup_stm32f407xx.o [1]
  .text              ro code   0x800'7950     0x4  startup_stm32f407xx.o [1]
  .text              ro code   0x800'7954     0x4  startup_stm32f407xx.o [1]
  .text              ro code   0x800'7958     0x4  startup_stm32f407xx.o [1]
  .text              ro code   0x800'795c     0x4  startup_stm32f407xx.o [1]
  .text              ro code   0x800'7960     0x4  startup_stm32f407xx.o [1]
  .text              ro code   0x800'7964     0x4  startup_stm32f407xx.o [1]
  .text              ro code   0x800'7968     0x4  startup_stm32f407xx.o [1]
  .text              ro code   0x800'796c     0x4  startup_stm32f407xx.o [1]
  .text              ro code   0x800'7970     0x4  startup_stm32f407xx.o [1]
  .text              ro code   0x800'7974     0x4  startup_stm32f407xx.o [1]
  .text              ro code   0x800'7978     0x4  startup_stm32f407xx.o [1]
  .text              ro code   0x800'797c     0x4  startup_stm32f407xx.o [1]
  .text              ro code   0x800'7980     0x4  startup_stm32f407xx.o [1]
  .text              ro code   0x800'7984     0x4  startup_stm32f407xx.o [1]
  .text              ro code   0x800'7988     0x4  startup_stm32f407xx.o [1]
  .text              ro code   0x800'798c     0x4  startup_stm32f407xx.o [1]
  .text              ro code   0x800'7990     0x4  startup_stm32f407xx.o [1]
  .text              ro code   0x800'7994     0x4  startup_stm32f407xx.o [1]
  .text              ro code   0x800'7998     0x4  startup_stm32f407xx.o [1]
  .text              ro code   0x800'799c     0x4  startup_stm32f407xx.o [1]
  .text              ro code   0x800'79a0     0x4  startup_stm32f407xx.o [1]
  .text              ro code   0x800'79a4     0x4  startup_stm32f407xx.o [1]
  .text              ro code   0x800'79a8     0x4  startup_stm32f407xx.o [1]
  .text              ro code   0x800'79ac     0x4  startup_stm32f407xx.o [1]
  .text              ro code   0x800'79b0     0x4  startup_stm32f407xx.o [1]
  .text              ro code   0x800'79b4     0x4  startup_stm32f407xx.o [1]
  .text              ro code   0x800'79b8     0x4  startup_stm32f407xx.o [1]
  .text              ro code   0x800'79bc     0x4  startup_stm32f407xx.o [1]
  .text              ro code   0x800'79c0     0x4  startup_stm32f407xx.o [1]
  .text              ro code   0x800'79c4     0x4  startup_stm32f407xx.o [1]
  .text              ro code   0x800'79c8     0x4  startup_stm32f407xx.o [1]
  .text              ro code   0x800'79cc     0x4  startup_stm32f407xx.o [1]
  .text              ro code   0x800'79d0     0x4  startup_stm32f407xx.o [1]
  .text              ro code   0x800'79d4     0x4  startup_stm32f407xx.o [1]
  .text              ro code   0x800'79d8     0x4  startup_stm32f407xx.o [1]
  .text              ro code   0x800'79dc     0x4  startup_stm32f407xx.o [1]
  .text              ro code   0x800'79e0     0x4  startup_stm32f407xx.o [1]
  .text              ro code   0x800'79e4     0x4  startup_stm32f407xx.o [1]
  .text              ro code   0x800'79e8     0x4  startup_stm32f407xx.o [1]
  .text              ro code   0x800'79ec     0x4  startup_stm32f407xx.o [1]
  .text              ro code   0x800'79f0     0x4  startup_stm32f407xx.o [1]
  .text              ro code   0x800'79f4     0x4  startup_stm32f407xx.o [1]
  .text              ro code   0x800'79f8     0x4  startup_stm32f407xx.o [1]
  .text              ro code   0x800'79fc     0x4  startup_stm32f407xx.o [1]
  .text              ro code   0x800'7a00     0x4  startup_stm32f407xx.o [1]
  .text              ro code   0x800'7a04     0x4  startup_stm32f407xx.o [1]
  .text              ro code   0x800'7a08     0x4  startup_stm32f407xx.o [1]
  .text              ro code   0x800'7a0c     0x0  cstart_closeall.o [4]
  .rodata            const     0x800'7a0c     0x0  zero_init3.o [4]
  .rodata            const     0x800'7a0c     0x0  lz77_init_single.o [4]
  Initializer bytes  const     0x800'7a0c    0xfb  <for P2-1>
                             - 0x800'7b07  0x797f

"P2", part 1 of 3:                         0x24f6
  P2-1                        0x2000'0000  0x24f6  <Init block>
    .data            inited   0x2000'0000    0x64  ads1115.o [1]
    .data            inited   0x2000'0064  0x22ac  process.o [1]
    .data            inited   0x2000'2310     0xc  stm32f4xx_hal.o [1]
    .data            inited   0x2000'231c     0x4  system_stm32f4xx.o [1]
    .data            inited   0x2000'2320    0x84  uart_ctrl.o [1]
    .data            inited   0x2000'23a4    0x14  user_diskio.o [1]
    .data            inited   0x2000'23b8    0x48  xfiles.o [2]
    .data            inited   0x2000'2400    0x48  xfiles.o [2]
    .data            inited   0x2000'2448    0x48  xfiles.o [2]
    .data            inited   0x2000'2490    0x20  xfiles.o [2]
    .data            inited   0x2000'24b0    0x38  xlocale_c.o [2]
    .data            inited   0x2000'24e8     0x8  XShttio.o [2]
    .data            inited   0x2000'24f0     0x6  fatfs_sd.o [1]
                            - 0x2000'24f6  0x24f6

"P2", part 2 of 3:                          0x3d8
  .bss               zero     0x2000'24f8   0x208  ff.o [1]
  .bss               zero     0x2000'2700    0x80  XShHandles.o [2]
  .bss               zero     0x2000'2780    0x50  xfiles.o [2]
  .bss               zero     0x2000'27d0    0x50  xfiles.o [2]
  .bss               zero     0x2000'2820    0x48  stm32f4xx_hal_timebase_tim.o [1]
  .bss               zero     0x2000'2868    0x20  ads1115.o [1]
  .bss               zero     0x2000'2888    0x20  ff.o [1]
  .bss               zero     0x2000'28a8     0xc  ff_gen_drv.o [1]
  .bss               zero     0x2000'28b4     0x8  fatfs.o [1]
  .bss               zero     0x2000'28bc     0x8  heap0.o [2]
  .bss               zero     0x2000'28c4     0x4  xfail_s.o [2]
  .bss               zero     0x2000'28c8     0x4  xgetmemchunk.o [2]
  .bss               zero     0x2000'28cc     0x2  fatfs_sd.o [1]
  .bss               zero     0x2000'28ce     0x1  XShttio.o [2]
                            - 0x2000'28cf   0x3d7

"P2", part 3 of 3:                          0x600
  CSTACK                      0x2000'28d0   0x400  <Block>
    CSTACK           uninit   0x2000'28d0   0x400  <Block tail>
  HEAP                        0x2000'2cd0   0x200  <Block>
    HEAP             uninit   0x2000'2cd0   0x200  <Block tail>
                            - 0x2000'2ed0   0x600

Unused ranges:

         From           To      Size
         ----           --      ----
   0x800'7b07   0x80f'ffff  0xf'84f9
  0x2000'24f6  0x2000'24f7       0x2
  0x2000'2ed0  0x2001'ffff  0x1'd130


*******************************************************************************
*** INIT TABLE
***

          Address      Size
          -------      ----
Zero (__iar_zero_init3)
    1 destination range, total size 0x3d7:
          0x2000'24f8   0x3d7

Copy/lz77 (__iar_lz77_init_single3)
    1 source range, total size 0xfb (2% of destination):
           0x800'7a0c    0xfb
    1 destination range, total size 0x24f6:
          0x2000'0000  0x24f6



*******************************************************************************
*** MODULE SUMMARY
***

    Module                        ro code  ro data  rw data
    ------                        -------  -------  -------
command line/config:
    -------------------------------------------------------
    Total:

C:\Users\huyvu\OneDrive - hcmut.edu.vn\Desktop\Do2\Firmware\DLGER_F407_Jun.15.2025\Thesis_Prj\EWARM\DLGER_F407\Obj: [1]
    UI_process.o                       16
    ads1115.o                         536        2      132
    ccsbcs.o                          188      944
    diskio.o                          128
    fatfs.o                            28                 8
    fatfs_sd.o                      1'392        1        8
    ff.o                            6'514      128      552
    ff_gen_drv.o                       64                12
    main.o                             20
    process.o                       1'272      272    8'876
    startup_stm32f407xx.o             716
    stm32f4xx_hal.o                   120                12
    stm32f4xx_hal_cortex.o            152
    stm32f4xx_hal_dma.o               194
    stm32f4xx_hal_gpio.o              500
    stm32f4xx_hal_i2c.o             2'450
    stm32f4xx_hal_msp.o               612
    stm32f4xx_hal_rcc.o             1'280
    stm32f4xx_hal_spi.o             1'324
    stm32f4xx_hal_tim.o               766
    stm32f4xx_hal_tim_ex.o              4
    stm32f4xx_hal_timebase_tim.o      160                72
    stm32f4xx_hal_uart.o            1'656
    stm32f4xx_it.o                     60
    system_stm32f4xx.o                 32        8        4
    uart_ctrl.o                       432        4      132
    user_diskio.o                      20                20
    -------------------------------------------------------
    Total:                         20'636    1'359    9'828

dl7M_tlf.a: [2]
    XShHandles.o                      204               128
    XShttio.o                          60                 9
    abort.o                             6
    exit.o                              4
    fclose.o                          126
    fflush.o                          172
    fputc.o                            84
    fseek.o                            36
    heap0.o                           312                 8
    heaptramp0.o                        4
    low_level_init.o                    4
    printf.o                           40
    putchar.o                          12
    strncmp.o                          40
    xcloseall.o                        60
    xfail_s.o                          64                 4
    xfgpos.o                           12
    xfiles.o                                     7      408
    xfofind.o                         156
    xfspos.o                          216
    xfwprep.o                         180
    xgetmemchunk.o                     44                 4
    xlocale_c.o                         8        4       56
    xprintffull_nomb.o              4'038        8
    xprout.o                           22
    -------------------------------------------------------
    Total:                          5'904       19      617

m7M_tls.a: [3]
    DblAdd.o                          362
    DblCmpGe.o                         46
    DblCmpLe.o                         46
    DblDiv.o                          582
    DblMul.o                          418
    DblSub.o                          226
    DblToS32.o                         58
    DblToU32.o                         40
    S32ToDbl.o                         34
    U32ToDbl.o                         26
    fpinit_M.o                         34
    frexp.o                           112
    ldexp.o                           314
    -------------------------------------------------------
    Total:                          2'298

rt7M_tl.a: [4]
    ABImemcpy_small.o                  24
    ABImemset.o                       102
    I64DivMod_small.o                 262
    I64DivZer.o                         2
    cexit.o                            14
    cmain.o                            30
    cstart_closeall.o
    cstartup_M.o                       12
    data_init.o                        40
    lz77_init_single.o                120
    memchr.o                           88
    memset.o                           20
    strchr.o                           22
    strcmp.o                           18
    strlen_small.o                     20
    zero_init3.o                       58
    -------------------------------------------------------
    Total:                            832

shb_l.a: [5]
    close.o                            24
    dwrite.o                           30
    exit.o                             20
    iarttio.o                         124
    iarwrite.o                         34
    iarwstd.o                          32
    lseek.o                            74
    remove.o                           20
    write.o                            16
    -------------------------------------------------------
    Total:                            374

    Gaps                               39        2
    Linker created                              32    1'536
-----------------------------------------------------------
    Grand Total:                   30'083    1'412   11'981


*******************************************************************************
*** ENTRY LIST
***

Entry                       Address    Size  Type      Object
-----                       -------    ----  ----      ------
.iar.init_table$$Base    0x800'77dc           --   Gb  - Linker created -
.iar.init_table$$Limit   0x800'77fc           --   Gb  - Linker created -
?main                    0x800'781d          Code  Gb  cmain.o [4]
ADS1115_I2C_Handler     0x2000'0010    0x54  Data  Gb  ads1115.o [1]
ADS1115_Init_C0          0x800'5e99     0xe  Code  Gb  ads1115.o [1]
ADS1115_Init_C1          0x800'5ea7     0xc  Code  Gb  ads1115.o [1]
ADS1115_config          0x2000'0000     0x2  Data  Gb  ads1115.o [1]
ADS1115_dataRate        0x2000'0006     0x2  Data  Gb  ads1115.o [1]
ADS1115_devAddress0     0x2000'0004     0x1  Data  Gb  ads1115.o [1]
ADS1115_devAddress1     0x2000'0005     0x1  Data  Gb  ads1115.o [1]
ADS1115_pga             0x2000'0008     0x2  Data  Gb  ads1115.o [1]
ADS1115_rawValue        0x2000'0002     0x2  Data  Gb  ads1115.o [1]
ADS1115_readSingleEnded_C0
                         0x800'5f29    0x46  Code  Gb  ads1115.o [1]
ADS1115_readSingleEnded_C1
                         0x800'5f6f    0x46  Code  Gb  ads1115.o [1]
ADS1115_voltCoef        0x2000'000c     0x4  Data  Gb  ads1115.o [1]
AHBPrescTable            0x800'780c    0x10  Data  Gb  system_stm32f4xx.o [1]
APBPrescTable            0x800'78c8     0x8  Data  Gb  system_stm32f4xx.o [1]
Aldata                  0x2000'28bc     0x8  Data  Lc  heap0.o [2]
BusFault_Handler         0x800'76fb     0x2  Code  Gb  stm32f4xx_it.o [1]
CSTACK$$Base            0x2000'28d0           --   Gb  - Linker created -
CSTACK$$Limit           0x2000'2cd0           --   Gb  - Linker created -
CardType                0x2000'24f1     0x1  Data  Lc  fatfs_sd.o [1]
DESELECT                 0x800'65eb     0x4  Code  Lc  fatfs_sd.o [1]
DebugMon_Handler         0x800'7701     0x2  Code  Gb  stm32f4xx_it.o [1]
Error_Handler            0x800'51a1     0x4  Code  Gb  process.o [1]
ExCvt                    0x800'74fc    0x80  Data  Lc  ff.o [1]
FATFS_LinkDriver         0x800'1cc5     0x4  Code  Gb  ff_gen_drv.o [1]
FATFS_LinkDriverEx       0x800'1c8d    0x38  Code  Gb  ff_gen_drv.o [1]
FatFs                   0x2000'24fc     0x4  Data  Lc  ff.o [1]
Files                   0x2000'2888    0x20  Data  Lc  ff.o [1]
Fsid                    0x2000'24f8     0x2  Data  Lc  ff.o [1]
HAL_DMA_Abort            0x800'63dd    0x78  Code  Gb  stm32f4xx_hal_dma.o [1]
HAL_DMA_Abort_IT         0x800'6455    0x24  Code  Gb  stm32f4xx_hal_dma.o [1]
HAL_Delay                0x800'5d9d    0x28  Code  Wk  stm32f4xx_hal.o [1]
HAL_GPIO_Init            0x800'4629   0x1c0  Code  Gb  stm32f4xx_hal_gpio.o [1]
HAL_GPIO_WritePin        0x800'47e9     0x8  Code  Gb  stm32f4xx_hal_gpio.o [1]
HAL_GetTick              0x800'461d     0xc  Code  Wk  stm32f4xx_hal.o [1]
HAL_I2C_Init             0x800'3841   0x12c  Code  Gb  stm32f4xx_hal_i2c.o [1]
HAL_I2C_IsDeviceReady    0x800'3cf9   0x112  Code  Gb  stm32f4xx_hal_i2c.o [1]
HAL_I2C_Mem_Read         0x800'3b01   0x120  Code  Gb  stm32f4xx_hal_i2c.o [1]
HAL_I2C_Mem_Write        0x800'39d1    0xd0  Code  Gb  stm32f4xx_hal_i2c.o [1]
HAL_I2C_MspInit          0x800'4209    0x5e  Code  Gb  stm32f4xx_hal_msp.o [1]
HAL_IncTick              0x800'63cd    0x10  Code  Wk  stm32f4xx_hal.o [1]
HAL_Init                 0x800'51cd    0x30  Code  Gb  stm32f4xx_hal.o [1]
HAL_InitTick             0x800'48c9    0x8a  Code  Gb  stm32f4xx_hal_timebase_tim.o [1]
HAL_MspInit              0x800'41d5    0x34  Code  Gb  stm32f4xx_hal_msp.o [1]
HAL_NVIC_EnableIRQ       0x800'489f    0x16  Code  Gb  stm32f4xx_hal_cortex.o [1]
HAL_NVIC_SetPriority     0x800'4865    0x3a  Code  Gb  stm32f4xx_hal_cortex.o [1]
HAL_NVIC_SetPriorityGrouping
                         0x800'484b    0x1a  Code  Gb  stm32f4xx_hal_cortex.o [1]
HAL_RCC_ClockConfig      0x800'4439   0x100  Code  Gb  stm32f4xx_hal_rcc.o [1]
HAL_RCC_GetClockConfig   0x800'4569    0x36  Code  Gb  stm32f4xx_hal_rcc.o [1]
HAL_RCC_GetPCLK1Freq     0x800'4545    0x10  Code  Gb  stm32f4xx_hal_rcc.o [1]
HAL_RCC_GetPCLK2Freq     0x800'4555     0xe  Code  Gb  stm32f4xx_hal_rcc.o [1]
HAL_RCC_OscConfig        0x800'60b1   0x31c  Code  Wk  stm32f4xx_hal_rcc.o [1]
HAL_SPI_Init             0x800'5201    0xb4  Code  Gb  stm32f4xx_hal_spi.o [1]
HAL_SPI_MspInit          0x800'4297    0x5c  Code  Gb  stm32f4xx_hal_msp.o [1]
HAL_SPI_Transmit         0x800'52b5   0x130  Code  Gb  stm32f4xx_hal_spi.o [1]
HAL_SPI_TransmitReceive
                         0x800'53f9   0x1a4  Code  Gb  stm32f4xx_hal_spi.o [1]
HAL_TIMEx_BreakCallback
                         0x800'51c5     0x2  Code  Wk  stm32f4xx_hal_tim_ex.o [1]
HAL_TIMEx_CommutCallback
                         0x800'51c9     0x2  Code  Wk  stm32f4xx_hal_tim_ex.o [1]
HAL_TIM_Base_Init        0x800'49d1    0x1a  Code  Gb  stm32f4xx_hal_tim.o [1]
HAL_TIM_Base_Start_IT    0x800'49eb    0x7c  Code  Gb  stm32f4xx_hal_tim.o [1]
HAL_TIM_IRQHandler       0x800'4ab1   0x142  Code  Gb  stm32f4xx_hal_tim.o [1]
HAL_TIM_PeriodElapsedCallback
                         0x800'5137     0xe  Code  Gb  process.o [1]
HAL_UART_IRQHandler      0x800'586f   0x26a  Code  Gb  stm32f4xx_hal_uart.o [1]
HAL_UART_Init            0x800'572d    0x1e  Code  Gb  stm32f4xx_hal_uart.o [1]
HAL_UART_MspInit         0x800'42ff    0xe2  Code  Gb  stm32f4xx_hal_msp.o [1]
HAL_UART_Transmit        0x800'57a3    0xb0  Code  Gb  stm32f4xx_hal_uart.o [1]
HEAP$$Base              0x2000'2cd0           --   Gb  - Linker created -
HEAP$$Limit             0x2000'2ed0           --   Gb  - Linker created -
HardFault_Handler        0x800'76f7     0x2  Code  Gb  stm32f4xx_it.o [1]
I2C_IsAcknowledgeFailed
                         0x800'41a7    0x2c  Code  Lc  stm32f4xx_hal_i2c.o [1]
I2C_RequestMemoryRead    0x800'3eff    0xae  Code  Lc  stm32f4xx_hal_i2c.o [1]
I2C_RequestMemoryWrite   0x800'3e61    0x84  Code  Lc  stm32f4xx_hal_i2c.o [1]
I2C_WaitOnBTFFlagUntilTimeout
                         0x800'4115    0x3a  Code  Lc  stm32f4xx_hal_i2c.o [1]
I2C_WaitOnFlagUntilTimeout
                         0x800'3fed    0x50  Code  Lc  stm32f4xx_hal_i2c.o [1]
I2C_WaitOnMasterAddressFlagUntilTimeout
                         0x800'403d    0x74  Code  Lc  stm32f4xx_hal_i2c.o [1]
I2C_WaitOnRXNEFlagUntilTimeout
                         0x800'414f    0x44  Code  Lc  stm32f4xx_hal_i2c.o [1]
I2C_WaitOnTXEFlagUntilTimeout
                         0x800'40bf    0x3a  Code  Lc  stm32f4xx_hal_i2c.o [1]
LfnBuf                  0x2000'2500   0x200  Data  Lc  ff.o [1]
LfnOfs                   0x800'0d04    0x10  Data  Lc  ff.o [1]
MX_FATFS_Init            0x800'1c71    0x10  Code  Gb  fatfs.o [1]
MemManage_Handler        0x800'76f9     0x2  Code  Gb  stm32f4xx_it.o [1]
NMI_Handler              0x800'76f5     0x2  Code  Gb  stm32f4xx_it.o [1]
PendSV_Handler           0x800'7703     0x2  Code  Gb  stm32f4xx_it.o [1]
PowerFlag               0x2000'24f2     0x1  Data  Lc  fatfs_sd.o [1]
Process_Init             0x800'4ccd   0x38c  Code  Gb  process.o [1]
Process_Run              0x800'5085    0x12  Code  Gb  process.o [1]
Region$$Table$$Base      0x800'77dc           --   Gb  - Linker created -
Region$$Table$$Limit     0x800'77fc           --   Gb  - Linker created -
SD_PowerOn               0x800'6681    0x60  Code  Lc  fatfs_sd.o [1]
SD_ReadyWait             0x800'6665    0x1c  Code  Lc  fatfs_sd.o [1]
SD_RxDataBlock           0x800'66e1    0x42  Code  Lc  fatfs_sd.o [1]
SD_SendCmd               0x800'6779    0x60  Code  Lc  fatfs_sd.o [1]
SD_TxDataBlock           0x800'6723    0x56  Code  Lc  fatfs_sd.o [1]
SD_disk_initialize       0x800'67d9   0x114  Code  Gb  fatfs_sd.o [1]
SD_disk_ioctl            0x800'6a17   0x12e  Code  Gb  fatfs_sd.o [1]
SD_disk_read             0x800'68ff    0x70  Code  Gb  fatfs_sd.o [1]
SD_disk_status           0x800'68f3     0xc  Code  Gb  fatfs_sd.o [1]
SD_disk_write            0x800'6977    0x9a  Code  Gb  fatfs_sd.o [1]
SELECT                   0x800'65e5     0x6  Code  Lc  fatfs_sd.o [1]
SPI_EndRxTxTransaction   0x800'56c7    0x50  Code  Lc  stm32f4xx_hal_spi.o [1]
SPI_RxByte               0x800'6635    0x22  Code  Lc  fatfs_sd.o [1]
SPI_TxBuffer             0x800'6615    0x20  Code  Lc  fatfs_sd.o [1]
SPI_TxByte               0x800'6603    0x12  Code  Lc  fatfs_sd.o [1]
SPI_WaitFlagStateUntilTimeout
                         0x800'5607    0xb4  Code  Lc  stm32f4xx_hal_spi.o [1]
SVC_Handler              0x800'76ff     0x2  Code  Gb  stm32f4xx_it.o [1]
Stat                    0x2000'24f0     0x1  Data  Lc  fatfs_sd.o [1]
SysTick_Handler          0x800'7705     0x2  Code  Gb  stm32f4xx_it.o [1]
SystemClock_Config       0x800'5097    0xa0  Code  Gb  process.o [1]
SystemCoreClock         0x2000'231c     0x4  Data  Gb  system_stm32f4xx.o [1]
SystemInit               0x800'77fd     0xc  Code  Gb  system_stm32f4xx.o [1]
TIM4_IRQHandler          0x800'7707     0x6  Code  Gb  stm32f4xx_it.o [1]
TIM_Base_SetConfig       0x800'4c01    0x96  Code  Gb  stm32f4xx_hal_tim.o [1]
Tbl                      0x800'7154   0x100  Data  Lc  ccsbcs.o [1]
Timer1                  0x2000'24f4     0x2  Data  Gb  fatfs_sd.o [1]
Timer2                  0x2000'28cc     0x2  Data  Gb  fatfs_sd.o [1]
UART_DMAAbortOnError     0x800'5bf5     0xc  Code  Lc  stm32f4xx_hal_uart.o [1]
UART_EndRxTransfer       0x800'5bad    0x2a  Code  Lc  stm32f4xx_hal_uart.o [1]
UART_Receive_IT          0x800'5c01    0xaa  Code  Lc  stm32f4xx_hal_uart.o [1]
UART_SetConfig           0x800'5cd5    0xae  Code  Lc  stm32f4xx_hal_uart.o [1]
UART_WaitOnFlagUntilTimeout
                         0x800'5b01    0x5e  Code  Lc  stm32f4xx_hal_uart.o [1]
UI_Process_Init          0x800'7857     0x2  Code  Gb  UI_process.o [1]
UI_Process_Run           0x800'7859     0xe  Code  Gb  UI_process.o [1]
USART1_IRQHandler        0x800'770d     0x6  Code  Gb  stm32f4xx_it.o [1]
USART2_IRQHandler        0x800'7713     0x6  Code  Gb  stm32f4xx_it.o [1]
USART3_IRQHandler        0x800'7719     0x6  Code  Gb  stm32f4xx_it.o [1]
USERPath                0x2000'28b8     0x4  Data  Gb  fatfs.o [1]
USER_Driver             0x2000'23a4    0x14  Data  Gb  user_diskio.o [1]
USER_initialize          0x800'7899     0x4  Code  Gb  user_diskio.o [1]
USER_ioctl               0x800'78a9     0x4  Code  Gb  user_diskio.o [1]
USER_read                0x800'78a1     0x4  Code  Gb  user_diskio.o [1]
USER_status              0x800'789d     0x4  Code  Gb  user_diskio.o [1]
USER_write               0x800'78a5     0x4  Code  Gb  user_diskio.o [1]
UsageFault_Handler       0x800'76fd     0x2  Code  Gb  stm32f4xx_it.o [1]
_Close_all               0x800'7731    0x3c  Code  Gb  xcloseall.o [2]
_Files                  0x2000'2490    0x20  Data  Gb  xfiles.o [2]
_Fofree                  0x800'745d    0x96  Code  Gb  xfofind.o [2]
_Fspos                   0x800'7255    0xd8  Code  Gb  xfspos.o [2]
_Fwprep                  0x800'7383    0xb4  Code  Gb  xfwprep.o [2]
_LitobFullNoMb           0x800'2a8d   0x10a  Code  Lc  xprintffull_nomb.o [2]
_Locale_lconv           0x2000'24b0    0x38  Data  Lc  xlocale_c.o [2]
_Nnl                     0x800'732d     0xc  Code  Gb  xfgpos.o [2]
_PrintfFullNoMb          0x800'1ccd   0xd9c  Code  Gb  xprintffull_nomb.o [2]
_Prout                   0x800'7877    0x16  Code  Gb  xprout.o [2]
_PutcharFullNoMb         0x800'2bfd    0x20  Code  Lc  xprintffull_nomb.o [2]
_PutcharsFullNoMb        0x800'2c1d    0x2e  Code  Lc  xprintffull_nomb.o [2]
__NVIC_SetPriority       0x800'4831    0x1a  Code  Lc  stm32f4xx_hal_cortex.o [1]
__aeabi_cdcmple          0x800'2de1          Code  Gb  DblCmpLe.o [3]
__aeabi_cdrcmple         0x800'2e11          Code  Gb  DblCmpGe.o [3]
__aeabi_d2iz             0x800'2f7d          Code  Gb  DblToS32.o [3]
__aeabi_d2uiz            0x800'3309          Code  Gb  DblToU32.o [3]
__aeabi_ddiv             0x800'30c1          Code  Gb  DblDiv.o [3]
__aeabi_dmul             0x800'334d          Code  Gb  DblMul.o [3]
__aeabi_dsub             0x800'2fdd          Code  Gb  DblSub.o [3]
__aeabi_i2d              0x800'2fb9          Code  Gb  S32ToDbl.o [3]
__aeabi_ldiv0            0x800'3771          Code  Gb  I64DivZer.o [4]
__aeabi_memset           0x800'4969          Code  Gb  ABImemset.o [4]
__aeabi_ui2d             0x800'3331          Code  Gb  U32ToDbl.o [3]
__basic_free             0x800'709b    0x16  Code  Gb  heap0.o [2]
__basic_free_intern      0x800'70b1    0x74  Code  Lc  heap0.o [2]
__basic_malloc           0x800'6ff1    0x18  Code  Gb  heap0.o [2]
__basic_malloc_intern    0x800'7009    0x92  Code  Lc  heap0.o [2]
__cexit_closeall         0x800'786b          Code  Gb  cexit.o [4]
__close                  0x800'75fb    0x18  Code  Gb  close.o [5]
__cmain                  0x800'781d          Code  Gb  cmain.o [4]
__cstart_closeall        0x800'7a0c          Data  Gb  cstart_closeall.o [4]
__data_GetMemChunk       0x800'7129    0x2c  Code  Gb  xgetmemchunk.o [2]
__data_GetMemChunk::start
                        0x2000'28c8     0x4  Data  Lc  xgetmemchunk.o [2]
__dwrite                 0x800'64b7    0x1e  Code  Gb  dwrite.o [5]
__exit                   0x800'3775    0x14  Code  Gb  exit.o [5]
__iar_Fail_s             0x800'2cad    0x1c  Code  Gb  xfail_s.o [2]
__iar_Memchr             0x800'2d01          Code  Gb  memchr.o [4]
__iar_Memset             0x800'4969          Code  Gb  ABImemset.o [4]
__iar_Memset_word        0x800'4971          Code  Gb  ABImemset.o [4]
__iar_Stderr            0x2000'2448    0x48  Data  Gb  xfiles.o [2]
__iar_Stdin             0x2000'23b8    0x48  Data  Gb  xfiles.o [2]
__iar_Stdout            0x2000'2400    0x48  Data  Gb  xfiles.o [2]
__iar_Strchr             0x800'2c95          Code  Gb  strchr.o [4]
__iar_close_ttio         0x800'3789    0x2c  Code  Gb  iarttio.o [5]
__iar_dadd               0x800'2fed          Code  Gb  DblSub.o [3]
__iar_data_init3         0x800'776d    0x28  Code  Gb  data_init.o [4]
__iar_dsub               0x800'3605          Code  Gb  DblAdd.o [3]
__iar_dsubStart          0x800'3617          Code  Gb  DblAdd.o [3]
__iar_frexp              0x800'2d7d          Code  Gb  frexp.o [3]
__iar_frexpl             0x800'2d7d          Code  Gb  frexp.o [3]
__iar_get_ttio           0x800'37b5    0x4c  Code  Gb  iarttio.o [5]
__iar_init_vfp           0x800'77b9          Code  Gb  fpinit_M.o [3]
__iar_ldexp64            0x800'2e41          Code  Gb  ldexp.o [3]
__iar_lookup_ttioh       0x800'3833     0x4  Code  Gb  XShttio.o [2]
__iar_lz77_init_single3
                         0x800'7627    0x78  Code  Gb  lz77_init_single.o [4]
__iar_program_start      0x800'78bd          Code  Gb  cstartup_M.o [4]
__iar_scalbln64          0x800'2e41          Code  Gb  ldexp.o [3]
__iar_scalbn64           0x800'2e41          Code  Gb  ldexp.o [3]
__iar_sh_Discard         0x800'6519    0x42  Code  Gb  XShHandles.o [2]
__iar_sh_Move            0x800'655b    0x46  Code  Gb  XShHandles.o [2]
__iar_sh_Pos             0x800'65a1    0x3e  Code  Gb  XShHandles.o [2]
__iar_sh_stdout          0x800'64d5    0x20  Code  Gb  iarwstd.o [5]
__iar_sh_write           0x800'64f5    0x22  Code  Gb  iarwrite.o [5]
__iar_small_Memcpy       0x800'2d5d          Code  Gb  ABImemcpy_small.o [4]
__iar_small_memcpy       0x800'2d59          Code  Gb  ABImemcpy_small.o [4]
__iar_small_memcpy4      0x800'2d59          Code  Gb  ABImemcpy_small.o [4]
__iar_small_memcpy8      0x800'2d59          Code  Gb  ABImemcpy_small.o [4]
__iar_small_strlen       0x800'2ced          Code  Gb  strlen_small.o [4]
__iar_small_uldivmod     0x800'34f9          Code  Gb  I64DivMod_small.o [4]
__iar_softfp___iar_frexp64
                         0x800'2d71          Code  Gb  frexp.o [3]
__iar_softfp_frexp       0x800'2d71          Code  Gb  frexp.o [3]
__iar_softfp_frexpl      0x800'2d71          Code  Gb  frexp.o [3]
__iar_ttio_guard_lock    0x800'3805    0x1e  Code  Gb  XShttio.o [2]
__iar_ttio_guard_unlock
                         0x800'3823    0x10  Code  Gb  XShttio.o [2]
__iar_ttio_handles      0x2000'24e8     0x8  Data  Lc  XShttio.o [2]
__iar_zero_init3         0x800'1afb    0x3a  Code  Gb  zero_init3.o [4]
__low_level_init         0x800'783b     0x4  Code  Gb  low_level_init.o [2]
__lseek                  0x800'7339    0x4a  Code  Gb  lseek.o [5]
__vector_table           0x800'0000          Data  Gb  startup_stm32f407xx.o [1]
__write                  0x800'64a7    0x10  Code  Gb  write.o [5]
_call_main               0x800'7829          Code  Gb  cmain.o [4]
_exit                    0x800'7869          Code  Gb  cexit.o [4]
_main                    0x800'7837          Code  Gb  cmain.o [4]
abort                    0x800'35ff     0x6  Code  Gb  abort.o [2]
ads1115_read             0x800'603b    0x6e  Code  Gb  ads1115.o [1]
bDataInProcess          0x2000'2321     0x1  Data  Lc  uart_ctrl.o [1]
bStatusADC              0x2000'2320     0x1  Data  Gb  uart_ctrl.o [1]
buffer                  0x2000'22ac    0x64  Data  Gb  process.o [1]
check_fs                 0x800'0fb3    0x6c  Code  Lc  ff.o [1]
chk_chr                  0x800'01d7    0x12  Code  Lc  ff.o [1]
chk_lock                 0x800'01e9    0x58  Code  Lc  ff.o [1]
clear_lock               0x800'02e7    0x1a  Code  Lc  ff.o [1]
clmt_clust               0x800'072b    0x2e  Code  Lc  ff.o [1]
clust2sect               0x800'0409    0x1a  Code  Lc  ff.o [1]
create_chain             0x800'0683    0xa2  Code  Lc  ff.o [1]
dec_lock                 0x800'02b3    0x34  Code  Lc  ff.o [1]
dir_find                 0x800'0941   0x154  Code  Lc  ff.o [1]
dir_next                 0x800'07e7    0xec  Code  Lc  ff.o [1]
dir_register             0x800'0a9d   0x268  Code  Lc  ff.o [1]
dir_sdi                  0x800'0759    0x8e  Code  Lc  ff.o [1]
disk                    0x2000'28a8     0xc  Data  Gb  ff_gen_drv.o [1]
disk_initialize          0x800'1b47    0x26  Code  Gb  diskio.o [1]
disk_ioctl               0x800'1b95    0x1a  Code  Gb  diskio.o [1]
disk_read                0x800'1b6d     0xc  Code  Gb  diskio.o [1]
disk_status              0x800'1b35    0x12  Code  Gb  diskio.o [1]
disk_write               0x800'1b79     0xc  Code  Gb  diskio.o [1]
ebuf                    0x2000'2780    0x50  Data  Lc  xfiles.o [2]
exit                     0x800'7853     0x4  Code  Gb  exit.o [2]
f_close                  0x800'18df    0x28  Code  Gb  ff.o [1]
f_getfree                0x800'192d    0xd2  Code  Gb  ff.o [1]
f_gets                   0x800'1a11    0x46  Code  Gb  ff.o [1]
f_mount                  0x800'12db    0x58  Code  Gb  ff.o [1]
f_open                   0x800'1333   0x20a  Code  Gb  ff.o [1]
f_puts                   0x800'1ad3    0x1e  Code  Gb  ff.o [1]
f_read                   0x800'1559   0x14e  Code  Gb  ff.o [1]
f_sync                   0x800'1853    0x7c  Code  Gb  ff.o [1]
f_write                  0x800'16ad   0x17e  Code  Gb  ff.o [1]
fclose                   0x800'757d    0x7e  Code  Gb  fclose.o [2]
ff_convert               0x800'1bb5    0x3e  Code  Gb  ccsbcs.o [1]
ff_wtoupper              0x800'1bf5    0x74  Code  Gb  ccsbcs.o [1]
ff_wtoupper::cvt1        0x800'6b54   0x1f4  Data  Lc  ccsbcs.o [1]
ff_wtoupper::cvt2        0x800'6d48    0xbc  Data  Lc  ccsbcs.o [1]
fflush                   0x800'5e61    0x34  Code  Gb  fflush.o [2]
fflushOne                0x800'5ded    0x74  Code  Lc  fflush.o [2]
fil                     0x2000'127c  0x1030  Data  Gb  process.o [1]
find_volume              0x800'101f   0x286  Code  Lc  ff.o [1]
follow_path              0x800'0d1d   0x238  Code  Lc  ff.o [1]
fputc                    0x800'769f    0x54  Code  Gb  fputc.o [2]
fre_clust               0x2000'0238     0x4  Data  Gb  process.o [1]
free                     0x800'74f9     0x4  Code  Gb  heaptramp0.o [2]
freeSpace               0x2000'0240     0x4  Data  Gb  process.o [1]
fres                    0x2000'0065     0x1  Data  Gb  process.o [1]
fs                      0x2000'0244  0x1038  Data  Gb  process.o [1]
fseek                    0x800'7437    0x24  Code  Gb  fseek.o [2]
gCheckInit              0x2000'0064     0x1  Data  Gb  process.o [1]
gUartLineBuffer         0x2000'2324    0x80  Data  Lc  uart_ctrl.o [1]
g_voltage               0x2000'2868    0x20  Data  Gb  ads1115.o [1]
get_fat                  0x800'0423    0xb0  Code  Lc  ff.o [1]
get_fattime              0x800'1c89     0x4  Code  Gb  fatfs.o [1]
get_ldnumber             0x800'0f71    0x42  Code  Lc  ff.o [1]
hi2c1                   0x2000'00c0    0x54  Data  Gb  process.o [1]
hi2c2                   0x2000'0114    0x54  Data  Gb  process.o [1]
hspi1                   0x2000'0068    0x58  Data  Gb  process.o [1]
htim4                   0x2000'2820    0x48  Data  Gb  stm32f4xx_hal_timebase_tim.o [1]
huart1                  0x2000'0168    0x44  Data  Gb  process.o [1]
huart2                  0x2000'01ac    0x44  Data  Gb  process.o [1]
huart3                  0x2000'01f0    0x44  Data  Gb  process.o [1]
identify_command         0x800'6e79    0xb6  Code  Gb  uart_ctrl.o [1]
inc_lock                 0x800'0241    0x72  Code  Lc  ff.o [1]
ld_clust                 0x800'08d9    0x26  Code  Lc  ff.o [1]
ld_dword                 0x800'018f    0x10  Code  Lc  ff.o [1]
ld_word                  0x800'0189     0x6  Code  Lc  ff.o [1]
ldexp                    0x800'2e41          Code  Gb  ldexp.o [3]
ldexpl                   0x800'2e41          Code  Gb  ldexp.o [3]
localeconv               0x800'34f1     0x4  Code  Gb  xlocale_c.o [2]
main                     0x800'783f    0x14  Code  Gb  main.o [1]
mem_cpy                  0x800'01bd    0x10  Code  Lc  ff.o [1]
mem_set                  0x800'01cd     0xa  Code  Lc  ff.o [1]
memchr                   0x800'2d01          Code  Gb  memchr.o [4]
memset                   0x800'481d    0x14  Code  Gb  memset.o [4]
move_window              0x800'0347    0x34  Code  Lc  ff.o [1]
obuf                    0x2000'27d0    0x50  Data  Lc  xfiles.o [2]
pfs                     0x2000'0234     0x4  Data  Gb  process.o [1]
printf                   0x800'5dc5    0x28  Code  Gb  printf.o [2]
put_fat                  0x800'04e3   0x10c  Code  Lc  ff.o [1]
putc_bfd                 0x800'1a57    0x46  Code  Lc  ff.o [1]
putc_flush               0x800'1a9d    0x2c  Code  Lc  ff.o [1]
putc_init                0x800'1ac9     0xa  Code  Lc  ff.o [1]
putchar                  0x800'788d     0xc  Code  Gb  putchar.o [2]
remove                   0x800'7613    0x14  Code  Gb  remove.o [5]
remove_chain             0x800'0619    0x6a  Code  Lc  ff.o [1]
retUSER                 0x2000'28b4     0x1  Data  Gb  fatfs.o [1]
sFileInfo               0x2000'2700    0x80  Data  Lc  XShHandles.o [2]
scalbln                  0x800'2e41          Code  Gb  ldexp.o [3]
scalblnl                 0x800'2e41          Code  Gb  ldexp.o [3]
scalbn                   0x800'2e41          Code  Gb  ldexp.o [3]
scalbnl                  0x800'2e41          Code  Gb  ldexp.o [3]
scale                    0x800'2b97    0x46  Code  Lc  xprintffull_nomb.o [2]
sec_hand                0x2000'28c4     0x4  Data  Lc  xfail_s.o [2]
st_clust                 0x800'08ff    0x26  Code  Lc  ff.o [1]
st_dword                 0x800'01ad    0x10  Code  Lc  ff.o [1]
st_word                  0x800'01a5     0x8  Code  Lc  ff.o [1]
strchr                   0x800'2c95          Code  Gb  strchr.o [4]
strcmp                   0x800'6fdd          Code  Gb  strcmp.o [4]
strncmp                  0x800'6fb5    0x28  Code  Gb  strncmp.o [2]
sum_sfn                  0x800'0925    0x1c  Code  Lc  ff.o [1]
sync_fs                  0x800'037b    0x80  Code  Lc  ff.o [1]
sync_window              0x800'0301    0x38  Code  Lc  ff.o [1]
totalSpace              0x2000'023c     0x4  Data  Gb  process.o [1]
ttio_guard              0x2000'28ce     0x1  Data  Lc  XShttio.o [2]
uart_ctrl_receive        0x800'6e05    0x2a  Code  Gb  uart_ctrl.o [1]
uart_handle_mess         0x800'6e2f    0x3e  Code  Gb  uart_ctrl.o [1]
uwTick                  0x2000'2314     0x4  Data  Gb  stm32f4xx_hal.o [1]
uwTickFreq              0x2000'2310     0x1  Data  Gb  stm32f4xx_hal.o [1]
uwTickPrio              0x2000'2318     0x4  Data  Gb  stm32f4xx_hal.o [1]
validate                 0x800'12a5    0x36  Code  Lc  ff.o [1]


[1] = C:\Users\huyvu\OneDrive - hcmut.edu.vn\Desktop\Do2\Firmware\DLGER_F407_Jun.15.2025\Thesis_Prj\EWARM\DLGER_F407\Obj
[2] = dl7M_tlf.a
[3] = m7M_tls.a
[4] = rt7M_tl.a
[5] = shb_l.a

  30'083 bytes of readonly  code memory
   1'412 bytes of readonly  data memory
  11'981 bytes of readwrite data memory

Errors: none
Warnings: none
