###############################################################################
#
# IAR ELF Linker V8.40.2.214/W32 for ARM                  15/Jun/2025  00:05:46
# Copyright 2007-2019 IAR Systems AB.
#
#    Output file  =
#        C:\Users\huyvu\OneDrive -
#        hcmut.edu.vn\Desktop\Do2\Firmware\DLGER_F407\EWARM\DLGER_F407\Exe\DLGER_F407.out
#    Map file     =
#        C:\Users\huyvu\OneDrive -
#        hcmut.edu.vn\Desktop\Do2\Firmware\DLGER_F407\EWARM\DLGER_F407\List\DLGER_F407.map
#    Command line =
#        -f C:\Users\huyvu\AppData\Local\Temp\EW1474.tmp
#        ("C:\Users\huyvu\OneDrive -
#        hcmut.edu.vn\Desktop\Do2\Firmware\DLGER_F407\EWARM\DLGER_F407\Obj\ads1115.o"
#        "C:\Users\huyvu\OneDrive -
#        hcmut.edu.vn\Desktop\Do2\Firmware\DLGER_F407\EWARM\DLGER_F407\Obj\diskio.o"
#        "C:\Users\huyvu\OneDrive -
#        hcmut.edu.vn\Desktop\Do2\Firmware\DLGER_F407\EWARM\DLGER_F407\Obj\fatfs.o"
#        "C:\Users\huyvu\OneDrive -
#        hcmut.edu.vn\Desktop\Do2\Firmware\DLGER_F407\EWARM\DLGER_F407\Obj\ff.o"
#        "C:\Users\huyvu\OneDrive -
#        hcmut.edu.vn\Desktop\Do2\Firmware\DLGER_F407\EWARM\DLGER_F407\Obj\ff_gen_drv.o"
#        "C:\Users\huyvu\OneDrive -
#        hcmut.edu.vn\Desktop\Do2\Firmware\DLGER_F407\EWARM\DLGER_F407\Obj\ili9341.o"
#        "C:\Users\huyvu\OneDrive -
#        hcmut.edu.vn\Desktop\Do2\Firmware\DLGER_F407\EWARM\DLGER_F407\Obj\main.o"
#        "C:\Users\huyvu\OneDrive -
#        hcmut.edu.vn\Desktop\Do2\Firmware\DLGER_F407\EWARM\DLGER_F407\Obj\process.o"
#        "C:\Users\huyvu\OneDrive -
#        hcmut.edu.vn\Desktop\Do2\Firmware\DLGER_F407\EWARM\DLGER_F407\Obj\sht31.o"
#        "C:\Users\huyvu\OneDrive -
#        hcmut.edu.vn\Desktop\Do2\Firmware\DLGER_F407\EWARM\DLGER_F407\Obj\startup_stm32f407xx.o"
#        "C:\Users\huyvu\OneDrive -
#        hcmut.edu.vn\Desktop\Do2\Firmware\DLGER_F407\EWARM\DLGER_F407\Obj\stm32f4xx_hal.o"
#        "C:\Users\huyvu\OneDrive -
#        hcmut.edu.vn\Desktop\Do2\Firmware\DLGER_F407\EWARM\DLGER_F407\Obj\stm32f4xx_hal_cortex.o"
#        "C:\Users\huyvu\OneDrive -
#        hcmut.edu.vn\Desktop\Do2\Firmware\DLGER_F407\EWARM\DLGER_F407\Obj\stm32f4xx_hal_dma.o"
#        "C:\Users\huyvu\OneDrive -
#        hcmut.edu.vn\Desktop\Do2\Firmware\DLGER_F407\EWARM\DLGER_F407\Obj\stm32f4xx_hal_dma_ex.o"
#        "C:\Users\huyvu\OneDrive -
#        hcmut.edu.vn\Desktop\Do2\Firmware\DLGER_F407\EWARM\DLGER_F407\Obj\stm32f4xx_hal_exti.o"
#        "C:\Users\huyvu\OneDrive -
#        hcmut.edu.vn\Desktop\Do2\Firmware\DLGER_F407\EWARM\DLGER_F407\Obj\stm32f4xx_hal_flash.o"
#        "C:\Users\huyvu\OneDrive -
#        hcmut.edu.vn\Desktop\Do2\Firmware\DLGER_F407\EWARM\DLGER_F407\Obj\stm32f4xx_hal_flash_ex.o"
#        "C:\Users\huyvu\OneDrive -
#        hcmut.edu.vn\Desktop\Do2\Firmware\DLGER_F407\EWARM\DLGER_F407\Obj\stm32f4xx_hal_flash_ramfunc.o"
#        "C:\Users\huyvu\OneDrive -
#        hcmut.edu.vn\Desktop\Do2\Firmware\DLGER_F407\EWARM\DLGER_F407\Obj\stm32f4xx_hal_gpio.o"
#        "C:\Users\huyvu\OneDrive -
#        hcmut.edu.vn\Desktop\Do2\Firmware\DLGER_F407\EWARM\DLGER_F407\Obj\stm32f4xx_hal_i2c.o"
#        "C:\Users\huyvu\OneDrive -
#        hcmut.edu.vn\Desktop\Do2\Firmware\DLGER_F407\EWARM\DLGER_F407\Obj\stm32f4xx_hal_i2c_ex.o"
#        "C:\Users\huyvu\OneDrive -
#        hcmut.edu.vn\Desktop\Do2\Firmware\DLGER_F407\EWARM\DLGER_F407\Obj\stm32f4xx_hal_msp.o"
#        "C:\Users\huyvu\OneDrive -
#        hcmut.edu.vn\Desktop\Do2\Firmware\DLGER_F407\EWARM\DLGER_F407\Obj\stm32f4xx_hal_pwr.o"
#        "C:\Users\huyvu\OneDrive -
#        hcmut.edu.vn\Desktop\Do2\Firmware\DLGER_F407\EWARM\DLGER_F407\Obj\stm32f4xx_hal_pwr_ex.o"
#        "C:\Users\huyvu\OneDrive -
#        hcmut.edu.vn\Desktop\Do2\Firmware\DLGER_F407\EWARM\DLGER_F407\Obj\stm32f4xx_hal_rcc.o"
#        "C:\Users\huyvu\OneDrive -
#        hcmut.edu.vn\Desktop\Do2\Firmware\DLGER_F407\EWARM\DLGER_F407\Obj\stm32f4xx_hal_rcc_ex.o"
#        "C:\Users\huyvu\OneDrive -
#        hcmut.edu.vn\Desktop\Do2\Firmware\DLGER_F407\EWARM\DLGER_F407\Obj\stm32f4xx_hal_spi.o"
#        "C:\Users\huyvu\OneDrive -
#        hcmut.edu.vn\Desktop\Do2\Firmware\DLGER_F407\EWARM\DLGER_F407\Obj\stm32f4xx_hal_tim.o"
#        "C:\Users\huyvu\OneDrive -
#        hcmut.edu.vn\Desktop\Do2\Firmware\DLGER_F407\EWARM\DLGER_F407\Obj\stm32f4xx_hal_tim_ex.o"
#        "C:\Users\huyvu\OneDrive -
#        hcmut.edu.vn\Desktop\Do2\Firmware\DLGER_F407\EWARM\DLGER_F407\Obj\stm32f4xx_hal_timebase_tim.o"
#        "C:\Users\huyvu\OneDrive -
#        hcmut.edu.vn\Desktop\Do2\Firmware\DLGER_F407\EWARM\DLGER_F407\Obj\stm32f4xx_hal_uart.o"
#        "C:\Users\huyvu\OneDrive -
#        hcmut.edu.vn\Desktop\Do2\Firmware\DLGER_F407\EWARM\DLGER_F407\Obj\stm32f4xx_it.o"
#        "C:\Users\huyvu\OneDrive -
#        hcmut.edu.vn\Desktop\Do2\Firmware\DLGER_F407\EWARM\DLGER_F407\Obj\syscall.o"
#        "C:\Users\huyvu\OneDrive -
#        hcmut.edu.vn\Desktop\Do2\Firmware\DLGER_F407\EWARM\DLGER_F407\Obj\system_stm32f4xx.o"
#        "C:\Users\huyvu\OneDrive -
#        hcmut.edu.vn\Desktop\Do2\Firmware\DLGER_F407\EWARM\DLGER_F407\Obj\uart_ctrl.o"
#        "C:\Users\huyvu\OneDrive -
#        hcmut.edu.vn\Desktop\Do2\Firmware\DLGER_F407\EWARM\DLGER_F407\Obj\UI_process.o"
#        "C:\Users\huyvu\OneDrive -
#        hcmut.edu.vn\Desktop\Do2\Firmware\DLGER_F407\EWARM\DLGER_F407\Obj\user_diskio.o"
#        --no_out_extension -o "C:\Users\huyvu\OneDrive -
#        hcmut.edu.vn\Desktop\Do2\Firmware\DLGER_F407\EWARM\DLGER_F407\Exe\DLGER_F407.out"
#        --redirect _Printf=_PrintfFullNoMb --redirect _Scanf=_ScanfFullNoMb
#        --map "C:\Users\huyvu\OneDrive -
#        hcmut.edu.vn\Desktop\Do2\Firmware\DLGER_F407\EWARM\DLGER_F407\List\DLGER_F407.map"
#        --config "C:\Users\huyvu\OneDrive -
#        hcmut.edu.vn\Desktop\Do2\Firmware\DLGER_F407\EWARM/stm32f407xx_flash.icf"
#        --semihosting --entry __iar_program_start --vfe --text_out locale)
#
###############################################################################

*******************************************************************************
*** RUNTIME MODEL ATTRIBUTES
***

CppFlavor       = *
__SystemLibrary = DLib
__dlib_version  = 6


*******************************************************************************
*** HEAP SELECTION
***

The basic heap was selected because no calls to memory allocation
functions were found in the application outside of system library
functions, and there are calls to deallocation functions in the
application.


*******************************************************************************
*** PLACEMENT SUMMARY
***

"A0":  place at address 0x800'0000 { ro section .intvec };
"P1":  place in [from 0x800'0000 to 0x80f'ffff] { ro };
define block CSTACK with size = 1K, alignment = 8 { };
define block HEAP with size = 512, alignment = 8 { };
"P2":  place in [from 0x2000'0000 to 0x2001'ffff] {
          rw, block CSTACK, block HEAP };
initialize by copy { rw };

  Section            Kind         Address    Size  Object
  -------            ----         -------    ----  ------
"A0":                                       0x188
  .intvec            ro code   0x800'0000   0x188  startup_stm32f407xx.o [1]
                             - 0x800'0188   0x188

"P1":                                      0x2b98
  .text              ro code   0x800'0188   0x992  stm32f4xx_hal_i2c.o [1]
  .text              ro code   0x800'0b1a    0x3a  zero_init3.o [4]
  .text              ro code   0x800'0b54   0x264  stm32f4xx_hal_msp.o [1]
  .text              ro code   0x800'0db8   0x1e4  stm32f4xx_hal_rcc.o [1]
  .text              ro code   0x800'0f9c     0xc  stm32f4xx_hal.o [1]
  .text              ro code   0x800'0fa8   0x1f4  stm32f4xx_hal_gpio.o [1]
  .text              ro code   0x800'119c    0x14  memset.o [4]
  .text              ro code   0x800'11b0    0x98  stm32f4xx_hal_cortex.o [1]
  .text              ro code   0x800'1248    0xa0  stm32f4xx_hal_timebase_tim.o [1]
  .text              ro code   0x800'12e8   0x106  I64DivMod_small.o [4]
  .text              ro code   0x800'13f0    0x66  ABImemset.o [4]
  .text              ro code   0x800'1458   0x2f6  stm32f4xx_hal_tim.o [1]
  .text              ro code   0x800'1750     0x2  I64DivZer.o [4]
  .text              ro code   0x800'1752     0x2  stm32f4xx_hal_tim.o [1]
  .text              ro code   0x800'1754     0x2  stm32f4xx_hal_tim.o [1]
  .text              ro code   0x800'1758   0x3d0  process.o [1]
  .text              ro code   0x800'1b28     0x2  stm32f4xx_hal_tim_ex.o [1]
  .text              ro code   0x800'1b2a     0x2  stm32f4xx_hal_tim.o [1]
  .text              ro code   0x800'1b2c     0x2  stm32f4xx_hal_tim_ex.o [1]
  .text              ro code   0x800'1b2e     0x2  stm32f4xx_hal_tim.o [1]
  .text              ro code   0x800'1b30    0x34  stm32f4xx_hal.o [1]
  .text              ro code   0x800'1b64    0xc8  stm32f4xx_hal_spi.o [1]
  .text              ro code   0x800'1c2c   0x538  stm32f4xx_hal_uart.o [1]
  .text              ro code   0x800'2164    0x18  fatfs.o [1]
  .text              ro code   0x800'217c   0x218  ads1115.o [1]
  .text              ro code   0x800'2394    0x28  stm32f4xx_hal.o [1]
  .text              ro code   0x800'23bc   0x31c  stm32f4xx_hal_rcc.o [1]
  .text              ro code   0x800'26d8    0x10  stm32f4xx_hal.o [1]
  .text              ro code   0x800'26e8    0xc2  stm32f4xx_hal_dma.o [1]
  .text              ro code   0x800'27aa     0x2  stm32f4xx_hal_uart.o [1]
  .text              ro code   0x800'27ac     0x2  stm32f4xx_hal_uart.o [1]
  .text              ro code   0x800'27ae     0x2  stm32f4xx_hal_uart.o [1]
  .text              ro code   0x800'27b0     0x2  stm32f4xx_hal_uart.o [1]
  .text              ro code   0x800'27b4    0x40  ff_gen_drv.o [1]
  .text              ro code   0x800'27f4    0x18  ABImemcpy_small.o [4]
  .text              ro code   0x800'280c   0x1b8  uart_ctrl.o [1]
  .text              ro code   0x800'29c4    0x28  strncmp.o [2]
  .text              ro code   0x800'29ec    0x12  strcmp.o [4]
  .text              ro code   0x800'2a00    0x3c  stm32f4xx_it.o [1]
  .text              ro code   0x800'2a3c    0x38  packbits_init_single.o [4]
  .text              ro code   0x800'2a74    0x28  data_init.o [4]
  .text              ro code   0x800'2a9c    0x22  fpinit_M.o [3]
  .iar.init_table    const     0x800'2ac0    0x20  - Linker created -
  .text              ro code   0x800'2ae0    0x20  system_stm32f4xx.o [1]
  .text              ro code   0x800'2b00    0x20  user_diskio.o [1]
  .text              ro code   0x800'2b20    0x1e  cmain.o [4]
  .text              ro code   0x800'2b3e     0x4  low_level_init.o [2]
  .text              ro code   0x800'2b42    0x14  main.o [1]
  .text              ro code   0x800'2b56     0x4  exit.o [2]
  .text              ro code   0x800'2b5a    0x10  UI_process.o [1]
  .text              ro code   0x800'2b6c     0xa  cexit.o [4]
  .text              ro code   0x800'2b78    0x14  exit.o [5]
  .text              ro code   0x800'2b8c    0x10  startup_stm32f407xx.o [1]
  .text              ro code   0x800'2b9c     0xc  cstartup_M.o [4]
  .rodata            const     0x800'2ba8     0x8  system_stm32f4xx.o [1]
  .text              ro code   0x800'2bb0     0x4  startup_stm32f407xx.o [1]
  .text              ro code   0x800'2bb4     0x4  startup_stm32f407xx.o [1]
  .text              ro code   0x800'2bb8     0x4  startup_stm32f407xx.o [1]
  .text              ro code   0x800'2bbc     0x4  startup_stm32f407xx.o [1]
  .text              ro code   0x800'2bc0     0x4  startup_stm32f407xx.o [1]
  .text              ro code   0x800'2bc4     0x4  startup_stm32f407xx.o [1]
  .text              ro code   0x800'2bc8     0x4  startup_stm32f407xx.o [1]
  .text              ro code   0x800'2bcc     0x4  startup_stm32f407xx.o [1]
  .text              ro code   0x800'2bd0     0x4  startup_stm32f407xx.o [1]
  .text              ro code   0x800'2bd4     0x4  startup_stm32f407xx.o [1]
  .text              ro code   0x800'2bd8     0x4  startup_stm32f407xx.o [1]
  .text              ro code   0x800'2bdc     0x4  startup_stm32f407xx.o [1]
  .text              ro code   0x800'2be0     0x4  startup_stm32f407xx.o [1]
  .text              ro code   0x800'2be4     0x4  startup_stm32f407xx.o [1]
  .text              ro code   0x800'2be8     0x4  startup_stm32f407xx.o [1]
  .text              ro code   0x800'2bec     0x4  startup_stm32f407xx.o [1]
  .text              ro code   0x800'2bf0     0x4  startup_stm32f407xx.o [1]
  .text              ro code   0x800'2bf4     0x4  startup_stm32f407xx.o [1]
  .text              ro code   0x800'2bf8     0x4  startup_stm32f407xx.o [1]
  .text              ro code   0x800'2bfc     0x4  startup_stm32f407xx.o [1]
  .text              ro code   0x800'2c00     0x4  startup_stm32f407xx.o [1]
  .text              ro code   0x800'2c04     0x4  startup_stm32f407xx.o [1]
  .text              ro code   0x800'2c08     0x4  startup_stm32f407xx.o [1]
  .text              ro code   0x800'2c0c     0x4  startup_stm32f407xx.o [1]
  .text              ro code   0x800'2c10     0x4  startup_stm32f407xx.o [1]
  .text              ro code   0x800'2c14     0x4  startup_stm32f407xx.o [1]
  .text              ro code   0x800'2c18     0x4  startup_stm32f407xx.o [1]
  .text              ro code   0x800'2c1c     0x4  startup_stm32f407xx.o [1]
  .text              ro code   0x800'2c20     0x4  startup_stm32f407xx.o [1]
  .text              ro code   0x800'2c24     0x4  startup_stm32f407xx.o [1]
  .text              ro code   0x800'2c28     0x4  startup_stm32f407xx.o [1]
  .text              ro code   0x800'2c2c     0x4  startup_stm32f407xx.o [1]
  .text              ro code   0x800'2c30     0x4  startup_stm32f407xx.o [1]
  .text              ro code   0x800'2c34     0x4  startup_stm32f407xx.o [1]
  .text              ro code   0x800'2c38     0x4  startup_stm32f407xx.o [1]
  .text              ro code   0x800'2c3c     0x4  startup_stm32f407xx.o [1]
  .text              ro code   0x800'2c40     0x4  startup_stm32f407xx.o [1]
  .text              ro code   0x800'2c44     0x4  startup_stm32f407xx.o [1]
  .text              ro code   0x800'2c48     0x4  startup_stm32f407xx.o [1]
  .text              ro code   0x800'2c4c     0x4  startup_stm32f407xx.o [1]
  .text              ro code   0x800'2c50     0x4  startup_stm32f407xx.o [1]
  .text              ro code   0x800'2c54     0x4  startup_stm32f407xx.o [1]
  .text              ro code   0x800'2c58     0x4  startup_stm32f407xx.o [1]
  .text              ro code   0x800'2c5c     0x4  startup_stm32f407xx.o [1]
  .text              ro code   0x800'2c60     0x4  startup_stm32f407xx.o [1]
  .text              ro code   0x800'2c64     0x4  startup_stm32f407xx.o [1]
  .text              ro code   0x800'2c68     0x4  startup_stm32f407xx.o [1]
  .text              ro code   0x800'2c6c     0x4  startup_stm32f407xx.o [1]
  .text              ro code   0x800'2c70     0x4  startup_stm32f407xx.o [1]
  .text              ro code   0x800'2c74     0x4  startup_stm32f407xx.o [1]
  .text              ro code   0x800'2c78     0x4  startup_stm32f407xx.o [1]
  .text              ro code   0x800'2c7c     0x4  startup_stm32f407xx.o [1]
  .text              ro code   0x800'2c80     0x4  startup_stm32f407xx.o [1]
  .text              ro code   0x800'2c84     0x4  startup_stm32f407xx.o [1]
  .text              ro code   0x800'2c88     0x4  startup_stm32f407xx.o [1]
  .text              ro code   0x800'2c8c     0x4  startup_stm32f407xx.o [1]
  .text              ro code   0x800'2c90     0x4  startup_stm32f407xx.o [1]
  .text              ro code   0x800'2c94     0x4  startup_stm32f407xx.o [1]
  .text              ro code   0x800'2c98     0x4  startup_stm32f407xx.o [1]
  .text              ro code   0x800'2c9c     0x4  startup_stm32f407xx.o [1]
  .text              ro code   0x800'2ca0     0x4  startup_stm32f407xx.o [1]
  .text              ro code   0x800'2ca4     0x4  startup_stm32f407xx.o [1]
  .text              ro code   0x800'2ca8     0x4  startup_stm32f407xx.o [1]
  .text              ro code   0x800'2cac     0x4  startup_stm32f407xx.o [1]
  .text              ro code   0x800'2cb0     0x4  startup_stm32f407xx.o [1]
  .text              ro code   0x800'2cb4     0x4  startup_stm32f407xx.o [1]
  .text              ro code   0x800'2cb8     0x4  startup_stm32f407xx.o [1]
  .text              ro code   0x800'2cbc     0x4  startup_stm32f407xx.o [1]
  .text              ro code   0x800'2cc0     0x4  startup_stm32f407xx.o [1]
  .text              ro code   0x800'2cc4     0x4  startup_stm32f407xx.o [1]
  .text              ro code   0x800'2cc8     0x4  startup_stm32f407xx.o [1]
  .text              ro code   0x800'2ccc     0x4  startup_stm32f407xx.o [1]
  .text              ro code   0x800'2cd0     0x4  startup_stm32f407xx.o [1]
  .text              ro code   0x800'2cd4     0x4  startup_stm32f407xx.o [1]
  .text              ro code   0x800'2cd8     0x4  startup_stm32f407xx.o [1]
  .text              ro code   0x800'2cdc     0x4  startup_stm32f407xx.o [1]
  .text              ro code   0x800'2ce0     0x4  startup_stm32f407xx.o [1]
  .rodata            const     0x800'2ce4     0x0  zero_init3.o [4]
  .rodata            const     0x800'2ce4     0x0  packbits_init_single.o [4]
  Initializer bytes  const     0x800'2ce4    0x3c  <for P2-1>
                             - 0x800'2d20  0x2b98

"P2", part 1 of 3:                          0x2dd
  P2-1                        0x2000'0000   0x2dd  <Init block>
    .data            inited   0x2000'0000    0x64  ads1115.o [1]
    .data            inited   0x2000'0064   0x1d0  process.o [1]
    .data            inited   0x2000'0234     0xc  stm32f4xx_hal.o [1]
    .data            inited   0x2000'0240     0x4  system_stm32f4xx.o [1]
    .data            inited   0x2000'0244    0x84  uart_ctrl.o [1]
    .data            inited   0x2000'02c8    0x14  user_diskio.o [1]
    .data            inited   0x2000'02dc     0x1  user_diskio.o [1]
                            - 0x2000'02dd   0x2dd

"P2", part 2 of 3:                           0x7c
  .bss               zero     0x2000'02e0    0x48  stm32f4xx_hal_timebase_tim.o [1]
  .bss               zero     0x2000'0328    0x20  ads1115.o [1]
  .bss               zero     0x2000'0348     0xc  ff_gen_drv.o [1]
  .bss               zero     0x2000'0354     0x8  fatfs.o [1]
                            - 0x2000'035c    0x7c

"P2", part 3 of 3:                          0x400
  CSTACK                      0x2000'0360   0x400  <Block>
    CSTACK           uninit   0x2000'0360   0x400  <Block tail>
                            - 0x2000'0760   0x400

Unused ranges:

         From           To      Size
         ----           --      ----
   0x800'2d20   0x80f'ffff  0xf'd2e0
  0x2000'02dd  0x2000'02df       0x3
  0x2000'035c  0x2000'035f       0x4
  0x2000'0760  0x2001'ffff  0x1'f8a0


*******************************************************************************
*** INIT TABLE
***

          Address      Size
          -------      ----
Zero (__iar_zero_init3)
    1 destination range, total size 0x7c:
          0x2000'02e0   0x7c

Copy/packbits (__iar_packbits_init_single3)
    1 source range, total size 0x3c (8% of destination):
           0x800'2ce4   0x3c
    1 destination range, total size 0x2dd:
          0x2000'0000  0x2dd



*******************************************************************************
*** MODULE SUMMARY
***

    Module                        ro code  ro data  rw data
    ------                        -------  -------  -------
command line/config:
    -------------------------------------------------------
    Total:

C:\Users\huyvu\OneDrive - hcmut.edu.vn\Desktop\Do2\Firmware\DLGER_F407\EWARM\DLGER_F407\Obj: [1]
    UI_process.o                       16
    ads1115.o                         536        8      132
    fatfs.o                            24                 8
    ff_gen_drv.o                       64                12
    main.o                             20
    process.o                         976       38      464
    startup_stm32f407xx.o             716
    stm32f4xx_hal.o                   120        1       12
    stm32f4xx_hal_cortex.o            152
    stm32f4xx_hal_dma.o               194
    stm32f4xx_hal_gpio.o              500
    stm32f4xx_hal_i2c.o             2'450
    stm32f4xx_hal_msp.o               612
    stm32f4xx_hal_rcc.o             1'280
    stm32f4xx_hal_spi.o               200
    stm32f4xx_hal_tim.o               766
    stm32f4xx_hal_tim_ex.o              4
    stm32f4xx_hal_timebase_tim.o      160                72
    stm32f4xx_hal_uart.o            1'344
    stm32f4xx_it.o                     60
    system_stm32f4xx.o                 32        8        4
    uart_ctrl.o                       440       11      132
    user_diskio.o                      32        2       21
    -------------------------------------------------------
    Total:                         10'698       68      857

dl7M_tlf.a: [2]
    exit.o                              4
    low_level_init.o                    4
    strncmp.o                          40
    -------------------------------------------------------
    Total:                             48

m7M_tls.a: [3]
    fpinit_M.o                         34
    -------------------------------------------------------
    Total:                             34

rt7M_tl.a: [4]
    ABImemcpy_small.o                  24
    ABImemset.o                       102
    I64DivMod_small.o                 262
    I64DivZer.o                         2
    cexit.o                            10
    cmain.o                            30
    cstartup_M.o                       12
    data_init.o                        40
    memset.o                           20
    packbits_init_single.o             56
    strcmp.o                           18
    zero_init3.o                       58
    -------------------------------------------------------
    Total:                            634

shb_l.a: [5]
    exit.o                             20
    -------------------------------------------------------
    Total:                             20

    Gaps                               16        2
    Linker created                              32    1'024
-----------------------------------------------------------
    Grand Total:                   11'450      102    1'881


*******************************************************************************
*** ENTRY LIST
***

Entry                       Address   Size  Type      Object
-----                       -------   ----  ----      ------
.iar.init_table$$Base    0x800'2ac0          --   Gb  - Linker created -
.iar.init_table$$Limit   0x800'2ae0          --   Gb  - Linker created -
?main                    0x800'2b21         Code  Gb  cmain.o [4]
ADS1115_I2C_Handler     0x2000'0010   0x54  Data  Gb  ads1115.o [1]
ADS1115_Init_C0          0x800'217d    0xe  Code  Gb  ads1115.o [1]
ADS1115_Init_C1          0x800'218b    0xc  Code  Gb  ads1115.o [1]
ADS1115_config          0x2000'0000    0x2  Data  Gb  ads1115.o [1]
ADS1115_dataRate        0x2000'0006    0x2  Data  Gb  ads1115.o [1]
ADS1115_devAddress0     0x2000'0004    0x1  Data  Gb  ads1115.o [1]
ADS1115_devAddress1     0x2000'0005    0x1  Data  Gb  ads1115.o [1]
ADS1115_pga             0x2000'0008    0x2  Data  Gb  ads1115.o [1]
ADS1115_rawValue        0x2000'0002    0x2  Data  Gb  ads1115.o [1]
ADS1115_readSingleEnded_C0
                         0x800'220d   0x46  Code  Gb  ads1115.o [1]
ADS1115_readSingleEnded_C1
                         0x800'2253   0x46  Code  Gb  ads1115.o [1]
ADS1115_voltCoef        0x2000'000c    0x4  Data  Gb  ads1115.o [1]
AHBPrescTable            0x800'2af0   0x10  Data  Gb  system_stm32f4xx.o [1]
APBPrescTable            0x800'2ba8    0x8  Data  Gb  system_stm32f4xx.o [1]
BusFault_Handler         0x800'2a07    0x2  Code  Gb  stm32f4xx_it.o [1]
CSTACK$$Base            0x2000'0360          --   Gb  - Linker created -
CSTACK$$Limit           0x2000'0760          --   Gb  - Linker created -
DebugMon_Handler         0x800'2a0d    0x2  Code  Gb  stm32f4xx_it.o [1]
Error_Handler            0x800'1b25    0x4  Code  Gb  process.o [1]
FATFS_LinkDriver         0x800'27ed    0x4  Code  Gb  ff_gen_drv.o [1]
FATFS_LinkDriverEx       0x800'27b5   0x38  Code  Gb  ff_gen_drv.o [1]
HAL_DMA_Abort            0x800'26e9   0x78  Code  Gb  stm32f4xx_hal_dma.o [1]
HAL_DMA_Abort_IT         0x800'2761   0x24  Code  Gb  stm32f4xx_hal_dma.o [1]
HAL_Delay                0x800'2395   0x28  Code  Wk  stm32f4xx_hal.o [1]
HAL_GPIO_Init            0x800'0fa9  0x1c0  Code  Gb  stm32f4xx_hal_gpio.o [1]
HAL_GPIO_WritePin        0x800'1169    0x8  Code  Gb  stm32f4xx_hal_gpio.o [1]
HAL_GetTick              0x800'0f9d    0xc  Code  Wk  stm32f4xx_hal.o [1]
HAL_I2C_Init             0x800'0189  0x12c  Code  Gb  stm32f4xx_hal_i2c.o [1]
HAL_I2C_IsDeviceReady    0x800'0641  0x112  Code  Gb  stm32f4xx_hal_i2c.o [1]
HAL_I2C_Mem_Read         0x800'0449  0x120  Code  Gb  stm32f4xx_hal_i2c.o [1]
HAL_I2C_Mem_Write        0x800'0319   0xd0  Code  Gb  stm32f4xx_hal_i2c.o [1]
HAL_I2C_MspInit          0x800'0b89   0x5e  Code  Gb  stm32f4xx_hal_msp.o [1]
HAL_IncTick              0x800'26d9   0x10  Code  Wk  stm32f4xx_hal.o [1]
HAL_Init                 0x800'1b31   0x30  Code  Gb  stm32f4xx_hal.o [1]
HAL_InitTick             0x800'1249   0x8a  Code  Gb  stm32f4xx_hal_timebase_tim.o [1]
HAL_MspInit              0x800'0b55   0x34  Code  Gb  stm32f4xx_hal_msp.o [1]
HAL_NVIC_EnableIRQ       0x800'121f   0x16  Code  Gb  stm32f4xx_hal_cortex.o [1]
HAL_NVIC_SetPriority     0x800'11e5   0x3a  Code  Gb  stm32f4xx_hal_cortex.o [1]
HAL_NVIC_SetPriorityGrouping
                         0x800'11cb   0x1a  Code  Gb  stm32f4xx_hal_cortex.o [1]
HAL_RCC_ClockConfig      0x800'0db9  0x100  Code  Gb  stm32f4xx_hal_rcc.o [1]
HAL_RCC_GetClockConfig   0x800'0ee9   0x36  Code  Gb  stm32f4xx_hal_rcc.o [1]
HAL_RCC_GetPCLK1Freq     0x800'0ec5   0x10  Code  Gb  stm32f4xx_hal_rcc.o [1]
HAL_RCC_GetPCLK2Freq     0x800'0ed5    0xe  Code  Gb  stm32f4xx_hal_rcc.o [1]
HAL_RCC_OscConfig        0x800'23bd  0x31c  Code  Wk  stm32f4xx_hal_rcc.o [1]
HAL_SPI_Init             0x800'1b65   0xb4  Code  Gb  stm32f4xx_hal_spi.o [1]
HAL_SPI_MspInit          0x800'0c17   0x5c  Code  Gb  stm32f4xx_hal_msp.o [1]
HAL_TIMEx_BreakCallback
                         0x800'1b29    0x2  Code  Wk  stm32f4xx_hal_tim_ex.o [1]
HAL_TIMEx_CommutCallback
                         0x800'1b2d    0x2  Code  Wk  stm32f4xx_hal_tim_ex.o [1]
HAL_TIM_Base_Init        0x800'1459   0x1a  Code  Gb  stm32f4xx_hal_tim.o [1]
HAL_TIM_Base_Start_IT    0x800'1473   0x7c  Code  Gb  stm32f4xx_hal_tim.o [1]
HAL_TIM_IRQHandler       0x800'1539  0x142  Code  Gb  stm32f4xx_hal_tim.o [1]
HAL_TIM_PeriodElapsedCallback
                         0x800'1ad3    0xe  Code  Gb  process.o [1]
HAL_UART_IRQHandler      0x800'1cbf  0x26a  Code  Gb  stm32f4xx_hal_uart.o [1]
HAL_UART_Init            0x800'1c2d   0x1e  Code  Gb  stm32f4xx_hal_uart.o [1]
HAL_UART_MspInit         0x800'0c7f   0xe2  Code  Gb  stm32f4xx_hal_msp.o [1]
HardFault_Handler        0x800'2a03    0x2  Code  Gb  stm32f4xx_it.o [1]
I2C_IsAcknowledgeFailed
                         0x800'0aef   0x2c  Code  Lc  stm32f4xx_hal_i2c.o [1]
I2C_RequestMemoryRead    0x800'0847   0xae  Code  Lc  stm32f4xx_hal_i2c.o [1]
I2C_RequestMemoryWrite   0x800'07a9   0x84  Code  Lc  stm32f4xx_hal_i2c.o [1]
I2C_WaitOnBTFFlagUntilTimeout
                         0x800'0a5d   0x3a  Code  Lc  stm32f4xx_hal_i2c.o [1]
I2C_WaitOnFlagUntilTimeout
                         0x800'0935   0x50  Code  Lc  stm32f4xx_hal_i2c.o [1]
I2C_WaitOnMasterAddressFlagUntilTimeout
                         0x800'0985   0x74  Code  Lc  stm32f4xx_hal_i2c.o [1]
I2C_WaitOnRXNEFlagUntilTimeout
                         0x800'0a97   0x44  Code  Lc  stm32f4xx_hal_i2c.o [1]
I2C_WaitOnTXEFlagUntilTimeout
                         0x800'0a07   0x3a  Code  Lc  stm32f4xx_hal_i2c.o [1]
MX_FATFS_Init            0x800'2165   0x10  Code  Gb  fatfs.o [1]
MemManage_Handler        0x800'2a05    0x2  Code  Gb  stm32f4xx_it.o [1]
NMI_Handler              0x800'2a01    0x2  Code  Gb  stm32f4xx_it.o [1]
PendSV_Handler           0x800'2a0f    0x2  Code  Gb  stm32f4xx_it.o [1]
Process_Init             0x800'1759  0x29a  Code  Gb  process.o [1]
Process_Run              0x800'1a1f   0x14  Code  Gb  process.o [1]
Region$$Table$$Base      0x800'2ac0          --   Gb  - Linker created -
Region$$Table$$Limit     0x800'2ae0          --   Gb  - Linker created -
SVC_Handler              0x800'2a0b    0x2  Code  Gb  stm32f4xx_it.o [1]
Stat                    0x2000'02dc    0x1  Data  Lc  user_diskio.o [1]
SysTick_Handler          0x800'2a11    0x2  Code  Gb  stm32f4xx_it.o [1]
SystemClock_Config       0x800'1a33   0xa0  Code  Gb  process.o [1]
SystemCoreClock         0x2000'0240    0x4  Data  Gb  system_stm32f4xx.o [1]
SystemInit               0x800'2ae1    0xc  Code  Gb  system_stm32f4xx.o [1]
TIM4_IRQHandler          0x800'2a13    0x6  Code  Gb  stm32f4xx_it.o [1]
TIM_Base_SetConfig       0x800'1689   0x96  Code  Gb  stm32f4xx_hal_tim.o [1]
UART_DMAAbortOnError     0x800'1fbd    0xc  Code  Lc  stm32f4xx_hal_uart.o [1]
UART_EndRxTransfer       0x800'1f75   0x2a  Code  Lc  stm32f4xx_hal_uart.o [1]
UART_Receive_IT          0x800'1fc9   0xaa  Code  Lc  stm32f4xx_hal_uart.o [1]
UART_SetConfig           0x800'209d   0xae  Code  Lc  stm32f4xx_hal_uart.o [1]
UI_Process_Init          0x800'2b5b    0x2  Code  Gb  UI_process.o [1]
UI_Process_Run           0x800'2b5d    0xe  Code  Gb  UI_process.o [1]
USART1_IRQHandler        0x800'2a19    0x6  Code  Gb  stm32f4xx_it.o [1]
USART2_IRQHandler        0x800'2a1f    0x6  Code  Gb  stm32f4xx_it.o [1]
USART3_IRQHandler        0x800'2a25    0x6  Code  Gb  stm32f4xx_it.o [1]
USERPath                0x2000'0358    0x4  Data  Gb  fatfs.o [1]
USER_Driver             0x2000'02c8   0x14  Data  Gb  user_diskio.o [1]
USER_initialize          0x800'2b01    0x2  Code  Gb  user_diskio.o [1]
USER_ioctl               0x800'2b1d    0x4  Code  Gb  user_diskio.o [1]
USER_read                0x800'2b15    0x4  Code  Gb  user_diskio.o [1]
USER_status              0x800'2b05    0x2  Code  Gb  user_diskio.o [1]
USER_write               0x800'2b19    0x4  Code  Gb  user_diskio.o [1]
UsageFault_Handler       0x800'2a09    0x2  Code  Gb  stm32f4xx_it.o [1]
__NVIC_SetPriority       0x800'11b1   0x1a  Code  Lc  stm32f4xx_hal_cortex.o [1]
__aeabi_ldiv0            0x800'1751         Code  Gb  I64DivZer.o [4]
__aeabi_memset           0x800'13f1         Code  Gb  ABImemset.o [4]
__cmain                  0x800'2b21         Code  Gb  cmain.o [4]
__exit                   0x800'2b79   0x14  Code  Gb  exit.o [5]
__iar_Memset             0x800'13f1         Code  Gb  ABImemset.o [4]
__iar_Memset_word        0x800'13f9         Code  Gb  ABImemset.o [4]
__iar_data_init3         0x800'2a75   0x28  Code  Gb  data_init.o [4]
__iar_init_vfp           0x800'2a9d         Code  Gb  fpinit_M.o [3]
__iar_packbits_init_single3
                         0x800'2a3d   0x38  Code  Gb  packbits_init_single.o [4]
__iar_program_start      0x800'2b9d         Code  Gb  cstartup_M.o [4]
__iar_small_Memcpy       0x800'27f9         Code  Gb  ABImemcpy_small.o [4]
__iar_small_memcpy       0x800'27f5         Code  Gb  ABImemcpy_small.o [4]
__iar_small_memcpy4      0x800'27f5         Code  Gb  ABImemcpy_small.o [4]
__iar_small_memcpy8      0x800'27f5         Code  Gb  ABImemcpy_small.o [4]
__iar_small_uldivmod     0x800'12e9         Code  Gb  I64DivMod_small.o [4]
__iar_zero_init3         0x800'0b1b   0x3a  Code  Gb  zero_init3.o [4]
__low_level_init         0x800'2b3f    0x4  Code  Gb  low_level_init.o [2]
__vector_table           0x800'0000         Data  Gb  startup_stm32f407xx.o [1]
_call_main               0x800'2b2d         Code  Gb  cmain.o [4]
_exit                    0x800'2b6d         Code  Gb  cexit.o [4]
_main                    0x800'2b3b         Code  Gb  cmain.o [4]
ads1115_read             0x800'231f   0x6e  Code  Gb  ads1115.o [1]
bDataInProcess          0x2000'0245    0x1  Data  Lc  uart_ctrl.o [1]
bStatusADC              0x2000'0244    0x1  Data  Gb  uart_ctrl.o [1]
disk                    0x2000'0348    0xc  Data  Gb  ff_gen_drv.o [1]
exit                     0x800'2b57    0x4  Code  Gb  exit.o [2]
gCheckInit              0x2000'0064    0x1  Data  Gb  process.o [1]
gUartLineBuffer         0x2000'0248   0x80  Data  Lc  uart_ctrl.o [1]
g_voltage               0x2000'0328   0x20  Data  Gb  ads1115.o [1]
hi2c1                   0x2000'00c0   0x54  Data  Gb  process.o [1]
hi2c2                   0x2000'0114   0x54  Data  Gb  process.o [1]
hspi1                   0x2000'0068   0x58  Data  Gb  process.o [1]
htim4                   0x2000'02e0   0x48  Data  Gb  stm32f4xx_hal_timebase_tim.o [1]
huart1                  0x2000'0168   0x44  Data  Gb  process.o [1]
huart2                  0x2000'01ac   0x44  Data  Gb  process.o [1]
huart3                  0x2000'01f0   0x44  Data  Gb  process.o [1]
identify_command         0x800'2885   0xb6  Code  Gb  uart_ctrl.o [1]
main                     0x800'2b43   0x14  Code  Gb  main.o [1]
memset                   0x800'119d   0x14  Code  Gb  memset.o [4]
retUSER                 0x2000'0354    0x1  Data  Gb  fatfs.o [1]
strcmp                   0x800'29ed         Code  Gb  strcmp.o [4]
strncmp                  0x800'29c5   0x28  Code  Gb  strncmp.o [2]
uart_ctrl_receive        0x800'280d   0x30  Code  Gb  uart_ctrl.o [1]
uart_handle_mess         0x800'283d   0x3e  Code  Gb  uart_ctrl.o [1]
uwTick                  0x2000'0238    0x4  Data  Gb  stm32f4xx_hal.o [1]
uwTickFreq              0x2000'0234    0x1  Data  Gb  stm32f4xx_hal.o [1]
uwTickPrio              0x2000'023c    0x4  Data  Gb  stm32f4xx_hal.o [1]


[1] = C:\Users\huyvu\OneDrive - hcmut.edu.vn\Desktop\Do2\Firmware\DLGER_F407\EWARM\DLGER_F407\Obj
[2] = dl7M_tlf.a
[3] = m7M_tls.a
[4] = rt7M_tl.a
[5] = shb_l.a

  11'450 bytes of readonly  code memory
     102 bytes of readonly  data memory
   1'881 bytes of readwrite data memory

Errors: none
Warnings: none
