###############################################################################
#
# IAR ELF Linker V8.40.2.214/W32 for ARM                  21/Jun/2025  00:02:52
# Copyright 2007-2019 IAR Systems AB.
#
#    Output file  =
#        C:\Users\huyvu\OneDrive -
#        hcmut.edu.vn\Desktop\Do2\Firmware\DLGER_F407_Jun.15.2025\Thesis_Prj\EWARM\DLGER_F407\Exe\DLGER_F407.out
#    Map file     =
#        C:\Users\huyvu\OneDrive -
#        hcmut.edu.vn\Desktop\Do2\Firmware\DLGER_F407_Jun.15.2025\Thesis_Prj\EWARM\DLGER_F407\List\DLGER_F407.map
#    Command line =
#        -f C:\Users\huyvu\AppData\Local\Temp\EW460F.tmp
#        ("C:\Users\huyvu\OneDrive -
#        hcmut.edu.vn\Desktop\Do2\Firmware\DLGER_F407_Jun.15.2025\Thesis_Prj\EWARM\DLGER_F407\Obj\ads1115.o"
#        "C:\Users\huyvu\OneDrive -
#        hcmut.edu.vn\Desktop\Do2\Firmware\DLGER_F407_Jun.15.2025\Thesis_Prj\EWARM\DLGER_F407\Obj\diskio.o"
#        "C:\Users\huyvu\OneDrive -
#        hcmut.edu.vn\Desktop\Do2\Firmware\DLGER_F407_Jun.15.2025\Thesis_Prj\EWARM\DLGER_F407\Obj\fatfs.o"
#        "C:\Users\huyvu\OneDrive -
#        hcmut.edu.vn\Desktop\Do2\Firmware\DLGER_F407_Jun.15.2025\Thesis_Prj\EWARM\DLGER_F407\Obj\ff.o"
#        "C:\Users\huyvu\OneDrive -
#        hcmut.edu.vn\Desktop\Do2\Firmware\DLGER_F407_Jun.15.2025\Thesis_Prj\EWARM\DLGER_F407\Obj\ff_gen_drv.o"
#        "C:\Users\huyvu\OneDrive -
#        hcmut.edu.vn\Desktop\Do2\Firmware\DLGER_F407_Jun.15.2025\Thesis_Prj\EWARM\DLGER_F407\Obj\fsfat32.o"
#        "C:\Users\huyvu\OneDrive -
#        hcmut.edu.vn\Desktop\Do2\Firmware\DLGER_F407_Jun.15.2025\Thesis_Prj\EWARM\DLGER_F407\Obj\ili9341.o"
#        "C:\Users\huyvu\OneDrive -
#        hcmut.edu.vn\Desktop\Do2\Firmware\DLGER_F407_Jun.15.2025\Thesis_Prj\EWARM\DLGER_F407\Obj\main.o"
#        "C:\Users\huyvu\OneDrive -
#        hcmut.edu.vn\Desktop\Do2\Firmware\DLGER_F407_Jun.15.2025\Thesis_Prj\EWARM\DLGER_F407\Obj\microsd.o"
#        "C:\Users\huyvu\OneDrive -
#        hcmut.edu.vn\Desktop\Do2\Firmware\DLGER_F407_Jun.15.2025\Thesis_Prj\EWARM\DLGER_F407\Obj\process.o"
#        "C:\Users\huyvu\OneDrive -
#        hcmut.edu.vn\Desktop\Do2\Firmware\DLGER_F407_Jun.15.2025\Thesis_Prj\EWARM\DLGER_F407\Obj\sht31.o"
#        "C:\Users\huyvu\OneDrive -
#        hcmut.edu.vn\Desktop\Do2\Firmware\DLGER_F407_Jun.15.2025\Thesis_Prj\EWARM\DLGER_F407\Obj\startup_stm32f407xx.o"
#        "C:\Users\huyvu\OneDrive -
#        hcmut.edu.vn\Desktop\Do2\Firmware\DLGER_F407_Jun.15.2025\Thesis_Prj\EWARM\DLGER_F407\Obj\stm32f4xx_hal.o"
#        "C:\Users\huyvu\OneDrive -
#        hcmut.edu.vn\Desktop\Do2\Firmware\DLGER_F407_Jun.15.2025\Thesis_Prj\EWARM\DLGER_F407\Obj\stm32f4xx_hal_cortex.o"
#        "C:\Users\huyvu\OneDrive -
#        hcmut.edu.vn\Desktop\Do2\Firmware\DLGER_F407_Jun.15.2025\Thesis_Prj\EWARM\DLGER_F407\Obj\stm32f4xx_hal_dma.o"
#        "C:\Users\huyvu\OneDrive -
#        hcmut.edu.vn\Desktop\Do2\Firmware\DLGER_F407_Jun.15.2025\Thesis_Prj\EWARM\DLGER_F407\Obj\stm32f4xx_hal_dma_ex.o"
#        "C:\Users\huyvu\OneDrive -
#        hcmut.edu.vn\Desktop\Do2\Firmware\DLGER_F407_Jun.15.2025\Thesis_Prj\EWARM\DLGER_F407\Obj\stm32f4xx_hal_exti.o"
#        "C:\Users\huyvu\OneDrive -
#        hcmut.edu.vn\Desktop\Do2\Firmware\DLGER_F407_Jun.15.2025\Thesis_Prj\EWARM\DLGER_F407\Obj\stm32f4xx_hal_flash.o"
#        "C:\Users\huyvu\OneDrive -
#        hcmut.edu.vn\Desktop\Do2\Firmware\DLGER_F407_Jun.15.2025\Thesis_Prj\EWARM\DLGER_F407\Obj\stm32f4xx_hal_flash_ex.o"
#        "C:\Users\huyvu\OneDrive -
#        hcmut.edu.vn\Desktop\Do2\Firmware\DLGER_F407_Jun.15.2025\Thesis_Prj\EWARM\DLGER_F407\Obj\stm32f4xx_hal_flash_ramfunc.o"
#        "C:\Users\huyvu\OneDrive -
#        hcmut.edu.vn\Desktop\Do2\Firmware\DLGER_F407_Jun.15.2025\Thesis_Prj\EWARM\DLGER_F407\Obj\stm32f4xx_hal_gpio.o"
#        "C:\Users\huyvu\OneDrive -
#        hcmut.edu.vn\Desktop\Do2\Firmware\DLGER_F407_Jun.15.2025\Thesis_Prj\EWARM\DLGER_F407\Obj\stm32f4xx_hal_i2c.o"
#        "C:\Users\huyvu\OneDrive -
#        hcmut.edu.vn\Desktop\Do2\Firmware\DLGER_F407_Jun.15.2025\Thesis_Prj\EWARM\DLGER_F407\Obj\stm32f4xx_hal_i2c_ex.o"
#        "C:\Users\huyvu\OneDrive -
#        hcmut.edu.vn\Desktop\Do2\Firmware\DLGER_F407_Jun.15.2025\Thesis_Prj\EWARM\DLGER_F407\Obj\stm32f4xx_hal_msp.o"
#        "C:\Users\huyvu\OneDrive -
#        hcmut.edu.vn\Desktop\Do2\Firmware\DLGER_F407_Jun.15.2025\Thesis_Prj\EWARM\DLGER_F407\Obj\stm32f4xx_hal_pwr.o"
#        "C:\Users\huyvu\OneDrive -
#        hcmut.edu.vn\Desktop\Do2\Firmware\DLGER_F407_Jun.15.2025\Thesis_Prj\EWARM\DLGER_F407\Obj\stm32f4xx_hal_pwr_ex.o"
#        "C:\Users\huyvu\OneDrive -
#        hcmut.edu.vn\Desktop\Do2\Firmware\DLGER_F407_Jun.15.2025\Thesis_Prj\EWARM\DLGER_F407\Obj\stm32f4xx_hal_rcc.o"
#        "C:\Users\huyvu\OneDrive -
#        hcmut.edu.vn\Desktop\Do2\Firmware\DLGER_F407_Jun.15.2025\Thesis_Prj\EWARM\DLGER_F407\Obj\stm32f4xx_hal_rcc_ex.o"
#        "C:\Users\huyvu\OneDrive -
#        hcmut.edu.vn\Desktop\Do2\Firmware\DLGER_F407_Jun.15.2025\Thesis_Prj\EWARM\DLGER_F407\Obj\stm32f4xx_hal_spi.o"
#        "C:\Users\huyvu\OneDrive -
#        hcmut.edu.vn\Desktop\Do2\Firmware\DLGER_F407_Jun.15.2025\Thesis_Prj\EWARM\DLGER_F407\Obj\stm32f4xx_hal_tim.o"
#        "C:\Users\huyvu\OneDrive -
#        hcmut.edu.vn\Desktop\Do2\Firmware\DLGER_F407_Jun.15.2025\Thesis_Prj\EWARM\DLGER_F407\Obj\stm32f4xx_hal_tim_ex.o"
#        "C:\Users\huyvu\OneDrive -
#        hcmut.edu.vn\Desktop\Do2\Firmware\DLGER_F407_Jun.15.2025\Thesis_Prj\EWARM\DLGER_F407\Obj\stm32f4xx_hal_timebase_tim.o"
#        "C:\Users\huyvu\OneDrive -
#        hcmut.edu.vn\Desktop\Do2\Firmware\DLGER_F407_Jun.15.2025\Thesis_Prj\EWARM\DLGER_F407\Obj\stm32f4xx_hal_uart.o"
#        "C:\Users\huyvu\OneDrive -
#        hcmut.edu.vn\Desktop\Do2\Firmware\DLGER_F407_Jun.15.2025\Thesis_Prj\EWARM\DLGER_F407\Obj\stm32f4xx_it.o"
#        "C:\Users\huyvu\OneDrive -
#        hcmut.edu.vn\Desktop\Do2\Firmware\DLGER_F407_Jun.15.2025\Thesis_Prj\EWARM\DLGER_F407\Obj\syscall.o"
#        "C:\Users\huyvu\OneDrive -
#        hcmut.edu.vn\Desktop\Do2\Firmware\DLGER_F407_Jun.15.2025\Thesis_Prj\EWARM\DLGER_F407\Obj\system_stm32f4xx.o"
#        "C:\Users\huyvu\OneDrive -
#        hcmut.edu.vn\Desktop\Do2\Firmware\DLGER_F407_Jun.15.2025\Thesis_Prj\EWARM\DLGER_F407\Obj\uart_ctrl.o"
#        "C:\Users\huyvu\OneDrive -
#        hcmut.edu.vn\Desktop\Do2\Firmware\DLGER_F407_Jun.15.2025\Thesis_Prj\EWARM\DLGER_F407\Obj\UI_process.o"
#        "C:\Users\huyvu\OneDrive -
#        hcmut.edu.vn\Desktop\Do2\Firmware\DLGER_F407_Jun.15.2025\Thesis_Prj\EWARM\DLGER_F407\Obj\user_diskio.o"
#        --no_out_extension -o "C:\Users\huyvu\OneDrive -
#        hcmut.edu.vn\Desktop\Do2\Firmware\DLGER_F407_Jun.15.2025\Thesis_Prj\EWARM\DLGER_F407\Exe\DLGER_F407.out"
#        --redirect _Printf=_PrintfFullNoMb --redirect _Scanf=_ScanfFullNoMb
#        --map "C:\Users\huyvu\OneDrive -
#        hcmut.edu.vn\Desktop\Do2\Firmware\DLGER_F407_Jun.15.2025\Thesis_Prj\EWARM\DLGER_F407\List\DLGER_F407.map"
#        --config "C:\Users\huyvu\OneDrive -
#        hcmut.edu.vn\Desktop\Do2\Firmware\DLGER_F407_Jun.15.2025\Thesis_Prj\EWARM/stm32f407xx_flash.icf"
#        --semihosting --entry __iar_program_start --vfe --text_out locale)
#
###############################################################################

*******************************************************************************
*** RUNTIME MODEL ATTRIBUTES
***

CppFlavor       = *
__SystemLibrary = DLib
__dlib_version  = 6


*******************************************************************************
*** HEAP SELECTION
***

The basic heap was selected because no calls to memory allocation
functions were found in the application outside of system library
functions, and there are calls to deallocation functions in the
application.


*******************************************************************************
*** PLACEMENT SUMMARY
***

"A0":  place at address 0x800'0000 { ro section .intvec };
"P1":  place in [from 0x800'0000 to 0x80f'ffff] { ro };
define block CSTACK with size = 1K, alignment = 8 { };
define block HEAP with size = 512, alignment = 8 { };
"P2":  place in [from 0x2000'0000 to 0x2001'ffff] {
          rw, block CSTACK, block HEAP };
initialize by copy { rw };

  Section            Kind         Address    Size  Object
  -------            ----         -------    ----  ------
"A0":                                       0x188
  .intvec            ro code   0x800'0000   0x188  startup_stm32f407xx.o [1]
                             - 0x800'0188   0x188

"P1":                                      0x3764
  .text              ro code   0x800'0188   0x992  stm32f4xx_hal_i2c.o [1]
  .text              ro code   0x800'0b1a    0x3a  zero_init3.o [4]
  .text              ro code   0x800'0b54   0x284  stm32f4xx_hal_msp.o [1]
  .text              ro code   0x800'0dd8   0x1e4  stm32f4xx_hal_rcc.o [1]
  .text              ro code   0x800'0fbc     0xc  stm32f4xx_hal.o [1]
  .text              ro code   0x800'0fc8   0x300  stm32f4xx_hal_gpio.o [1]
  .text              ro code   0x800'12c8    0x14  memset.o [4]
  .text              ro code   0x800'12dc    0x98  stm32f4xx_hal_cortex.o [1]
  .text              ro code   0x800'1374    0xa0  stm32f4xx_hal_timebase_tim.o [1]
  .text              ro code   0x800'1414   0x106  I64DivMod_small.o [4]
  .text              ro code   0x800'151c    0x66  ABImemset.o [4]
  .text              ro code   0x800'1584   0x2f6  stm32f4xx_hal_tim.o [1]
  .text              ro code   0x800'187c     0x2  I64DivZer.o [4]
  .text              ro code   0x800'187e     0x2  stm32f4xx_hal_tim.o [1]
  .text              ro code   0x800'1880     0x2  stm32f4xx_hal_tim.o [1]
  .text              ro code   0x800'1884   0x3d0  process.o [1]
  .text              ro code   0x800'1c54     0x2  stm32f4xx_hal_tim_ex.o [1]
  .text              ro code   0x800'1c56     0x2  stm32f4xx_hal_tim.o [1]
  .text              ro code   0x800'1c58     0x2  stm32f4xx_hal_tim_ex.o [1]
  .text              ro code   0x800'1c5a     0x2  stm32f4xx_hal_tim.o [1]
  .text              ro code   0x800'1c5c    0x34  stm32f4xx_hal.o [1]
  .text              ro code   0x800'1c90     0x6  ABImemclr4.o [4]
  .text              ro code   0x800'1c98   0x6d8  stm32f4xx_hal_spi.o [1]
  .text              ro code   0x800'2370   0x670  stm32f4xx_hal_uart.o [1]
  .text              ro code   0x800'29e0    0x18  fatfs.o [1]
  .text              ro code   0x800'29f8   0x218  ads1115.o [1]
  .text              ro code   0x800'2c10   0x310  microsd.o [1]
  .text              ro code   0x800'2f20    0x28  stm32f4xx_hal.o [1]
  .text              ro code   0x800'2f48   0x31c  stm32f4xx_hal_rcc.o [1]
  .text              ro code   0x800'3264    0x10  stm32f4xx_hal.o [1]
  .text              ro code   0x800'3274    0x32  ABImemset48.o [4]
  .text              ro code   0x800'32a8    0xc2  stm32f4xx_hal_dma.o [1]
  .text              ro code   0x800'336a     0x2  stm32f4xx_hal_uart.o [1]
  .text              ro code   0x800'336c     0x2  stm32f4xx_hal_uart.o [1]
  .text              ro code   0x800'336e     0x2  stm32f4xx_hal_uart.o [1]
  .text              ro code   0x800'3370     0x2  stm32f4xx_hal_uart.o [1]
  .text              ro code   0x800'3374    0x40  ff_gen_drv.o [1]
  .text              ro code   0x800'33b4    0x18  ABImemcpy_small.o [4]
  .text              ro code   0x800'33cc   0x1b0  uart_ctrl.o [1]
  .text              ro code   0x800'357c    0x14  strlen_small.o [4]
  .text              ro code   0x800'3590    0x28  strncmp.o [2]
  .text              ro code   0x800'35b8    0x12  strcmp.o [4]
  .text              ro code   0x800'35cc    0x3c  stm32f4xx_it.o [1]
  .text              ro code   0x800'3608    0x38  packbits_init_single.o [4]
  .text              ro code   0x800'3640    0x28  data_init.o [4]
  .text              ro code   0x800'3668    0x22  fpinit_M.o [3]
  .iar.init_table    const     0x800'368c    0x20  - Linker created -
  .text              ro code   0x800'36ac    0x20  system_stm32f4xx.o [1]
  .text              ro code   0x800'36cc    0x20  user_diskio.o [1]
  .text              ro code   0x800'36ec    0x1e  cmain.o [4]
  .text              ro code   0x800'370a     0x4  low_level_init.o [2]
  .text              ro code   0x800'370e    0x14  main.o [1]
  .text              ro code   0x800'3722     0x4  exit.o [2]
  .text              ro code   0x800'3726    0x10  UI_process.o [1]
  .text              ro code   0x800'3738     0xa  cexit.o [4]
  .text              ro code   0x800'3744    0x14  exit.o [5]
  .text              ro code   0x800'3758    0x10  startup_stm32f407xx.o [1]
  .text              ro code   0x800'3768     0xc  cstartup_M.o [4]
  .rodata            const     0x800'3774     0x8  system_stm32f4xx.o [1]
  .text              ro code   0x800'377c     0x4  startup_stm32f407xx.o [1]
  .text              ro code   0x800'3780     0x4  startup_stm32f407xx.o [1]
  .text              ro code   0x800'3784     0x4  startup_stm32f407xx.o [1]
  .text              ro code   0x800'3788     0x4  startup_stm32f407xx.o [1]
  .text              ro code   0x800'378c     0x4  startup_stm32f407xx.o [1]
  .text              ro code   0x800'3790     0x4  startup_stm32f407xx.o [1]
  .text              ro code   0x800'3794     0x4  startup_stm32f407xx.o [1]
  .text              ro code   0x800'3798     0x4  startup_stm32f407xx.o [1]
  .text              ro code   0x800'379c     0x4  startup_stm32f407xx.o [1]
  .text              ro code   0x800'37a0     0x4  startup_stm32f407xx.o [1]
  .text              ro code   0x800'37a4     0x4  startup_stm32f407xx.o [1]
  .text              ro code   0x800'37a8     0x4  startup_stm32f407xx.o [1]
  .text              ro code   0x800'37ac     0x4  startup_stm32f407xx.o [1]
  .text              ro code   0x800'37b0     0x4  startup_stm32f407xx.o [1]
  .text              ro code   0x800'37b4     0x4  startup_stm32f407xx.o [1]
  .text              ro code   0x800'37b8     0x4  startup_stm32f407xx.o [1]
  .text              ro code   0x800'37bc     0x4  startup_stm32f407xx.o [1]
  .text              ro code   0x800'37c0     0x4  startup_stm32f407xx.o [1]
  .text              ro code   0x800'37c4     0x4  startup_stm32f407xx.o [1]
  .text              ro code   0x800'37c8     0x4  startup_stm32f407xx.o [1]
  .text              ro code   0x800'37cc     0x4  startup_stm32f407xx.o [1]
  .text              ro code   0x800'37d0     0x4  startup_stm32f407xx.o [1]
  .text              ro code   0x800'37d4     0x4  startup_stm32f407xx.o [1]
  .text              ro code   0x800'37d8     0x4  startup_stm32f407xx.o [1]
  .text              ro code   0x800'37dc     0x4  startup_stm32f407xx.o [1]
  .text              ro code   0x800'37e0     0x4  startup_stm32f407xx.o [1]
  .text              ro code   0x800'37e4     0x4  startup_stm32f407xx.o [1]
  .text              ro code   0x800'37e8     0x4  startup_stm32f407xx.o [1]
  .text              ro code   0x800'37ec     0x4  startup_stm32f407xx.o [1]
  .text              ro code   0x800'37f0     0x4  startup_stm32f407xx.o [1]
  .text              ro code   0x800'37f4     0x4  startup_stm32f407xx.o [1]
  .text              ro code   0x800'37f8     0x4  startup_stm32f407xx.o [1]
  .text              ro code   0x800'37fc     0x4  startup_stm32f407xx.o [1]
  .text              ro code   0x800'3800     0x4  startup_stm32f407xx.o [1]
  .text              ro code   0x800'3804     0x4  startup_stm32f407xx.o [1]
  .text              ro code   0x800'3808     0x4  startup_stm32f407xx.o [1]
  .text              ro code   0x800'380c     0x4  startup_stm32f407xx.o [1]
  .text              ro code   0x800'3810     0x4  startup_stm32f407xx.o [1]
  .text              ro code   0x800'3814     0x4  startup_stm32f407xx.o [1]
  .text              ro code   0x800'3818     0x4  startup_stm32f407xx.o [1]
  .text              ro code   0x800'381c     0x4  startup_stm32f407xx.o [1]
  .text              ro code   0x800'3820     0x4  startup_stm32f407xx.o [1]
  .text              ro code   0x800'3824     0x4  startup_stm32f407xx.o [1]
  .text              ro code   0x800'3828     0x4  startup_stm32f407xx.o [1]
  .text              ro code   0x800'382c     0x4  startup_stm32f407xx.o [1]
  .text              ro code   0x800'3830     0x4  startup_stm32f407xx.o [1]
  .text              ro code   0x800'3834     0x4  startup_stm32f407xx.o [1]
  .text              ro code   0x800'3838     0x4  startup_stm32f407xx.o [1]
  .text              ro code   0x800'383c     0x4  startup_stm32f407xx.o [1]
  .text              ro code   0x800'3840     0x4  startup_stm32f407xx.o [1]
  .text              ro code   0x800'3844     0x4  startup_stm32f407xx.o [1]
  .text              ro code   0x800'3848     0x4  startup_stm32f407xx.o [1]
  .text              ro code   0x800'384c     0x4  startup_stm32f407xx.o [1]
  .text              ro code   0x800'3850     0x4  startup_stm32f407xx.o [1]
  .text              ro code   0x800'3854     0x4  startup_stm32f407xx.o [1]
  .text              ro code   0x800'3858     0x4  startup_stm32f407xx.o [1]
  .text              ro code   0x800'385c     0x4  startup_stm32f407xx.o [1]
  .text              ro code   0x800'3860     0x4  startup_stm32f407xx.o [1]
  .text              ro code   0x800'3864     0x4  startup_stm32f407xx.o [1]
  .text              ro code   0x800'3868     0x4  startup_stm32f407xx.o [1]
  .text              ro code   0x800'386c     0x4  startup_stm32f407xx.o [1]
  .text              ro code   0x800'3870     0x4  startup_stm32f407xx.o [1]
  .text              ro code   0x800'3874     0x4  startup_stm32f407xx.o [1]
  .text              ro code   0x800'3878     0x4  startup_stm32f407xx.o [1]
  .text              ro code   0x800'387c     0x4  startup_stm32f407xx.o [1]
  .text              ro code   0x800'3880     0x4  startup_stm32f407xx.o [1]
  .text              ro code   0x800'3884     0x4  startup_stm32f407xx.o [1]
  .text              ro code   0x800'3888     0x4  startup_stm32f407xx.o [1]
  .text              ro code   0x800'388c     0x4  startup_stm32f407xx.o [1]
  .text              ro code   0x800'3890     0x4  startup_stm32f407xx.o [1]
  .text              ro code   0x800'3894     0x4  startup_stm32f407xx.o [1]
  .text              ro code   0x800'3898     0x4  startup_stm32f407xx.o [1]
  .text              ro code   0x800'389c     0x4  startup_stm32f407xx.o [1]
  .text              ro code   0x800'38a0     0x4  startup_stm32f407xx.o [1]
  .text              ro code   0x800'38a4     0x4  startup_stm32f407xx.o [1]
  .text              ro code   0x800'38a8     0x4  startup_stm32f407xx.o [1]
  .text              ro code   0x800'38ac     0x4  startup_stm32f407xx.o [1]
  .rodata            const     0x800'38b0     0x0  zero_init3.o [4]
  .rodata            const     0x800'38b0     0x0  packbits_init_single.o [4]
  Initializer bytes  const     0x800'38b0    0x3c  <for P2-1>
                             - 0x800'38ec  0x3764

"P2", part 1 of 3:                          0x2dd
  P2-1                        0x2000'0000   0x2dd  <Init block>
    .data            inited   0x2000'0000    0x64  ads1115.o [1]
    .data            inited   0x2000'0064   0x1d0  process.o [1]
    .data            inited   0x2000'0234     0xc  stm32f4xx_hal.o [1]
    .data            inited   0x2000'0240     0x4  system_stm32f4xx.o [1]
    .data            inited   0x2000'0244    0x84  uart_ctrl.o [1]
    .data            inited   0x2000'02c8    0x14  user_diskio.o [1]
    .data            inited   0x2000'02dc     0x1  user_diskio.o [1]
                            - 0x2000'02dd   0x2dd

"P2", part 2 of 3:                           0x7c
  .bss               zero     0x2000'02e0    0x48  stm32f4xx_hal_timebase_tim.o [1]
  .bss               zero     0x2000'0328    0x20  ads1115.o [1]
  .bss               zero     0x2000'0348     0xc  ff_gen_drv.o [1]
  .bss               zero     0x2000'0354     0x8  fatfs.o [1]
                            - 0x2000'035c    0x7c

"P2", part 3 of 3:                          0x400
  CSTACK                      0x2000'0360   0x400  <Block>
    CSTACK           uninit   0x2000'0360   0x400  <Block tail>
                            - 0x2000'0760   0x400

Unused ranges:

         From           To      Size
         ----           --      ----
   0x800'38ec   0x80f'ffff  0xf'c714
  0x2000'02dd  0x2000'02df       0x3
  0x2000'035c  0x2000'035f       0x4
  0x2000'0760  0x2001'ffff  0x1'f8a0


*******************************************************************************
*** INIT TABLE
***

          Address      Size
          -------      ----
Zero (__iar_zero_init3)
    1 destination range, total size 0x7c:
          0x2000'02e0   0x7c

Copy/packbits (__iar_packbits_init_single3)
    1 source range, total size 0x3c (8% of destination):
           0x800'38b0   0x3c
    1 destination range, total size 0x2dd:
          0x2000'0000  0x2dd



*******************************************************************************
*** MODULE SUMMARY
***

    Module                        ro code  ro data  rw data
    ------                        -------  -------  -------
command line/config:
    -------------------------------------------------------
    Total:

C:\Users\huyvu\OneDrive - hcmut.edu.vn\Desktop\Do2\Firmware\DLGER_F407_Jun.15.2025\Thesis_Prj\EWARM\DLGER_F407\Obj: [1]
    UI_process.o                       16
    ads1115.o                         536        8      132
    fatfs.o                            24                 8
    ff_gen_drv.o                       64                12
    main.o                             20
    microsd.o                         784
    process.o                         976       38      464
    startup_stm32f407xx.o             716
    stm32f4xx_hal.o                   120        1       12
    stm32f4xx_hal_cortex.o            152
    stm32f4xx_hal_dma.o               194
    stm32f4xx_hal_gpio.o              768
    stm32f4xx_hal_i2c.o             2'450
    stm32f4xx_hal_msp.o               644
    stm32f4xx_hal_rcc.o             1'280
    stm32f4xx_hal_spi.o             1'752
    stm32f4xx_hal_tim.o               766
    stm32f4xx_hal_tim_ex.o              4
    stm32f4xx_hal_timebase_tim.o      160                72
    stm32f4xx_hal_uart.o            1'656
    stm32f4xx_it.o                     60
    system_stm32f4xx.o                 32        8        4
    uart_ctrl.o                       432       11      132
    user_diskio.o                      32        2       21
    -------------------------------------------------------
    Total:                         13'638       68      857

dl7M_tlf.a: [2]
    exit.o                              4
    low_level_init.o                    4
    strncmp.o                          40
    -------------------------------------------------------
    Total:                             48

m7M_tls.a: [3]
    fpinit_M.o                         34
    -------------------------------------------------------
    Total:                             34

rt7M_tl.a: [4]
    ABImemclr4.o                        6
    ABImemcpy_small.o                  24
    ABImemset.o                       102
    ABImemset48.o                      50
    I64DivMod_small.o                 262
    I64DivZer.o                         2
    cexit.o                            10
    cmain.o                            30
    cstartup_M.o                       12
    data_init.o                        40
    memset.o                           20
    packbits_init_single.o             56
    strcmp.o                           18
    strlen_small.o                     20
    zero_init3.o                       58
    -------------------------------------------------------
    Total:                            710

shb_l.a: [5]
    exit.o                             20
    -------------------------------------------------------
    Total:                             20

    Gaps                               20        2
    Linker created                              32    1'024
-----------------------------------------------------------
    Grand Total:                   14'470      102    1'881


*******************************************************************************
*** ENTRY LIST
***

Entry                       Address   Size  Type      Object
-----                       -------   ----  ----      ------
.iar.init_table$$Base    0x800'368c          --   Gb  - Linker created -
.iar.init_table$$Limit   0x800'36ac          --   Gb  - Linker created -
?main                    0x800'36ed         Code  Gb  cmain.o [4]
ADS1115_I2C_Handler     0x2000'0010   0x54  Data  Gb  ads1115.o [1]
ADS1115_Init_C0          0x800'29f9    0xe  Code  Gb  ads1115.o [1]
ADS1115_Init_C1          0x800'2a07    0xc  Code  Gb  ads1115.o [1]
ADS1115_config          0x2000'0000    0x2  Data  Gb  ads1115.o [1]
ADS1115_dataRate        0x2000'0006    0x2  Data  Gb  ads1115.o [1]
ADS1115_devAddress0     0x2000'0004    0x1  Data  Gb  ads1115.o [1]
ADS1115_devAddress1     0x2000'0005    0x1  Data  Gb  ads1115.o [1]
ADS1115_pga             0x2000'0008    0x2  Data  Gb  ads1115.o [1]
ADS1115_rawValue        0x2000'0002    0x2  Data  Gb  ads1115.o [1]
ADS1115_readSingleEnded_C0
                         0x800'2a89   0x46  Code  Gb  ads1115.o [1]
ADS1115_readSingleEnded_C1
                         0x800'2acf   0x46  Code  Gb  ads1115.o [1]
ADS1115_voltCoef        0x2000'000c    0x4  Data  Gb  ads1115.o [1]
AHBPrescTable            0x800'36bc   0x10  Data  Gb  system_stm32f4xx.o [1]
APBPrescTable            0x800'3774    0x8  Data  Gb  system_stm32f4xx.o [1]
BusFault_Handler         0x800'35d3    0x2  Code  Gb  stm32f4xx_it.o [1]
CSTACK$$Base            0x2000'0360          --   Gb  - Linker created -
CSTACK$$Limit           0x2000'0760          --   Gb  - Linker created -
DebugMon_Handler         0x800'35d9    0x2  Code  Gb  stm32f4xx_it.o [1]
Error_Handler            0x800'1c51    0x4  Code  Gb  process.o [1]
FATFS_LinkDriver         0x800'33ad    0x4  Code  Gb  ff_gen_drv.o [1]
FATFS_LinkDriverEx       0x800'3375   0x38  Code  Gb  ff_gen_drv.o [1]
HAL_DMA_Abort            0x800'32a9   0x78  Code  Gb  stm32f4xx_hal_dma.o [1]
HAL_DMA_Abort_IT         0x800'3321   0x24  Code  Gb  stm32f4xx_hal_dma.o [1]
HAL_Delay                0x800'2f21   0x28  Code  Wk  stm32f4xx_hal.o [1]
HAL_GPIO_DeInit          0x800'1189  0x10a  Code  Gb  stm32f4xx_hal_gpio.o [1]
HAL_GPIO_Init            0x800'0fc9  0x1c0  Code  Gb  stm32f4xx_hal_gpio.o [1]
HAL_GPIO_WritePin        0x800'1293    0x8  Code  Gb  stm32f4xx_hal_gpio.o [1]
HAL_GetTick              0x800'0fbd    0xc  Code  Wk  stm32f4xx_hal.o [1]
HAL_I2C_Init             0x800'0189  0x12c  Code  Gb  stm32f4xx_hal_i2c.o [1]
HAL_I2C_IsDeviceReady    0x800'0641  0x112  Code  Gb  stm32f4xx_hal_i2c.o [1]
HAL_I2C_Mem_Read         0x800'0449  0x120  Code  Gb  stm32f4xx_hal_i2c.o [1]
HAL_I2C_Mem_Write        0x800'0319   0xd0  Code  Gb  stm32f4xx_hal_i2c.o [1]
HAL_I2C_MspInit          0x800'0b89   0x5e  Code  Gb  stm32f4xx_hal_msp.o [1]
HAL_IncTick              0x800'3265   0x10  Code  Wk  stm32f4xx_hal.o [1]
HAL_Init                 0x800'1c5d   0x30  Code  Gb  stm32f4xx_hal.o [1]
HAL_InitTick             0x800'1375   0x8a  Code  Gb  stm32f4xx_hal_timebase_tim.o [1]
HAL_MspInit              0x800'0b55   0x34  Code  Gb  stm32f4xx_hal_msp.o [1]
HAL_NVIC_EnableIRQ       0x800'134b   0x16  Code  Gb  stm32f4xx_hal_cortex.o [1]
HAL_NVIC_SetPriority     0x800'1311   0x3a  Code  Gb  stm32f4xx_hal_cortex.o [1]
HAL_NVIC_SetPriorityGrouping
                         0x800'12f7   0x1a  Code  Gb  stm32f4xx_hal_cortex.o [1]
HAL_RCC_ClockConfig      0x800'0dd9  0x100  Code  Gb  stm32f4xx_hal_rcc.o [1]
HAL_RCC_GetClockConfig   0x800'0f09   0x36  Code  Gb  stm32f4xx_hal_rcc.o [1]
HAL_RCC_GetPCLK1Freq     0x800'0ee5   0x10  Code  Gb  stm32f4xx_hal_rcc.o [1]
HAL_RCC_GetPCLK2Freq     0x800'0ef5    0xe  Code  Gb  stm32f4xx_hal_rcc.o [1]
HAL_RCC_OscConfig        0x800'2f49  0x31c  Code  Wk  stm32f4xx_hal_rcc.o [1]
HAL_SPI_DeInit           0x800'1d4d   0x28  Code  Gb  stm32f4xx_hal_spi.o [1]
HAL_SPI_Init             0x800'1c99   0xb4  Code  Gb  stm32f4xx_hal_spi.o [1]
HAL_SPI_MspDeInit        0x800'0c7f   0x1c  Code  Gb  stm32f4xx_hal_msp.o [1]
HAL_SPI_MspInit          0x800'0c17   0x5c  Code  Gb  stm32f4xx_hal_msp.o [1]
HAL_SPI_Receive          0x800'1ea5  0x138  Code  Gb  stm32f4xx_hal_spi.o [1]
HAL_SPI_Transmit         0x800'1d75  0x130  Code  Gb  stm32f4xx_hal_spi.o [1]
HAL_SPI_TransmitReceive
                         0x800'1ff1  0x1a4  Code  Gb  stm32f4xx_hal_spi.o [1]
HAL_TIMEx_BreakCallback
                         0x800'1c55    0x2  Code  Wk  stm32f4xx_hal_tim_ex.o [1]
HAL_TIMEx_CommutCallback
                         0x800'1c59    0x2  Code  Wk  stm32f4xx_hal_tim_ex.o [1]
HAL_TIM_Base_Init        0x800'1585   0x1a  Code  Gb  stm32f4xx_hal_tim.o [1]
HAL_TIM_Base_Start_IT    0x800'159f   0x7c  Code  Gb  stm32f4xx_hal_tim.o [1]
HAL_TIM_IRQHandler       0x800'1665  0x142  Code  Gb  stm32f4xx_hal_tim.o [1]
HAL_TIM_PeriodElapsedCallback
                         0x800'1bff    0xe  Code  Gb  process.o [1]
HAL_UART_IRQHandler      0x800'24b3  0x26a  Code  Gb  stm32f4xx_hal_uart.o [1]
HAL_UART_Init            0x800'2371   0x1e  Code  Gb  stm32f4xx_hal_uart.o [1]
HAL_UART_MspInit         0x800'0c9b   0xe2  Code  Gb  stm32f4xx_hal_msp.o [1]
HAL_UART_Transmit        0x800'23e7   0xb0  Code  Gb  stm32f4xx_hal_uart.o [1]
HardFault_Handler        0x800'35cf    0x2  Code  Gb  stm32f4xx_it.o [1]
I2C_IsAcknowledgeFailed
                         0x800'0aef   0x2c  Code  Lc  stm32f4xx_hal_i2c.o [1]
I2C_RequestMemoryRead    0x800'0847   0xae  Code  Lc  stm32f4xx_hal_i2c.o [1]
I2C_RequestMemoryWrite   0x800'07a9   0x84  Code  Lc  stm32f4xx_hal_i2c.o [1]
I2C_WaitOnBTFFlagUntilTimeout
                         0x800'0a5d   0x3a  Code  Lc  stm32f4xx_hal_i2c.o [1]
I2C_WaitOnFlagUntilTimeout
                         0x800'0935   0x50  Code  Lc  stm32f4xx_hal_i2c.o [1]
I2C_WaitOnMasterAddressFlagUntilTimeout
                         0x800'0985   0x74  Code  Lc  stm32f4xx_hal_i2c.o [1]
I2C_WaitOnRXNEFlagUntilTimeout
                         0x800'0a97   0x44  Code  Lc  stm32f4xx_hal_i2c.o [1]
I2C_WaitOnTXEFlagUntilTimeout
                         0x800'0a07   0x3a  Code  Lc  stm32f4xx_hal_i2c.o [1]
MX_FATFS_Init            0x800'29e1   0x10  Code  Gb  fatfs.o [1]
MemManage_Handler        0x800'35d1    0x2  Code  Gb  stm32f4xx_it.o [1]
NMI_Handler              0x800'35cd    0x2  Code  Gb  stm32f4xx_it.o [1]
PendSV_Handler           0x800'35db    0x2  Code  Gb  stm32f4xx_it.o [1]
Process_Init             0x800'1885  0x2a0  Code  Gb  process.o [1]
Process_Run              0x800'1b51   0x12  Code  Gb  process.o [1]
Region$$Table$$Base      0x800'368c          --   Gb  - Linker created -
Region$$Table$$Limit     0x800'36ac          --   Gb  - Linker created -
SD_init                  0x800'2d91  0x11e  Code  Gb  microsd.o [1]
SPI_EndRxTransaction     0x800'22bf   0x4c  Code  Lc  stm32f4xx_hal_spi.o [1]
SPI_EndRxTxTransaction   0x800'230b   0x50  Code  Lc  stm32f4xx_hal_spi.o [1]
SPI_WaitFlagStateUntilTimeout
                         0x800'21ff   0xb4  Code  Lc  stm32f4xx_hal_spi.o [1]
SVC_Handler              0x800'35d7    0x2  Code  Gb  stm32f4xx_it.o [1]
Stat                    0x2000'02dc    0x1  Data  Lc  user_diskio.o [1]
SysTick_Handler          0x800'35dd    0x2  Code  Gb  stm32f4xx_it.o [1]
SystemClock_Config       0x800'1b63   0x9c  Code  Gb  process.o [1]
SystemCoreClock         0x2000'0240    0x4  Data  Gb  system_stm32f4xx.o [1]
SystemInit               0x800'36ad    0xc  Code  Gb  system_stm32f4xx.o [1]
TIM4_IRQHandler          0x800'35df    0x6  Code  Gb  stm32f4xx_it.o [1]
TIM_Base_SetConfig       0x800'17b5   0x96  Code  Gb  stm32f4xx_hal_tim.o [1]
UART_DMAAbortOnError     0x800'2839    0xc  Code  Lc  stm32f4xx_hal_uart.o [1]
UART_EndRxTransfer       0x800'27f1   0x2a  Code  Lc  stm32f4xx_hal_uart.o [1]
UART_Receive_IT          0x800'2845   0xaa  Code  Lc  stm32f4xx_hal_uart.o [1]
UART_SetConfig           0x800'2919   0xae  Code  Lc  stm32f4xx_hal_uart.o [1]
UART_WaitOnFlagUntilTimeout
                         0x800'2745   0x5e  Code  Lc  stm32f4xx_hal_uart.o [1]
UI_Process_Init          0x800'3727    0x2  Code  Gb  UI_process.o [1]
UI_Process_Run           0x800'3729    0xe  Code  Gb  UI_process.o [1]
USART1_IRQHandler        0x800'35e5    0x6  Code  Gb  stm32f4xx_it.o [1]
USART2_IRQHandler        0x800'35eb    0x6  Code  Gb  stm32f4xx_it.o [1]
USART3_IRQHandler        0x800'35f1    0x6  Code  Gb  stm32f4xx_it.o [1]
USERPath                0x2000'0358    0x4  Data  Gb  fatfs.o [1]
USER_Driver             0x2000'02c8   0x14  Data  Gb  user_diskio.o [1]
USER_initialize          0x800'36cd    0x2  Code  Gb  user_diskio.o [1]
USER_ioctl               0x800'36e9    0x4  Code  Gb  user_diskio.o [1]
USER_read                0x800'36e1    0x4  Code  Gb  user_diskio.o [1]
USER_status              0x800'36d1    0x2  Code  Gb  user_diskio.o [1]
USER_write               0x800'36e5    0x4  Code  Gb  user_diskio.o [1]
UsageFault_Handler       0x800'35d5    0x2  Code  Gb  stm32f4xx_it.o [1]
__NVIC_SetPriority       0x800'12dd   0x1a  Code  Lc  stm32f4xx_hal_cortex.o [1]
__aeabi_ldiv0            0x800'187d         Code  Gb  I64DivZer.o [4]
__aeabi_memclr4          0x800'1c91         Code  Gb  ABImemclr4.o [4]
__aeabi_memset           0x800'151d         Code  Gb  ABImemset.o [4]
__cmain                  0x800'36ed         Code  Gb  cmain.o [4]
__exit                   0x800'3745   0x14  Code  Gb  exit.o [5]
__iar_Memset             0x800'151d         Code  Gb  ABImemset.o [4]
__iar_Memset4_word       0x800'3275         Code  Gb  ABImemset48.o [4]
__iar_Memset8_word       0x800'3275         Code  Gb  ABImemset48.o [4]
__iar_Memset_word        0x800'1525         Code  Gb  ABImemset.o [4]
__iar_data_init3         0x800'3641   0x28  Code  Gb  data_init.o [4]
__iar_init_vfp           0x800'3669         Code  Gb  fpinit_M.o [3]
__iar_packbits_init_single3
                         0x800'3609   0x38  Code  Gb  packbits_init_single.o [4]
__iar_program_start      0x800'3769         Code  Gb  cstartup_M.o [4]
__iar_small_Memcpy       0x800'33b9         Code  Gb  ABImemcpy_small.o [4]
__iar_small_memcpy       0x800'33b5         Code  Gb  ABImemcpy_small.o [4]
__iar_small_memcpy4      0x800'33b5         Code  Gb  ABImemcpy_small.o [4]
__iar_small_memcpy8      0x800'33b5         Code  Gb  ABImemcpy_small.o [4]
__iar_small_strlen       0x800'357d         Code  Gb  strlen_small.o [4]
__iar_small_uldivmod     0x800'1415         Code  Gb  I64DivMod_small.o [4]
__iar_zero_init3         0x800'0b1b   0x3a  Code  Gb  zero_init3.o [4]
__low_level_init         0x800'370b    0x4  Code  Gb  low_level_init.o [2]
__vector_table           0x800'0000         Data  Gb  startup_stm32f407xx.o [1]
_call_main               0x800'36f9         Code  Gb  cmain.o [4]
_exit                    0x800'3739         Code  Gb  cexit.o [4]
_main                    0x800'3707         Code  Gb  cmain.o [4]
ads1115_read             0x800'2b9b   0x6e  Code  Gb  ads1115.o [1]
bDataInProcess          0x2000'0245    0x1  Data  Lc  uart_ctrl.o [1]
bStatusADC              0x2000'0244    0x1  Data  Gb  uart_ctrl.o [1]
deselectSDcard           0x800'2c11    0x4  Code  Gb  microsd.o [1]
disk                    0x2000'0348    0xc  Data  Gb  ff_gen_drv.o [1]
exit                     0x800'3723    0x4  Code  Gb  exit.o [2]
gCheckInit              0x2000'0064    0x1  Data  Gb  process.o [1]
gUartLineBuffer         0x2000'0248   0x80  Data  Lc  uart_ctrl.o [1]
g_voltage               0x2000'0328   0x20  Data  Gb  ads1115.o [1]
hi2c1                   0x2000'00c0   0x54  Data  Gb  process.o [1]
hi2c2                   0x2000'0114   0x54  Data  Gb  process.o [1]
hspi1                   0x2000'0068   0x58  Data  Gb  process.o [1]
htim4                   0x2000'02e0   0x48  Data  Gb  stm32f4xx_hal_timebase_tim.o [1]
huart1                  0x2000'0168   0x44  Data  Gb  process.o [1]
huart2                  0x2000'01ac   0x44  Data  Gb  process.o [1]
huart3                  0x2000'01f0   0x44  Data  Gb  process.o [1]
identify_command         0x800'3441   0xb6  Code  Gb  uart_ctrl.o [1]
main                     0x800'370f   0x14  Code  Gb  main.o [1]
memset                   0x800'12c9   0x14  Code  Gb  memset.o [4]
readOCR                  0x800'2c21   0x86  Code  Lc  microsd.o [1]
retUSER                 0x2000'0354    0x1  Data  Gb  fatfs.o [1]
sd_final_Init            0x800'2ca7   0xbc  Code  Lc  microsd.o [1]
selectSDcard             0x800'2c15    0x2  Code  Gb  microsd.o [1]
strcmp                   0x800'35b9         Code  Gb  strcmp.o [4]
strncmp                  0x800'3591   0x28  Code  Gb  strncmp.o [2]
uart_ctrl_receive        0x800'33cd   0x2a  Code  Gb  uart_ctrl.o [1]
uart_handle_mess         0x800'33f7   0x3e  Code  Gb  uart_ctrl.o [1]
uwTick                  0x2000'0238    0x4  Data  Gb  stm32f4xx_hal.o [1]
uwTickFreq              0x2000'0234    0x1  Data  Gb  stm32f4xx_hal.o [1]
uwTickPrio              0x2000'023c    0x4  Data  Gb  stm32f4xx_hal.o [1]


[1] = C:\Users\huyvu\OneDrive - hcmut.edu.vn\Desktop\Do2\Firmware\DLGER_F407_Jun.15.2025\Thesis_Prj\EWARM\DLGER_F407\Obj
[2] = dl7M_tlf.a
[3] = m7M_tls.a
[4] = rt7M_tl.a
[5] = shb_l.a

  14'470 bytes of readonly  code memory
     102 bytes of readonly  data memory
   1'881 bytes of readwrite data memory

Errors: none
Warnings: none
