###############################################################################
#
# IAR ELF Linker V8.40.2.214/W32 for ARM                  19/Jul/2025  23:39:09
# Copyright 2007-2019 IAR Systems AB.
#
#    Output file  =
#        C:\Users\huyvu\OneDrive -
#        hcmut.edu.vn\Desktop\Do2\Firmware\DLGER_F407_July.5.2025\Thesis_Prj\EWARM\DLGER_F407\Exe\DLGER_F407.out
#    Map file     =
#        C:\Users\huyvu\OneDrive -
#        hcmut.edu.vn\Desktop\Do2\Firmware\DLGER_F407_July.5.2025\Thesis_Prj\EWARM\DLGER_F407\List\DLGER_F407.map
#    Command line =
#        -f C:\Users\huyvu\AppData\Local\Temp\EW7F2F.tmp
#        ("C:\Users\huyvu\OneDrive -
#        hcmut.edu.vn\Desktop\Do2\Firmware\DLGER_F407_July.5.2025\Thesis_Prj\EWARM\DLGER_F407\Obj\24lc256.o"
#        "C:\Users\huyvu\OneDrive -
#        hcmut.edu.vn\Desktop\Do2\Firmware\DLGER_F407_July.5.2025\Thesis_Prj\EWARM\DLGER_F407\Obj\ads1115.o"
#        "C:\Users\huyvu\OneDrive -
#        hcmut.edu.vn\Desktop\Do2\Firmware\DLGER_F407_July.5.2025\Thesis_Prj\EWARM\DLGER_F407\Obj\button.o"
#        "C:\Users\huyvu\OneDrive -
#        hcmut.edu.vn\Desktop\Do2\Firmware\DLGER_F407_July.5.2025\Thesis_Prj\EWARM\DLGER_F407\Obj\ccsbcs.o"
#        "C:\Users\huyvu\OneDrive -
#        hcmut.edu.vn\Desktop\Do2\Firmware\DLGER_F407_July.5.2025\Thesis_Prj\EWARM\DLGER_F407\Obj\convert.o"
#        "C:\Users\huyvu\OneDrive -
#        hcmut.edu.vn\Desktop\Do2\Firmware\DLGER_F407_July.5.2025\Thesis_Prj\EWARM\DLGER_F407\Obj\diskio.o"
#        "C:\Users\huyvu\OneDrive -
#        hcmut.edu.vn\Desktop\Do2\Firmware\DLGER_F407_July.5.2025\Thesis_Prj\EWARM\DLGER_F407\Obj\fatfs.o"
#        "C:\Users\huyvu\OneDrive -
#        hcmut.edu.vn\Desktop\Do2\Firmware\DLGER_F407_July.5.2025\Thesis_Prj\EWARM\DLGER_F407\Obj\fatfs_sd.o"
#        "C:\Users\huyvu\OneDrive -
#        hcmut.edu.vn\Desktop\Do2\Firmware\DLGER_F407_July.5.2025\Thesis_Prj\EWARM\DLGER_F407\Obj\ff.o"
#        "C:\Users\huyvu\OneDrive -
#        hcmut.edu.vn\Desktop\Do2\Firmware\DLGER_F407_July.5.2025\Thesis_Prj\EWARM\DLGER_F407\Obj\ff_gen_drv.o"
#        "C:\Users\huyvu\OneDrive -
#        hcmut.edu.vn\Desktop\Do2\Firmware\DLGER_F407_July.5.2025\Thesis_Prj\EWARM\DLGER_F407\Obj\ILI9341_GFX.o"
#        "C:\Users\huyvu\OneDrive -
#        hcmut.edu.vn\Desktop\Do2\Firmware\DLGER_F407_July.5.2025\Thesis_Prj\EWARM\DLGER_F407\Obj\ILI9341_STM32_Driver.o"
#        "C:\Users\huyvu\OneDrive -
#        hcmut.edu.vn\Desktop\Do2\Firmware\DLGER_F407_July.5.2025\Thesis_Prj\EWARM\DLGER_F407\Obj\main.o"
#        "C:\Users\huyvu\OneDrive -
#        hcmut.edu.vn\Desktop\Do2\Firmware\DLGER_F407_July.5.2025\Thesis_Prj\EWARM\DLGER_F407\Obj\mcp23008.o"
#        "C:\Users\huyvu\OneDrive -
#        hcmut.edu.vn\Desktop\Do2\Firmware\DLGER_F407_July.5.2025\Thesis_Prj\EWARM\DLGER_F407\Obj\microsd.o"
#        "C:\Users\huyvu\OneDrive -
#        hcmut.edu.vn\Desktop\Do2\Firmware\DLGER_F407_July.5.2025\Thesis_Prj\EWARM\DLGER_F407\Obj\process.o"
#        "C:\Users\huyvu\OneDrive -
#        hcmut.edu.vn\Desktop\Do2\Firmware\DLGER_F407_July.5.2025\Thesis_Prj\EWARM\DLGER_F407\Obj\rtc.o"
#        "C:\Users\huyvu\OneDrive -
#        hcmut.edu.vn\Desktop\Do2\Firmware\DLGER_F407_July.5.2025\Thesis_Prj\EWARM\DLGER_F407\Obj\sht31.o"
#        "C:\Users\huyvu\OneDrive -
#        hcmut.edu.vn\Desktop\Do2\Firmware\DLGER_F407_July.5.2025\Thesis_Prj\EWARM\DLGER_F407\Obj\startup_stm32f407xx.o"
#        "C:\Users\huyvu\OneDrive -
#        hcmut.edu.vn\Desktop\Do2\Firmware\DLGER_F407_July.5.2025\Thesis_Prj\EWARM\DLGER_F407\Obj\stm32f4xx_hal.o"
#        "C:\Users\huyvu\OneDrive -
#        hcmut.edu.vn\Desktop\Do2\Firmware\DLGER_F407_July.5.2025\Thesis_Prj\EWARM\DLGER_F407\Obj\stm32f4xx_hal_cortex.o"
#        "C:\Users\huyvu\OneDrive -
#        hcmut.edu.vn\Desktop\Do2\Firmware\DLGER_F407_July.5.2025\Thesis_Prj\EWARM\DLGER_F407\Obj\stm32f4xx_hal_dma.o"
#        "C:\Users\huyvu\OneDrive -
#        hcmut.edu.vn\Desktop\Do2\Firmware\DLGER_F407_July.5.2025\Thesis_Prj\EWARM\DLGER_F407\Obj\stm32f4xx_hal_dma_ex.o"
#        "C:\Users\huyvu\OneDrive -
#        hcmut.edu.vn\Desktop\Do2\Firmware\DLGER_F407_July.5.2025\Thesis_Prj\EWARM\DLGER_F407\Obj\stm32f4xx_hal_exti.o"
#        "C:\Users\huyvu\OneDrive -
#        hcmut.edu.vn\Desktop\Do2\Firmware\DLGER_F407_July.5.2025\Thesis_Prj\EWARM\DLGER_F407\Obj\stm32f4xx_hal_flash.o"
#        "C:\Users\huyvu\OneDrive -
#        hcmut.edu.vn\Desktop\Do2\Firmware\DLGER_F407_July.5.2025\Thesis_Prj\EWARM\DLGER_F407\Obj\stm32f4xx_hal_flash_ex.o"
#        "C:\Users\huyvu\OneDrive -
#        hcmut.edu.vn\Desktop\Do2\Firmware\DLGER_F407_July.5.2025\Thesis_Prj\EWARM\DLGER_F407\Obj\stm32f4xx_hal_flash_ramfunc.o"
#        "C:\Users\huyvu\OneDrive -
#        hcmut.edu.vn\Desktop\Do2\Firmware\DLGER_F407_July.5.2025\Thesis_Prj\EWARM\DLGER_F407\Obj\stm32f4xx_hal_gpio.o"
#        "C:\Users\huyvu\OneDrive -
#        hcmut.edu.vn\Desktop\Do2\Firmware\DLGER_F407_July.5.2025\Thesis_Prj\EWARM\DLGER_F407\Obj\stm32f4xx_hal_i2c.o"
#        "C:\Users\huyvu\OneDrive -
#        hcmut.edu.vn\Desktop\Do2\Firmware\DLGER_F407_July.5.2025\Thesis_Prj\EWARM\DLGER_F407\Obj\stm32f4xx_hal_i2c_ex.o"
#        "C:\Users\huyvu\OneDrive -
#        hcmut.edu.vn\Desktop\Do2\Firmware\DLGER_F407_July.5.2025\Thesis_Prj\EWARM\DLGER_F407\Obj\stm32f4xx_hal_msp.o"
#        "C:\Users\huyvu\OneDrive -
#        hcmut.edu.vn\Desktop\Do2\Firmware\DLGER_F407_July.5.2025\Thesis_Prj\EWARM\DLGER_F407\Obj\stm32f4xx_hal_pwr.o"
#        "C:\Users\huyvu\OneDrive -
#        hcmut.edu.vn\Desktop\Do2\Firmware\DLGER_F407_July.5.2025\Thesis_Prj\EWARM\DLGER_F407\Obj\stm32f4xx_hal_pwr_ex.o"
#        "C:\Users\huyvu\OneDrive -
#        hcmut.edu.vn\Desktop\Do2\Firmware\DLGER_F407_July.5.2025\Thesis_Prj\EWARM\DLGER_F407\Obj\stm32f4xx_hal_rcc.o"
#        "C:\Users\huyvu\OneDrive -
#        hcmut.edu.vn\Desktop\Do2\Firmware\DLGER_F407_July.5.2025\Thesis_Prj\EWARM\DLGER_F407\Obj\stm32f4xx_hal_rcc_ex.o"
#        "C:\Users\huyvu\OneDrive -
#        hcmut.edu.vn\Desktop\Do2\Firmware\DLGER_F407_July.5.2025\Thesis_Prj\EWARM\DLGER_F407\Obj\stm32f4xx_hal_spi.o"
#        "C:\Users\huyvu\OneDrive -
#        hcmut.edu.vn\Desktop\Do2\Firmware\DLGER_F407_July.5.2025\Thesis_Prj\EWARM\DLGER_F407\Obj\stm32f4xx_hal_tim.o"
#        "C:\Users\huyvu\OneDrive -
#        hcmut.edu.vn\Desktop\Do2\Firmware\DLGER_F407_July.5.2025\Thesis_Prj\EWARM\DLGER_F407\Obj\stm32f4xx_hal_tim_ex.o"
#        "C:\Users\huyvu\OneDrive -
#        hcmut.edu.vn\Desktop\Do2\Firmware\DLGER_F407_July.5.2025\Thesis_Prj\EWARM\DLGER_F407\Obj\stm32f4xx_hal_timebase_tim.o"
#        "C:\Users\huyvu\OneDrive -
#        hcmut.edu.vn\Desktop\Do2\Firmware\DLGER_F407_July.5.2025\Thesis_Prj\EWARM\DLGER_F407\Obj\stm32f4xx_hal_uart.o"
#        "C:\Users\huyvu\OneDrive -
#        hcmut.edu.vn\Desktop\Do2\Firmware\DLGER_F407_July.5.2025\Thesis_Prj\EWARM\DLGER_F407\Obj\stm32f4xx_it.o"
#        "C:\Users\huyvu\OneDrive -
#        hcmut.edu.vn\Desktop\Do2\Firmware\DLGER_F407_July.5.2025\Thesis_Prj\EWARM\DLGER_F407\Obj\syscall.o"
#        "C:\Users\huyvu\OneDrive -
#        hcmut.edu.vn\Desktop\Do2\Firmware\DLGER_F407_July.5.2025\Thesis_Prj\EWARM\DLGER_F407\Obj\system_stm32f4xx.o"
#        "C:\Users\huyvu\OneDrive -
#        hcmut.edu.vn\Desktop\Do2\Firmware\DLGER_F407_July.5.2025\Thesis_Prj\EWARM\DLGER_F407\Obj\uart_ctrl.o"
#        "C:\Users\huyvu\OneDrive -
#        hcmut.edu.vn\Desktop\Do2\Firmware\DLGER_F407_July.5.2025\Thesis_Prj\EWARM\DLGER_F407\Obj\UI_process.o"
#        "C:\Users\huyvu\OneDrive -
#        hcmut.edu.vn\Desktop\Do2\Firmware\DLGER_F407_July.5.2025\Thesis_Prj\EWARM\DLGER_F407\Obj\user_diskio.o"
#        --no_out_extension -o "C:\Users\huyvu\OneDrive -
#        hcmut.edu.vn\Desktop\Do2\Firmware\DLGER_F407_July.5.2025\Thesis_Prj\EWARM\DLGER_F407\Exe\DLGER_F407.out"
#        --redirect _Printf=_PrintfFullNoMb --redirect _Scanf=_ScanfFullNoMb
#        --map "C:\Users\huyvu\OneDrive -
#        hcmut.edu.vn\Desktop\Do2\Firmware\DLGER_F407_July.5.2025\Thesis_Prj\EWARM\DLGER_F407\List\DLGER_F407.map"
#        --config "C:\Users\huyvu\OneDrive -
#        hcmut.edu.vn\Desktop\Do2\Firmware\DLGER_F407_July.5.2025\Thesis_Prj\EWARM/stm32f407xx_flash.icf"
#        --semihosting --entry __iar_program_start --vfe --text_out locale)
#
###############################################################################

*******************************************************************************
*** RUNTIME MODEL ATTRIBUTES
***

CppFlavor       = *
__SystemLibrary = DLib
__dlib_version  = 6


*******************************************************************************
*** HEAP SELECTION
***

The basic heap was selected because no calls to memory allocation
functions were found in the application outside of system library
functions, and there are calls to deallocation functions in the
application.


*******************************************************************************
*** PLACEMENT SUMMARY
***

"A0":  place at address 0x800'0000 { ro section .intvec };
"P1":  place in [from 0x800'0000 to 0x80f'ffff] { ro };
define block CSTACK with size = 1K, alignment = 8 { };
define block HEAP with size = 512, alignment = 8 { };
"P2":  place in [from 0x2000'0000 to 0x2001'ffff] {
          rw, block CSTACK, block HEAP };
initialize by copy { rw };

  Section            Kind         Address    Size  Object
  -------            ----         -------    ----  ------
"A0":                                       0x188
  .intvec            ro code   0x800'0000   0x188  startup_stm32f407xx.o [1]
                             - 0x800'0188   0x188

"P1":                                      0x8f50
  .text              ro code   0x800'0188   0xfc6  xprintffull_nomb.o [2]
  .text              ro code   0x800'114e    0x3a  zero_init3.o [4]
  .text              ro code   0x800'1188    0x16  strchr.o [4]
  .text              ro code   0x800'119e    0x1e  xsscin.o [2]
  .text              ro code   0x800'11bc    0x40  xfail_s.o [2]
  .text              ro code   0x800'11fc    0x14  strlen_small.o [4]
  .text              ro code   0x800'1210    0x58  memchr.o [4]
  .text              ro code   0x800'1268    0x18  ABImemcpy_small.o [4]
  .text              ro code   0x800'1280    0x70  frexp.o [3]
  .text              ro code   0x800'12f0    0x2e  DblCmpLe.o [3]
  .text              ro code   0x800'131e    0x1a  xsnprout.o [2]
  .text              ro code   0x800'1338    0x2e  DblCmpGe.o [3]
  .text              ro code   0x800'1366     0xa  xsprout.o [2]
  .text              ro code   0x800'1370   0x13a  ldexp.o [3]
  .rodata            const     0x800'14aa     0x2  xlocale_c.o [2]
  .text              ro code   0x800'14ac    0x3a  DblToS32.o [3]
  .rodata            const     0x800'14e6     0x2  xlocale_c.o [2]
  .text              ro code   0x800'14e8    0x22  S32ToDbl.o [3]
  .rodata            const     0x800'150a     0x1  xlocale_c.o [2]
  .text              ro code   0x800'150c    0xe2  DblSub.o [3]
  .text              ro code   0x800'15f0   0x246  DblDiv.o [3]
  .text              ro code   0x800'1838    0x28  DblToU32.o [3]
  .text              ro code   0x800'1860    0x1a  U32ToDbl.o [3]
  .text              ro code   0x800'187c   0x1a2  DblMul.o [3]
  .text              ro code   0x800'1a20    0x4c  xlocale_c.o [2]
  .text              ro code   0x800'1a6c   0x106  I64DivMod_small.o [4]
  .text              ro code   0x800'1b72     0x6  abort.o [2]
  .text              ro code   0x800'1b78   0x17a  DblAdd.o [3]
  .text              ro code   0x800'1cf4     0x2  I64DivZer.o [4]
  .text              ro code   0x800'1cf8    0x14  exit.o [5]
  .text              ro code   0x800'1d0c   0xdbc  xscanffull_nomb.o [2]
  .text              ro code   0x800'2ac8    0x14  isspace.o [2]
  .text              ro code   0x800'2adc    0x14  isalpha.o [2]
  .text              ro code   0x800'2af0   0x4f0  strto64.o [3]
  .text              ro code   0x800'2fe0    0x68  DblToFlt.o [3]
  .text              ro code   0x800'3048   0x1b2  iar_Stoullx.o [2]
  .text              ro code   0x800'31fc    0xa6  iar_Stollx.o [2]
  .text              ro code   0x800'32a2   0x122  iar_Stopfx.o [2]
  .text              ro code   0x800'33c4   0x1b8  iar_Stoflt.o [2]
  .text              ro code   0x800'357c   0x208  iar_Stoxflt.o [2]
  .text              ro code   0x800'3784    0x14  tolower.o [2]
  .text              ro code   0x800'3798   0xce6  stm32f4xx_hal_i2c.o [1]
  .text              ro code   0x800'4480   0x264  stm32f4xx_hal_msp.o [1]
  .text              ro code   0x800'46e4   0x1e4  stm32f4xx_hal_rcc.o [1]
  .text              ro code   0x800'48c8     0xc  stm32f4xx_hal.o [1]
  .text              ro code   0x800'48d4   0x226  stm32f4xx_hal_gpio.o [1]
  .text              ro code   0x800'4afa    0x14  memset.o [4]
  .text              ro code   0x800'4b10    0x98  stm32f4xx_hal_cortex.o [1]
  .text              ro code   0x800'4ba8    0xa0  stm32f4xx_hal_timebase_tim.o [1]
  .text              ro code   0x800'4c48    0x66  ABImemset.o [4]
  .text              ro code   0x800'4cb0   0x2f6  stm32f4xx_hal_tim.o [1]
  .text              ro code   0x800'4fa6     0x2  stm32f4xx_hal_tim.o [1]
  .text              ro code   0x800'4fa8     0x2  stm32f4xx_hal_tim.o [1]
  .text              ro code   0x800'4fac   0xbfc  process.o [1]
  .text              ro code   0x800'5ba8     0x2  stm32f4xx_hal_tim_ex.o [1]
  .text              ro code   0x800'5baa     0x2  stm32f4xx_hal_tim.o [1]
  .text              ro code   0x800'5bac     0x2  stm32f4xx_hal_tim_ex.o [1]
  .text              ro code   0x800'5bae     0x2  stm32f4xx_hal_tim.o [1]
  .text              ro code   0x800'5bb0    0x34  stm32f4xx_hal.o [1]
  .text              ro code   0x800'5be4     0x6  ABImemclr4.o [4]
  .text              ro code   0x800'5bec   0x52c  stm32f4xx_hal_spi.o [1]
  .text              ro code   0x800'6118   0x6dc  stm32f4xx_hal_uart.o [1]
  .text              ro code   0x800'67f4    0x18  fatfs.o [1]
  .text              ro code   0x800'680c    0x28  stm32f4xx_hal.o [1]
  .text              ro code   0x800'6834   0x260  ads1115.o [1]
  .text              ro code   0x800'6a94    0xac  mcp23008.o [1]
  .text              ro code   0x800'6b40    0xbe  rtc.o [1]
  .text              ro code   0x800'6c00    0x68  24lc256.o [1]
  .text              ro code   0x800'6c68    0xd8  sht31.o [1]
  .text              ro code   0x800'6d40    0x44  snprintf.o [2]
  .text              ro code   0x800'6d84    0x48  FltToDbl.o [3]
  .text              ro code   0x800'6dcc    0x40  sprintf.o [2]
  .text              ro code   0x800'6e0c    0xb4  convert.o [1]
  .text              ro code   0x800'6ec0   0x31c  stm32f4xx_hal_rcc.o [1]
  .text              ro code   0x800'71dc    0x10  stm32f4xx_hal.o [1]
  .text              ro code   0x800'71ec    0x32  ABImemset48.o [4]
  .text              ro code   0x800'7220    0xc2  stm32f4xx_hal_dma.o [1]
  .text              ro code   0x800'72e2     0x2  stm32f4xx_hal_uart.o [1]
  .text              ro code   0x800'72e4     0x2  stm32f4xx_hal_uart.o [1]
  .text              ro code   0x800'72e6     0x2  stm32f4xx_hal_uart.o [1]
  .text              ro code   0x800'72e8   0x558  uart_ctrl.o [1]
  .text              ro code   0x800'7840    0x40  ff_gen_drv.o [1]
  .text              ro code   0x800'7880    0x28  strncmp.o [2]
  .text              ro code   0x800'78a8    0x28  sscanf.o [2]
  .text              ro code   0x800'78d0   0x570  fatfs_sd.o [1]
  .text              ro code   0x800'7e40   0x532  ILI9341_STM32_Driver.o [1]
  .text              ro code   0x800'8374   0x430  UI_process.o [1]
  .text              ro code   0x800'87a4    0xcc  ILI9341_GFX.o [1]
  .rodata            const     0x800'8870   0x240  ILI9341_GFX.o [1]
  .rodata            const     0x800'8ab0   0x12c  process.o [1]
  .text              ro code   0x800'8bdc    0x78  lz77_init_single.o [4]
  .rodata            const     0x800'8c54    0x50  iar_Stoullx.o [2]
  .text              ro code   0x800'8ca4    0x50  stm32f4xx_it.o [1]
  .rodata            const     0x800'8cf4    0x44  uart_ctrl.o [1]
  .rodata            const     0x800'8d38    0x48  strto64.o [3]
  .rodata            const     0x800'8d80    0x2c  UI_process.o [1]
  .rodata            const     0x800'8dac    0x28  xscanffull_nomb.o [2]
  .text              ro code   0x800'8dd4    0x28  data_init.o [4]
  .rodata            const     0x800'8dfc    0x24  uart_ctrl.o [1]
  .rodata            const     0x800'8e20    0x24  xscanffull_nomb.o [2]
  .text              ro code   0x800'8e44    0x22  fpinit_M.o [3]
  .iar.init_table    const     0x800'8e68    0x20  - Linker created -
  .text              ro code   0x800'8e88    0x20  system_stm32f4xx.o [1]
  .text              ro code   0x800'8ea8    0x1e  cmain.o [4]
  .text              ro code   0x800'8ec6     0x4  low_level_init.o [2]
  .text              ro code   0x800'8eca    0x14  main.o [1]
  .text              ro code   0x800'8ede     0x4  exit.o [2]
  .text              ro code   0x800'8ee4     0xa  cexit.o [4]
  .text              ro code   0x800'8eee    0x14  user_diskio.o [1]
  .text              ro code   0x800'8f04    0x10  startup_stm32f407xx.o [1]
  .text              ro code   0x800'8f14     0xc  cstartup_M.o [4]
  .rodata            const     0x800'8f20     0x8  system_stm32f4xx.o [1]
  .rodata            const     0x800'8f28     0x8  xprintffull_nomb.o [2]
  .text              ro code   0x800'8f30     0x4  startup_stm32f407xx.o [1]
  .text              ro code   0x800'8f34     0x4  startup_stm32f407xx.o [1]
  .text              ro code   0x800'8f38     0x4  startup_stm32f407xx.o [1]
  .text              ro code   0x800'8f3c     0x4  startup_stm32f407xx.o [1]
  .text              ro code   0x800'8f40     0x4  startup_stm32f407xx.o [1]
  .text              ro code   0x800'8f44     0x4  startup_stm32f407xx.o [1]
  .text              ro code   0x800'8f48     0x4  startup_stm32f407xx.o [1]
  .text              ro code   0x800'8f4c     0x4  startup_stm32f407xx.o [1]
  .text              ro code   0x800'8f50     0x4  startup_stm32f407xx.o [1]
  .text              ro code   0x800'8f54     0x4  startup_stm32f407xx.o [1]
  .text              ro code   0x800'8f58     0x4  startup_stm32f407xx.o [1]
  .text              ro code   0x800'8f5c     0x4  startup_stm32f407xx.o [1]
  .text              ro code   0x800'8f60     0x4  startup_stm32f407xx.o [1]
  .text              ro code   0x800'8f64     0x4  startup_stm32f407xx.o [1]
  .text              ro code   0x800'8f68     0x4  startup_stm32f407xx.o [1]
  .text              ro code   0x800'8f6c     0x4  startup_stm32f407xx.o [1]
  .text              ro code   0x800'8f70     0x4  startup_stm32f407xx.o [1]
  .text              ro code   0x800'8f74     0x4  startup_stm32f407xx.o [1]
  .text              ro code   0x800'8f78     0x4  startup_stm32f407xx.o [1]
  .text              ro code   0x800'8f7c     0x4  startup_stm32f407xx.o [1]
  .text              ro code   0x800'8f80     0x4  startup_stm32f407xx.o [1]
  .text              ro code   0x800'8f84     0x4  startup_stm32f407xx.o [1]
  .text              ro code   0x800'8f88     0x4  startup_stm32f407xx.o [1]
  .text              ro code   0x800'8f8c     0x4  startup_stm32f407xx.o [1]
  .text              ro code   0x800'8f90     0x4  startup_stm32f407xx.o [1]
  .text              ro code   0x800'8f94     0x4  startup_stm32f407xx.o [1]
  .text              ro code   0x800'8f98     0x4  startup_stm32f407xx.o [1]
  .text              ro code   0x800'8f9c     0x4  startup_stm32f407xx.o [1]
  .text              ro code   0x800'8fa0     0x4  startup_stm32f407xx.o [1]
  .text              ro code   0x800'8fa4     0x4  startup_stm32f407xx.o [1]
  .text              ro code   0x800'8fa8     0x4  startup_stm32f407xx.o [1]
  .text              ro code   0x800'8fac     0x4  startup_stm32f407xx.o [1]
  .text              ro code   0x800'8fb0     0x4  startup_stm32f407xx.o [1]
  .text              ro code   0x800'8fb4     0x4  startup_stm32f407xx.o [1]
  .text              ro code   0x800'8fb8     0x4  startup_stm32f407xx.o [1]
  .text              ro code   0x800'8fbc     0x4  startup_stm32f407xx.o [1]
  .text              ro code   0x800'8fc0     0x4  startup_stm32f407xx.o [1]
  .text              ro code   0x800'8fc4     0x4  startup_stm32f407xx.o [1]
  .text              ro code   0x800'8fc8     0x4  startup_stm32f407xx.o [1]
  .text              ro code   0x800'8fcc     0x4  startup_stm32f407xx.o [1]
  .text              ro code   0x800'8fd0     0x4  startup_stm32f407xx.o [1]
  .text              ro code   0x800'8fd4     0x4  startup_stm32f407xx.o [1]
  .text              ro code   0x800'8fd8     0x4  startup_stm32f407xx.o [1]
  .text              ro code   0x800'8fdc     0x4  startup_stm32f407xx.o [1]
  .text              ro code   0x800'8fe0     0x4  startup_stm32f407xx.o [1]
  .text              ro code   0x800'8fe4     0x4  startup_stm32f407xx.o [1]
  .text              ro code   0x800'8fe8     0x4  startup_stm32f407xx.o [1]
  .text              ro code   0x800'8fec     0x4  startup_stm32f407xx.o [1]
  .text              ro code   0x800'8ff0     0x4  startup_stm32f407xx.o [1]
  .text              ro code   0x800'8ff4     0x4  startup_stm32f407xx.o [1]
  .text              ro code   0x800'8ff8     0x4  startup_stm32f407xx.o [1]
  .text              ro code   0x800'8ffc     0x4  startup_stm32f407xx.o [1]
  .text              ro code   0x800'9000     0x4  startup_stm32f407xx.o [1]
  .text              ro code   0x800'9004     0x4  startup_stm32f407xx.o [1]
  .text              ro code   0x800'9008     0x4  startup_stm32f407xx.o [1]
  .text              ro code   0x800'900c     0x4  startup_stm32f407xx.o [1]
  .text              ro code   0x800'9010     0x4  startup_stm32f407xx.o [1]
  .text              ro code   0x800'9014     0x4  startup_stm32f407xx.o [1]
  .text              ro code   0x800'9018     0x4  startup_stm32f407xx.o [1]
  .text              ro code   0x800'901c     0x4  startup_stm32f407xx.o [1]
  .text              ro code   0x800'9020     0x4  startup_stm32f407xx.o [1]
  .text              ro code   0x800'9024     0x4  startup_stm32f407xx.o [1]
  .text              ro code   0x800'9028     0x4  startup_stm32f407xx.o [1]
  .text              ro code   0x800'902c     0x4  startup_stm32f407xx.o [1]
  .text              ro code   0x800'9030     0x4  startup_stm32f407xx.o [1]
  .text              ro code   0x800'9034     0x4  startup_stm32f407xx.o [1]
  .text              ro code   0x800'9038     0x4  startup_stm32f407xx.o [1]
  .text              ro code   0x800'903c     0x4  startup_stm32f407xx.o [1]
  .text              ro code   0x800'9040     0x4  startup_stm32f407xx.o [1]
  .text              ro code   0x800'9044     0x4  startup_stm32f407xx.o [1]
  .text              ro code   0x800'9048     0x4  startup_stm32f407xx.o [1]
  .text              ro code   0x800'904c     0x4  startup_stm32f407xx.o [1]
  .text              ro code   0x800'9050     0x4  startup_stm32f407xx.o [1]
  .text              ro code   0x800'9054     0x4  startup_stm32f407xx.o [1]
  .text              ro code   0x800'9058     0x4  startup_stm32f407xx.o [1]
  .rodata            const     0x800'905c     0x0  zero_init3.o [4]
  .rodata            const     0x800'905c     0x0  lz77_init_single.o [4]
  Initializer bytes  const     0x800'905c    0x7c  <for P2-1>
                             - 0x800'90d8  0x8f50

"P2", part 1 of 3:                          0x4d2
  P2-1                        0x2000'0000   0x4d2  <Init block>
    .data            inited   0x2000'0000    0x64  ads1115.o [1]
    .data            inited   0x2000'0064   0x14d  process.o [1]
    .data            inited   0x2000'01b4     0x8  process.o [1]
    .data            inited   0x2000'01bc   0x174  process.o [1]
    .data            inited   0x2000'0330     0xc  stm32f4xx_hal.o [1]
    .data            inited   0x2000'033c     0x4  system_stm32f4xx.o [1]
    .data            inited   0x2000'0340    0x6c  uart_ctrl.o [1]
    .data            inited   0x2000'03ac    0x88  UI_process.o [1]
    .data            inited   0x2000'0434    0x14  user_diskio.o [1]
    .data            inited   0x2000'0448    0x38  xlocale_c.o [2]
    .data            inited   0x2000'0480    0x48  xlocale_c.o [2]
    .data            inited   0x2000'04c8     0x6  fatfs_sd.o [1]
    .data            inited   0x2000'04ce     0x4  ILI9341_STM32_Driver.o [1]
                            - 0x2000'04d2   0x4d2

"P2", part 2 of 3:                          0x38c
  .bss               zero     0x2000'04d4   0x1f4  ILI9341_STM32_Driver.o [1]
  .bss               zero     0x2000'06c8    0xb0  process.o [1]
  .bss               zero     0x2000'0778    0x80  process.o [1]
  .bss               zero     0x2000'07f8    0x48  stm32f4xx_hal_timebase_tim.o [1]
  .bss               zero     0x2000'0840     0xc  ff_gen_drv.o [1]
  .bss               zero     0x2000'084c     0x8  fatfs.o [1]
  .bss               zero     0x2000'0854     0x4  rtc.o [1]
  .bss               zero     0x2000'0858     0x4  xfail_s.o [2]
  .bss               zero     0x2000'085c     0x2  fatfs_sd.o [1]
                            - 0x2000'085e   0x38a

"P2", part 3 of 3:                          0x400
  CSTACK                      0x2000'0860   0x400  <Block>
    CSTACK           uninit   0x2000'0860   0x400  <Block tail>
                            - 0x2000'0c60   0x400

Unused ranges:

         From           To      Size
         ----           --      ----
   0x800'90d8   0x80f'ffff  0xf'6f28
  0x2000'04d2  0x2000'04d3       0x2
  0x2000'0c60  0x2001'ffff  0x1'f3a0


*******************************************************************************
*** INIT TABLE
***

          Address      Size
          -------      ----
Zero (__iar_zero_init3)
    1 destination range, total size 0x38a:
          0x2000'04d4  0x38a

Copy/lz77 (__iar_lz77_init_single3)
    1 source range, total size 0x7c (10% of destination):
           0x800'905c   0x7c
    1 destination range, total size 0x4d2:
          0x2000'0000  0x4d2



*******************************************************************************
*** MODULE SUMMARY
***

    Module                        ro code  ro data  rw data
    ------                        -------  -------  -------
command line/config:
    -------------------------------------------------------
    Total:

C:\Users\huyvu\OneDrive - hcmut.edu.vn\Desktop\Do2\Firmware\DLGER_F407_July.5.2025\Thesis_Prj\EWARM\DLGER_F407\Obj: [1]
    24lc256.o                         104
    ILI9341_GFX.o                     204      576
    ILI9341_STM32_Driver.o          1'330        1      504
    UI_process.o                    1'072       58      136
    ads1115.o                         608       10      100
    convert.o                         180
    fatfs.o                            24                 8
    fatfs_sd.o                      1'392        1        8
    ff_gen_drv.o                       64                12
    main.o                             20
    mcp23008.o                        172
    process.o                       3'068      371    1'017
    rtc.o                             190                 4
    sht31.o                           216
    startup_stm32f407xx.o             708
    stm32f4xx_hal.o                   120        2       12
    stm32f4xx_hal_cortex.o            152
    stm32f4xx_hal_dma.o               194
    stm32f4xx_hal_gpio.o              550
    stm32f4xx_hal_i2c.o             3'302
    stm32f4xx_hal_msp.o               612
    stm32f4xx_hal_rcc.o             1'280
    stm32f4xx_hal_spi.o             1'324
    stm32f4xx_hal_tim.o               766
    stm32f4xx_hal_tim_ex.o              4
    stm32f4xx_hal_timebase_tim.o      160                72
    stm32f4xx_hal_uart.o            1'762
    stm32f4xx_it.o                     80
    system_stm32f4xx.o                 32        8        4
    uart_ctrl.o                     1'368      115      108
    user_diskio.o                      20        2       20
    -------------------------------------------------------
    Total:                         21'078    1'144    2'005

dl7M_tlf.a: [2]
    abort.o                             6
    exit.o                              4
    iar_Stoflt.o                      440
    iar_Stollx.o                      166
    iar_Stopfx.o                      290
    iar_Stoullx.o                     434       80
    iar_Stoxflt.o                     520
    isalpha.o                          20
    isspace.o                          20
    low_level_init.o                    4
    snprintf.o                         68
    sprintf.o                          64
    sscanf.o                           40
    strncmp.o                          40
    tolower.o                          20
    xfail_s.o                          64                 4
    xlocale_c.o                        76       17      128
    xprintffull_nomb.o              4'038        8
    xscanffull_nomb.o               3'516       76
    xsnprout.o                         26
    xsprout.o                          10
    xsscin.o                           30
    -------------------------------------------------------
    Total:                          9'896      181      132

m7M_tls.a: [3]
    DblAdd.o                          378
    DblCmpGe.o                         46
    DblCmpLe.o                         46
    DblDiv.o                          582
    DblMul.o                          418
    DblSub.o                          226
    DblToFlt.o                        104
    DblToS32.o                         58
    DblToU32.o                         40
    FltToDbl.o                         72
    S32ToDbl.o                         34
    U32ToDbl.o                         26
    fpinit_M.o                         34
    frexp.o                           112
    ldexp.o                           314
    strto64.o                       1'264       72
    -------------------------------------------------------
    Total:                          3'754       72

rt7M_tl.a: [4]
    ABImemclr4.o                        6
    ABImemcpy_small.o                  24
    ABImemset.o                       102
    ABImemset48.o                      50
    I64DivMod_small.o                 262
    I64DivZer.o                         2
    cexit.o                            10
    cmain.o                            30
    cstartup_M.o                       12
    data_init.o                        40
    lz77_init_single.o                120
    memchr.o                           88
    memset.o                           20
    strchr.o                           22
    strlen_small.o                     20
    zero_init3.o                       58
    -------------------------------------------------------
    Total:                            866

shb_l.a: [5]
    exit.o                             20
    -------------------------------------------------------
    Total:                             20

    Gaps                               35        2        3
    Linker created                              32    1'024
-----------------------------------------------------------
    Grand Total:                   35'649    1'431    3'164


*******************************************************************************
*** ENTRY LIST
***

Entry                       Address   Size  Type      Object
-----                       -------   ----  ----      ------
.iar.init_table$$Base    0x800'8e68          --   Gb  - Linker created -
.iar.init_table$$Limit   0x800'8e88          --   Gb  - Linker created -
?main                    0x800'8ea9         Code  Gb  cmain.o [4]
ADS1115_I2C_Handler     0x2000'0010   0x54  Data  Gb  ads1115.o [1]
ADS1115_Init_C0          0x800'6835   0x56  Code  Gb  ads1115.o [1]
ADS1115_Init_C1          0x800'688b   0x56  Code  Gb  ads1115.o [1]
ADS1115_config          0x2000'0000    0x2  Data  Gb  ads1115.o [1]
ADS1115_dataRate        0x2000'0006    0x2  Data  Gb  ads1115.o [1]
ADS1115_devAddress0     0x2000'0004    0x1  Data  Gb  ads1115.o [1]
ADS1115_devAddress1     0x2000'0005    0x1  Data  Gb  ads1115.o [1]
ADS1115_pga             0x2000'0008    0x2  Data  Gb  ads1115.o [1]
ADS1115_rawValue        0x2000'0002    0x2  Data  Gb  ads1115.o [1]
ADS1115_readSingleEnded_C0
                         0x800'6907   0x46  Code  Gb  ads1115.o [1]
ADS1115_readSingleEnded_C1
                         0x800'694d   0x46  Code  Gb  ads1115.o [1]
ADS1115_voltCoef        0x2000'000c    0x4  Data  Gb  ads1115.o [1]
AHBPrescTable            0x800'8e98   0x10  Data  Gb  system_stm32f4xx.o [1]
APBPrescTable            0x800'8f20    0x8  Data  Gb  system_stm32f4xx.o [1]
AddressCH               0x2000'01d0    0x2  Data  Gb  process.o [1]
BCD_to_Dec               0x800'6b41   0x10  Code  Lc  rtc.o [1]
BusFault_Handler         0x800'8cab    0x2  Code  Gb  stm32f4xx_it.o [1]
CSTACK$$Base            0x2000'0860          --   Gb  - Linker created -
CSTACK$$Limit           0x2000'0c60          --   Gb  - Linker created -
CardType                0x2000'04c9    0x1  Data  Lc  fatfs_sd.o [1]
ChanelSelect            0x2000'0343    0x1  Data  Gb  uart_ctrl.o [1]
Convert_To_Engineering_Value
                         0x800'6e0d   0xb4  Code  Gb  convert.o [1]
DESELECT                 0x800'78d7    0x4  Code  Lc  fatfs_sd.o [1]
Data_RX                 0x2000'0778   0x80  Data  Gb  process.o [1]
DebugMon_Handler         0x800'8cb1    0x2  Code  Gb  stm32f4xx_it.o [1]
Dtentox                  0x800'2bc5  0x234  Code  Lc  strto64.o [3]
EXTI15_10_IRQHandler     0x800'582d   0xec  Code  Gb  process.o [1]
EXTI9_5_IRQHandler       0x800'8cb7   0x14  Code  Gb  stm32f4xx_it.o [1]
Error_Handler            0x800'5a6d    0x4  Code  Gb  process.o [1]
FATFS_LinkDriver         0x800'7879    0x4  Code  Gb  ff_gen_drv.o [1]
FATFS_LinkDriverEx       0x800'7841   0x38  Code  Gb  ff_gen_drv.o [1]
HAL_DMA_Abort            0x800'7221   0x78  Code  Gb  stm32f4xx_hal_dma.o [1]
HAL_DMA_Abort_IT         0x800'7299   0x24  Code  Gb  stm32f4xx_hal_dma.o [1]
HAL_Delay                0x800'680d   0x28  Code  Wk  stm32f4xx_hal.o [1]
HAL_GPIO_EXTI_IRQHandler
                         0x800'4ab9   0x10  Code  Gb  stm32f4xx_hal_gpio.o [1]
HAL_GPIO_Init            0x800'48d5  0x1c0  Code  Gb  stm32f4xx_hal_gpio.o [1]
HAL_GPIO_ReadPin         0x800'4a95    0xc  Code  Gb  stm32f4xx_hal_gpio.o [1]
HAL_GPIO_TogglePin       0x800'4aa9   0x10  Code  Gb  stm32f4xx_hal_gpio.o [1]
HAL_GPIO_WritePin        0x800'4aa1    0x8  Code  Gb  stm32f4xx_hal_gpio.o [1]
HAL_GetTick              0x800'48c9    0xc  Code  Wk  stm32f4xx_hal.o [1]
HAL_I2C_Init             0x800'3799  0x12c  Code  Gb  stm32f4xx_hal_i2c.o [1]
HAL_I2C_IsDeviceReady    0x800'3fa5  0x112  Code  Gb  stm32f4xx_hal_i2c.o [1]
HAL_I2C_Master_Receive   0x800'39f7  0x1b2  Code  Gb  stm32f4xx_hal_i2c.o [1]
HAL_I2C_Master_Transmit
                         0x800'38d1  0x126  Code  Gb  stm32f4xx_hal_i2c.o [1]
HAL_I2C_Mem_Read         0x800'3d99  0x120  Code  Gb  stm32f4xx_hal_i2c.o [1]
HAL_I2C_Mem_Write        0x800'3c65   0xd0  Code  Gb  stm32f4xx_hal_i2c.o [1]
HAL_I2C_MspInit          0x800'44b5   0x5e  Code  Gb  stm32f4xx_hal_msp.o [1]
HAL_IncTick              0x800'71dd   0x10  Code  Wk  stm32f4xx_hal.o [1]
HAL_Init                 0x800'5bb1   0x30  Code  Gb  stm32f4xx_hal.o [1]
HAL_InitTick             0x800'4ba9   0x8a  Code  Gb  stm32f4xx_hal_timebase_tim.o [1]
HAL_MspInit              0x800'4481   0x34  Code  Gb  stm32f4xx_hal_msp.o [1]
HAL_NVIC_EnableIRQ       0x800'4b7f   0x16  Code  Gb  stm32f4xx_hal_cortex.o [1]
HAL_NVIC_SetPriority     0x800'4b45   0x3a  Code  Gb  stm32f4xx_hal_cortex.o [1]
HAL_NVIC_SetPriorityGrouping
                         0x800'4b2b   0x1a  Code  Gb  stm32f4xx_hal_cortex.o [1]
HAL_RCC_ClockConfig      0x800'46e5  0x100  Code  Gb  stm32f4xx_hal_rcc.o [1]
HAL_RCC_GetClockConfig   0x800'4815   0x36  Code  Gb  stm32f4xx_hal_rcc.o [1]
HAL_RCC_GetPCLK1Freq     0x800'47f1   0x10  Code  Gb  stm32f4xx_hal_rcc.o [1]
HAL_RCC_GetPCLK2Freq     0x800'4801    0xe  Code  Gb  stm32f4xx_hal_rcc.o [1]
HAL_RCC_OscConfig        0x800'6ec1  0x31c  Code  Wk  stm32f4xx_hal_rcc.o [1]
HAL_SPI_Init             0x800'5bed   0xb4  Code  Gb  stm32f4xx_hal_spi.o [1]
HAL_SPI_MspInit          0x800'4543   0x5c  Code  Gb  stm32f4xx_hal_msp.o [1]
HAL_SPI_Transmit         0x800'5ca1  0x130  Code  Gb  stm32f4xx_hal_spi.o [1]
HAL_SPI_TransmitReceive
                         0x800'5de5  0x1a4  Code  Gb  stm32f4xx_hal_spi.o [1]
HAL_TIMEx_BreakCallback
                         0x800'5ba9    0x2  Code  Wk  stm32f4xx_hal_tim_ex.o [1]
HAL_TIMEx_CommutCallback
                         0x800'5bad    0x2  Code  Wk  stm32f4xx_hal_tim_ex.o [1]
HAL_TIM_Base_Init        0x800'4cb1   0x1a  Code  Gb  stm32f4xx_hal_tim.o [1]
HAL_TIM_Base_Start_IT    0x800'4ccb   0x7c  Code  Gb  stm32f4xx_hal_tim.o [1]
HAL_TIM_IRQHandler       0x800'4d91  0x142  Code  Gb  stm32f4xx_hal_tim.o [1]
HAL_TIM_PeriodElapsedCallback
                         0x800'59f1    0xe  Code  Gb  process.o [1]
HAL_UART_IRQHandler      0x800'628b  0x26a  Code  Gb  stm32f4xx_hal_uart.o [1]
HAL_UART_Init            0x800'6119   0x1e  Code  Gb  stm32f4xx_hal_uart.o [1]
HAL_UART_MspInit         0x800'45ab   0xe2  Code  Gb  stm32f4xx_hal_msp.o [1]
HAL_UART_Receive_IT      0x800'623f   0x30  Code  Gb  stm32f4xx_hal_uart.o [1]
HAL_UART_RxCpltCallback
                         0x800'75f9   0x4c  Code  Gb  uart_ctrl.o [1]
HAL_UART_Transmit        0x800'618f   0xb0  Code  Gb  stm32f4xx_hal_uart.o [1]
HardFault_Handler        0x800'8ca7    0x2  Code  Gb  stm32f4xx_it.o [1]
I2C_IsAcknowledgeFailed
                         0x800'4453   0x2c  Code  Lc  stm32f4xx_hal_i2c.o [1]
I2C_RequestMemoryRead    0x800'41ab   0xae  Code  Lc  stm32f4xx_hal_i2c.o [1]
I2C_RequestMemoryWrite   0x800'410d   0x84  Code  Lc  stm32f4xx_hal_i2c.o [1]
I2C_WaitOnBTFFlagUntilTimeout
                         0x800'43c1   0x3a  Code  Lc  stm32f4xx_hal_i2c.o [1]
I2C_WaitOnFlagUntilTimeout
                         0x800'4299   0x50  Code  Lc  stm32f4xx_hal_i2c.o [1]
I2C_WaitOnMasterAddressFlagUntilTimeout
                         0x800'42e9   0x74  Code  Lc  stm32f4xx_hal_i2c.o [1]
I2C_WaitOnRXNEFlagUntilTimeout
                         0x800'43fb   0x44  Code  Lc  stm32f4xx_hal_i2c.o [1]
I2C_WaitOnTXEFlagUntilTimeout
                         0x800'436b   0x3a  Code  Lc  stm32f4xx_hal_i2c.o [1]
ILI9341_Draw_Char        0x800'87a5   0x90  Code  Gb  ILI9341_GFX.o [1]
ILI9341_Draw_Colour_Burst
                         0x800'818b   0x74  Code  Gb  ILI9341_STM32_Driver.o [1]
ILI9341_Draw_Colour_Burst::burst_buffer
                        0x2000'04d4  0x1f4  Data  Lc  ILI9341_STM32_Driver.o [1]
ILI9341_Draw_Pixel       0x800'821f   0xd8  Code  Gb  ILI9341_STM32_Driver.o [1]
ILI9341_Draw_Rectangle   0x800'830b   0x50  Code  Gb  ILI9341_STM32_Driver.o [1]
ILI9341_Draw_Text        0x800'8835   0x38  Code  Gb  ILI9341_GFX.o [1]
ILI9341_Fill_Screen      0x800'81ff   0x20  Code  Gb  ILI9341_STM32_Driver.o [1]
ILI9341_Init             0x800'7f7d  0x20a  Code  Gb  ILI9341_STM32_Driver.o [1]
ILI9341_Reset            0x800'7ef3   0x2c  Code  Gb  ILI9341_STM32_Driver.o [1]
ILI9341_SPI_Send         0x800'7e41    0xc  Code  Gb  ILI9341_STM32_Driver.o [1]
ILI9341_Set_Address      0x800'7ea5   0x4e  Code  Gb  ILI9341_STM32_Driver.o [1]
ILI9341_Set_Rotation     0x800'7f35   0x48  Code  Gb  ILI9341_STM32_Driver.o [1]
ILI9341_Write_Command    0x800'7e57   0x1a  Code  Gb  ILI9341_STM32_Driver.o [1]
ILI9341_Write_Data       0x800'7e71   0x18  Code  Gb  ILI9341_STM32_Driver.o [1]
Index                   0x2000'0342    0x1  Data  Gb  uart_ctrl.o [1]
LCD_HEIGHT              0x2000'04ce    0x2  Data  Gb  ILI9341_STM32_Driver.o [1]
LCD_WIDTH               0x2000'04d0    0x2  Data  Gb  ILI9341_STM32_Driver.o [1]
MCP23008_Init            0x800'6adf    0xa  Code  Gb  mcp23008.o [1]
MCP23008_PinMode         0x800'6aed   0x2a  Code  Gb  mcp23008.o [1]
MCP23008_PullUp          0x800'6b17   0x2a  Code  Gb  mcp23008.o [1]
MCP23008_ReadGPIO        0x800'6ae9    0x4  Code  Gb  mcp23008.o [1]
MCP23008_ReadRegister    0x800'6ab1   0x2e  Code  Lc  mcp23008.o [1]
MCP23008_WriteRegister   0x800'6a95   0x1c  Code  Lc  mcp23008.o [1]
MX_FATFS_Init            0x800'67f5   0x10  Code  Gb  fatfs.o [1]
MemManage_Handler        0x800'8ca9    0x2  Code  Gb  stm32f4xx_it.o [1]
NMI_Handler              0x800'8ca5    0x2  Code  Gb  stm32f4xx_it.o [1]
PendSV_Handler           0x800'8cb3    0x2  Code  Gb  stm32f4xx_it.o [1]
PowerFlag               0x2000'04ca    0x1  Data  Lc  fatfs_sd.o [1]
Process_Init             0x800'4fad  0x386  Code  Gb  process.o [1]
Process_Run              0x800'5361  0x450  Code  Gb  process.o [1]
RTC_GetTime              0x800'6b89   0x6a  Code  Gb  rtc.o [1]
RTC_Init                 0x800'6b7d    0x6  Code  Gb  rtc.o [1]
RTC_Read                 0x800'6b51   0x1c  Code  Lc  rtc.o [1]
Region$$Table$$Base      0x800'8e68          --   Gb  - Linker created -
Region$$Table$$Limit     0x800'8e88          --   Gb  - Linker created -
SD_PowerOn               0x800'796d   0x60  Code  Lc  fatfs_sd.o [1]
SD_ReadyWait             0x800'7951   0x1c  Code  Lc  fatfs_sd.o [1]
SD_RxDataBlock           0x800'79cd   0x42  Code  Lc  fatfs_sd.o [1]
SD_SendCmd               0x800'7a65   0x60  Code  Lc  fatfs_sd.o [1]
SD_TxDataBlock           0x800'7a0f   0x56  Code  Lc  fatfs_sd.o [1]
SD_disk_initialize       0x800'7ac5  0x114  Code  Gb  fatfs_sd.o [1]
SD_disk_ioctl            0x800'7d03  0x12e  Code  Gb  fatfs_sd.o [1]
SD_disk_read             0x800'7beb   0x70  Code  Gb  fatfs_sd.o [1]
SD_disk_status           0x800'7bdf    0xc  Code  Gb  fatfs_sd.o [1]
SD_disk_write            0x800'7c63   0x9a  Code  Gb  fatfs_sd.o [1]
SELECT                   0x800'78d1    0x6  Code  Lc  fatfs_sd.o [1]
SHT31_GetTempAndHumidity
                         0x800'6c9d   0x8a  Code  Gb  sht31.o [1]
SHT31_ReadData           0x800'6c87   0x14  Code  Gb  sht31.o [1]
SHT31_SendCommand1       0x800'6c69   0x1e  Code  Gb  sht31.o [1]
SPI_EndRxTxTransaction   0x800'60b3   0x50  Code  Lc  stm32f4xx_hal_spi.o [1]
SPI_RxByte               0x800'7921   0x22  Code  Lc  fatfs_sd.o [1]
SPI_TxBuffer             0x800'7901   0x20  Code  Lc  fatfs_sd.o [1]
SPI_TxByte               0x800'78ef   0x12  Code  Lc  fatfs_sd.o [1]
SPI_WaitFlagStateUntilTimeout
                         0x800'5ff3   0xb4  Code  Lc  stm32f4xx_hal_spi.o [1]
SVC_Handler              0x800'8caf    0x2  Code  Gb  stm32f4xx_it.o [1]
Stat                    0x2000'04c8    0x1  Data  Lc  fatfs_sd.o [1]
SysTick_Handler          0x800'8cb5    0x2  Code  Gb  stm32f4xx_it.o [1]
SystemClock_Config       0x800'5955   0x9c  Code  Gb  process.o [1]
SystemCoreClock         0x2000'033c    0x4  Data  Gb  system_stm32f4xx.o [1]
SystemInit               0x800'8e89    0xc  Code  Gb  system_stm32f4xx.o [1]
TIM4_IRQHandler          0x800'8ccb    0x6  Code  Gb  stm32f4xx_it.o [1]
TIM_Base_SetConfig       0x800'4ee1   0x96  Code  Gb  stm32f4xx_hal_tim.o [1]
Timer1                  0x2000'04cc    0x2  Data  Gb  fatfs_sd.o [1]
Timer2                  0x2000'085c    0x2  Data  Gb  fatfs_sd.o [1]
UART_DMAAbortOnError     0x800'664d    0xc  Code  Lc  stm32f4xx_hal_uart.o [1]
UART_EndRxTransfer       0x800'6603   0x2a  Code  Lc  stm32f4xx_hal_uart.o [1]
UART_Receive_IT          0x800'6659   0xaa  Code  Lc  stm32f4xx_hal_uart.o [1]
UART_SetConfig           0x800'672d   0xae  Code  Lc  stm32f4xx_hal_uart.o [1]
UART_Start_Receive_IT    0x800'65b1   0x3a  Code  Gb  stm32f4xx_hal_uart.o [1]
UART_WaitOnFlagUntilTimeout
                         0x800'651d   0x5e  Code  Lc  stm32f4xx_hal_uart.o [1]
UI_Process_Init          0x800'8375   0x16  Code  Gb  UI_process.o [1]
UI_Process_Run           0x800'838d  0x210  Code  Gb  UI_process.o [1]
USART1_IRQHandler        0x800'8cd1    0x6  Code  Gb  stm32f4xx_it.o [1]
USART2_IRQHandler        0x800'8cd7    0x6  Code  Gb  stm32f4xx_it.o [1]
USART3_IRQHandler        0x800'8cdd    0x6  Code  Gb  stm32f4xx_it.o [1]
USERPath                0x2000'0850    0x4  Data  Gb  fatfs.o [1]
USER_Driver             0x2000'0434   0x14  Data  Gb  user_diskio.o [1]
USER_initialize          0x800'8eef    0x4  Code  Gb  user_diskio.o [1]
USER_ioctl               0x800'8eff    0x4  Code  Gb  user_diskio.o [1]
USER_read                0x800'8ef7    0x4  Code  Gb  user_diskio.o [1]
USER_status              0x800'8ef3    0x4  Code  Gb  user_diskio.o [1]
USER_write               0x800'8efb    0x4  Code  Gb  user_diskio.o [1]
UsageFault_Handler       0x800'8cad    0x2  Code  Gb  stm32f4xx_it.o [1]
_Get                     0x800'1d0d   0x12  Code  Lc  xscanffull_nomb.o [2]
_GetN                    0x800'1d1f   0x22  Code  Lc  xscanffull_nomb.o [2]
_GetstrFullNoMb          0x800'28bd  0x1a2  Code  Lc  xscanffull_nomb.o [2]
_LitobFullNoMb           0x800'0f49  0x10a  Code  Lc  xprintffull_nomb.o [2]
_LocaleC_isalpha         0x800'1a27    0xc  Code  Gb  xlocale_c.o [2]
_LocaleC_islower         0x800'1a21    0x4  Code  Gb  xlocale_c.o [2]
_LocaleC_isspace         0x800'1a3d   0x14  Code  Gb  xlocale_c.o [2]
_LocaleC_isupper         0x800'1a25    0x2  Code  Gb  xlocale_c.o [2]
_LocaleC_tolower         0x800'1a51    0xc  Code  Gb  xlocale_c.o [2]
_Locale_lconv           0x2000'0448   0x38  Data  Lc  xlocale_c.o [2]
_PrintfFullNoMb          0x800'0189  0xd9c  Code  Gb  xprintffull_nomb.o [2]
_PutcharFullNoMb         0x800'10b9   0x20  Code  Lc  xprintffull_nomb.o [2]
_PutcharsFullNoMb        0x800'10d9   0x2e  Code  Lc  xprintffull_nomb.o [2]
_SNProut                 0x800'131f   0x1a  Code  Gb  xsnprout.o [2]
_SProut                  0x800'1367    0xa  Code  Gb  xsprout.o [2]
_SScin                   0x800'119f   0x1e  Code  Gb  xsscin.o [2]
_ScanfFullNoMb           0x800'1d5d  0xb02  Code  Gb  xscanffull_nomb.o [2]
_UngetN                  0x800'1d41   0x1a  Code  Lc  xscanffull_nomb.o [2]
__NVIC_SetPriority       0x800'4b11   0x1a  Code  Lc  stm32f4xx_hal_cortex.o [1]
__aeabi_cdcmple          0x800'12f1         Code  Gb  DblCmpLe.o [3]
__aeabi_cdrcmple         0x800'1339         Code  Gb  DblCmpGe.o [3]
__aeabi_d2f              0x800'2fe1         Code  Gb  DblToFlt.o [3]
__aeabi_d2iz             0x800'14ad         Code  Gb  DblToS32.o [3]
__aeabi_d2uiz            0x800'1839         Code  Gb  DblToU32.o [3]
__aeabi_dadd             0x800'1b79         Code  Gb  DblAdd.o [3]
__aeabi_ddiv             0x800'15f1         Code  Gb  DblDiv.o [3]
__aeabi_dmul             0x800'187d         Code  Gb  DblMul.o [3]
__aeabi_dsub             0x800'150d         Code  Gb  DblSub.o [3]
__aeabi_f2d              0x800'6d85         Code  Gb  FltToDbl.o [3]
__aeabi_i2d              0x800'14e9         Code  Gb  S32ToDbl.o [3]
__aeabi_ldiv0            0x800'1cf5         Code  Gb  I64DivZer.o [4]
__aeabi_memclr4          0x800'5be5         Code  Gb  ABImemclr4.o [4]
__aeabi_memset           0x800'4c49         Code  Gb  ABImemset.o [4]
__aeabi_ui2d             0x800'1861         Code  Gb  U32ToDbl.o [3]
__cmain                  0x800'8ea9         Code  Gb  cmain.o [4]
__exit                   0x800'1cf9   0x14  Code  Gb  exit.o [5]
__iar_Fail_s             0x800'11bd   0x1c  Code  Gb  xfail_s.o [2]
__iar_Memchr             0x800'1211         Code  Gb  memchr.o [4]
__iar_Memset             0x800'4c49         Code  Gb  ABImemset.o [4]
__iar_Memset4_word       0x800'71ed         Code  Gb  ABImemset48.o [4]
__iar_Memset8_word       0x800'71ed         Code  Gb  ABImemset48.o [4]
__iar_Memset_word        0x800'4c51         Code  Gb  ABImemset.o [4]
__iar_Sto64              0x800'2e09  0x194  Code  Gb  strto64.o [3]
__iar_Stoflt             0x800'33c5  0x1b8  Code  Gb  iar_Stoflt.o [2]
__iar_Stollx             0x800'31fd   0xa0  Code  Gb  iar_Stollx.o [2]
__iar_Stopfx             0x800'32a3  0x122  Code  Gb  iar_Stopfx.o [2]
__iar_Stoullx            0x800'3049  0x1a4  Code  Gb  iar_Stoullx.o [2]
__iar_Stoxflt            0x800'357d  0x1d2  Code  Gb  iar_Stoxflt.o [2]
__iar_Stoxflt::digits    0x800'3754   0x18  Data  Lc  iar_Stoxflt.o [2]
__iar_Stoxflt::vals      0x800'376c   0x18  Data  Lc  iar_Stoxflt.o [2]
__iar_Strchr             0x800'1189         Code  Gb  strchr.o [4]
__iar_dadd               0x800'151d         Code  Gb  DblSub.o [3]
__iar_data_init3         0x800'8dd5   0x28  Code  Gb  data_init.o [4]
__iar_dsub               0x800'1b89         Code  Gb  DblAdd.o [3]
__iar_dsubStart          0x800'1b9b         Code  Gb  DblAdd.o [3]
__iar_frexp              0x800'128d         Code  Gb  frexp.o [3]
__iar_frexpl             0x800'128d         Code  Gb  frexp.o [3]
__iar_globLocale        0x2000'0480   0x48  Data  Lc  xlocale_c.o [2]
__iar_global_Locale      0x800'1a5d    0x4  Code  Gb  xlocale_c.o [2]
__iar_init_vfp           0x800'8e45         Code  Gb  fpinit_M.o [3]
__iar_ldexp64            0x800'1371         Code  Gb  ldexp.o [3]
__iar_lz77_init_single3
                         0x800'8bdd   0x78  Code  Gb  lz77_init_single.o [4]
__iar_program_start      0x800'8f15         Code  Gb  cstartup_M.o [4]
__iar_scalbln64          0x800'1371         Code  Gb  ldexp.o [3]
__iar_scalbn64           0x800'1371         Code  Gb  ldexp.o [3]
__iar_small_Memcpy       0x800'126d         Code  Gb  ABImemcpy_small.o [4]
__iar_small_memcpy       0x800'1269         Code  Gb  ABImemcpy_small.o [4]
__iar_small_memcpy4      0x800'1269         Code  Gb  ABImemcpy_small.o [4]
__iar_small_memcpy8      0x800'1269         Code  Gb  ABImemcpy_small.o [4]
__iar_small_strlen       0x800'11fd         Code  Gb  strlen_small.o [4]
__iar_small_uldivmod     0x800'1a6d         Code  Gb  I64DivMod_small.o [4]
__iar_softfp___iar_frexp64
                         0x800'1281         Code  Gb  frexp.o [3]
__iar_softfp_frexp       0x800'1281         Code  Gb  frexp.o [3]
__iar_softfp_frexpl      0x800'1281         Code  Gb  frexp.o [3]
__iar_zero_init3         0x800'114f   0x3a  Code  Gb  zero_init3.o [4]
__low_level_init         0x800'8ec7    0x4  Code  Gb  low_level_init.o [2]
__vector_table           0x800'0000         Data  Gb  startup_stm32f407xx.o [1]
_call_main               0x800'8eb5         Code  Gb  cmain.o [4]
_exit                    0x800'8ee5         Code  Gb  cexit.o [4]
_main                    0x800'8ec3         Code  Gb  cmain.o [4]
abort                    0x800'1b73    0x6  Code  Gb  abort.o [2]
ads1115_read             0x800'6a17   0x6e  Code  Gb  ads1115.o [1]
bAnalogEnable           0x2000'01c2    0x1  Data  Gb  process.o [1]
bDataInProcess          0x2000'0341    0x1  Data  Lc  uart_ctrl.o [1]
bDigitalEnable          0x2000'01c4    0x1  Data  Gb  process.o [1]
bGPSEnable              0x2000'01c3    0x1  Data  Gb  process.o [1]
bIsConfig               0x2000'0344    0x1  Data  Gb  uart_ctrl.o [1]
bIsSelect               0x2000'0345    0x1  Data  Gb  uart_ctrl.o [1]
bLiveData               0x2000'01c1    0x1  Data  Gb  process.o [1]
bRTCEnable              0x2000'01c6    0x1  Data  Gb  process.o [1]
bStatusADC              0x2000'0340    0x1  Data  Gb  uart_ctrl.o [1]
bTempHumEnable          0x2000'01c5    0x1  Data  Gb  process.o [1]
buffer_lcd              0x2000'03b4   0x80  Data  Gb  UI_process.o [1]
date                    0x2000'01cc    0x1  Data  Gb  process.o [1]
day                     0x2000'022c    0x1  Data  Gb  process.o [1]
delayCounter            0x2000'01b8    0x4  Data  Gb  process.o [1]
digits                   0x800'8c7c   0x28  Data  Lc  iar_Stoullx.o [2]
disk                    0x2000'0840    0xc  Data  Gb  ff_gen_drv.o [1]
dmul                     0x800'2af1   0xd2  Code  Lc  strto64.o [3]
exit                     0x800'8edf    0x4  Code  Gb  exit.o [2]
font                     0x800'8870  0x240  Data  Lc  ILI9341_GFX.o [1]
fps                     0x2000'03ac    0x4  Data  Gb  UI_process.o [1]
gAddressGet             0x2000'0068    0x2  Data  Gb  process.o [1]
gBuffer                 0x2000'01bc    0x2  Data  Gb  process.o [1]
gBuffer1                0x2000'01be    0x2  Data  Gb  process.o [1]
gByte                   0x2000'01b0    0x1  Data  Gb  process.o [1]
gCheckInit              0x2000'0066    0x1  Data  Gb  process.o [1]
gCheckPin               0x2000'01c8    0x1  Data  Gb  process.o [1]
gCounter                0x2000'03b0    0x4  Data  Gb  UI_process.o [1]
gCounterSendEsp32       0x2000'01cf    0x1  Data  Gb  process.o [1]
gDigital                0x2000'0214   0x10  Data  Gb  process.o [1]
gGetData                0x2000'0064    0x2  Data  Gb  process.o [1]
gHighThresHold          0x2000'01e4   0x10  Data  Gb  process.o [1]
gHighThresHoldApply     0x2000'06d8   0x10  Data  Gb  process.o [1]
gHumidity               0x2000'0228    0x4  Data  Gb  process.o [1]
gLowThresHold           0x2000'01d4   0x10  Data  Gb  process.o [1]
gLowThresHoldApply      0x2000'06c8   0x10  Data  Gb  process.o [1]
gMessRespone            0x2000'0348   0x64  Data  Gb  uart_ctrl.o [1]
gSelectChADC            0x2000'01c0    0x1  Data  Gb  process.o [1]
gTemperature            0x2000'0224    0x4  Data  Gb  process.o [1]
g_voltage               0x2000'01f4   0x20  Data  Gb  process.o [1]
gpio_values             0x2000'01c7    0x1  Data  Gb  process.o [1]
hi2c1                   0x2000'00c4   0x54  Data  Gb  process.o [1]
hi2c2                   0x2000'0118   0x54  Data  Gb  process.o [1]
hours                   0x2000'01c9    0x1  Data  Gb  process.o [1]
hspi1                   0x2000'006c   0x58  Data  Gb  process.o [1]
htim4                   0x2000'07f8   0x48  Data  Gb  stm32f4xx_hal_timebase_tim.o [1]
huart1                  0x2000'016c   0x44  Data  Gb  process.o [1]
huart2                  0x2000'06e8   0x44  Data  Gb  process.o [1]
huart3                  0x2000'072c   0x44  Data  Gb  process.o [1]
identify_command         0x800'74b9  0x138  Code  Gb  uart_ctrl.o [1]
isalpha                  0x800'2add   0x14  Code  Gb  isalpha.o [2]
isspace                  0x800'2ac9   0x14  Code  Gb  isspace.o [2]
ldexp                    0x800'1371         Code  Gb  ldexp.o [3]
ldexpl                   0x800'1371         Code  Gb  ldexp.o [3]
localeconv               0x800'1a61    0x4  Code  Gb  xlocale_c.o [2]
main                     0x800'8ecb   0x14  Code  Gb  main.o [1]
mcp                     0x2000'0770    0x8  Data  Gb  process.o [1]
memchr                   0x800'1211         Code  Gb  memchr.o [4]
memset                   0x800'4afb   0x14  Code  Gb  memset.o [4]
minutes                 0x2000'01ca    0x1  Data  Gb  process.o [1]
month                   0x2000'01cd    0x1  Data  Gb  process.o [1]
ndigs                    0x800'8c54   0x28  Data  Lc  iar_Stoullx.o [2]
pows                     0x800'8d38   0x48  Data  Lc  strto64.o [3]
prj_eeprom_24lc256_read_bytes
                         0x800'6c37   0x2e  Code  Gb  24lc256.o [1]
prj_eeprom_24lc256_write_bytes
                         0x800'6c01   0x36  Code  Gb  24lc256.o [1]
ranmatch                 0x800'2879   0x42  Code  Lc  xscanffull_nomb.o [2]
retUSER                 0x2000'084c    0x1  Data  Gb  fatfs.o [1]
rtc_i2c                 0x2000'0854    0x4  Data  Lc  rtc.o [1]
scalbln                  0x800'1371         Code  Gb  ldexp.o [3]
scalblnl                 0x800'1371         Code  Gb  ldexp.o [3]
scalbn                   0x800'1371         Code  Gb  ldexp.o [3]
scalbnl                  0x800'1371         Code  Gb  ldexp.o [3]
scale                    0x800'1053   0x46  Code  Lc  xprintffull_nomb.o [2]
sec_hand                0x2000'0858    0x4  Data  Lc  xfail_s.o [2]
seconds                 0x2000'01cb    0x1  Data  Gb  process.o [1]
snprintf                 0x800'6d41   0x44  Code  Gb  snprintf.o [2]
sprintf                  0x800'6dcd   0x40  Code  Gb  sprintf.o [2]
sscanf                   0x800'78a9   0x28  Code  Gb  sscanf.o [2]
stateUSB                0x2000'01b5    0x1  Data  Gb  process.o [1]
strchr                   0x800'1189         Code  Gb  strchr.o [4]
strncmp                  0x800'7881   0x28  Code  Gb  strncmp.o [2]
strtoll                  0x800'329d    0x2  Code  Gb  iar_Stollx.o [2]
strtoull                 0x800'31f5    0x2  Code  Gb  iar_Stoullx.o [2]
systemState             0x2000'01b4    0x1  Data  Gb  process.o [1]
tolower                  0x800'3785   0x14  Code  Gb  tolower.o [2]
uart_buf_esp32          0x2000'0230  0x100  Data  Gb  process.o [1]
uart_handle_mess         0x800'7321  0x166  Code  Gb  uart_ctrl.o [1]
uart_proc_config         0x800'72e9   0x38  Code  Gb  uart_ctrl.o [1]
uwTick                  0x2000'0334    0x4  Data  Gb  stm32f4xx_hal.o [1]
uwTickFreq              0x2000'0330    0x1  Data  Gb  stm32f4xx_hal.o [1]
uwTickPrio              0x2000'0338    0x4  Data  Gb  stm32f4xx_hal.o [1]
year                    0x2000'01ce    0x1  Data  Gb  process.o [1]


[1] = C:\Users\huyvu\OneDrive - hcmut.edu.vn\Desktop\Do2\Firmware\DLGER_F407_July.5.2025\Thesis_Prj\EWARM\DLGER_F407\Obj
[2] = dl7M_tlf.a
[3] = m7M_tls.a
[4] = rt7M_tl.a
[5] = shb_l.a

  35'649 bytes of readonly  code memory
   1'431 bytes of readonly  data memory
   3'164 bytes of readwrite data memory

Errors: none
Warnings: none
